../Drivers/lvgl-master/examples/widgets/meter/../../../src/core/../misc/lv_color.h:718:26:lv_color_make	16	static
../Drivers/lvgl-master/examples/widgets/meter/../../../src/core/../misc/lv_color.h:822:26:lv_color_black	8	static
../Drivers/lvgl-master/examples/widgets/meter/../../../src/core/../core/lv_disp.h:390:34:lv_scr_act	8	static
../Drivers/lvgl-master/examples/widgets/meter/../../../src/core/lv_obj_pos.h:199:20:lv_obj_center	16	static
../Drivers/lvgl-master/examples/widgets/meter/lv_example_meter_4.c:7:6:lv_example_meter_4	48	static
