../Drivers/lvgl-master/examples/event/../../src/core/../misc/lv_color.h:343:20:lv_color16_set_int	16	static
../Drivers/lvgl-master/examples/event/../../src/core/../misc/lv_color.h:358:20:lv_color_set_int	16	static
../Drivers/lvgl-master/examples/event/../../src/core/../misc/lv_color.h:723:26:lv_color_hex	24	static
../Drivers/lvgl-master/examples/event/../../src/core/../core/lv_disp.h:390:34:lv_scr_act	8	static
../Drivers/lvgl-master/examples/event/../../src/core/lv_obj_pos.h:199:20:lv_obj_center	16	static
../Drivers/lvgl-master/examples/event/lv_example_event_4.c:8:13:timer_cb	16	static
../Drivers/lvgl-master/examples/event/lv_example_event_4.c:18:13:event_cb	96	static
../Drivers/lvgl-master/examples/event/lv_example_event_4.c:47:6:lv_example_event_4	16	static
