Archive member included to satisfy reference by file (symbol)

c:/st/stm32cubeide_1.12.1/stm32cubeide/plugins/com.st.stm32cube.ide.mcu.externaltools.gnu-tools-for-stm32.10.3-2021.10.win32_1.0.200.202301161003/tools/bin/../lib/gcc/arm-none-eabi/10.3.1/../../../../arm-none-eabi/lib/thumb/v7e-m+fp/hard\libc_nano.a(lib_a-errno.o)
                              ./Core/Src/syscalls.o (__errno)
c:/st/stm32cubeide_1.12.1/stm32cubeide/plugins/com.st.stm32cube.ide.mcu.externaltools.gnu-tools-for-stm32.10.3-2021.10.win32_1.0.200.202301161003/tools/bin/../lib/gcc/arm-none-eabi/10.3.1/../../../../arm-none-eabi/lib/thumb/v7e-m+fp/hard\libc_nano.a(lib_a-exit.o)
                              c:/st/stm32cubeide_1.12.1/stm32cubeide/plugins/com.st.stm32cube.ide.mcu.externaltools.gnu-tools-for-stm32.10.3-2021.10.win32_1.0.200.202301161003/tools/bin/../lib/gcc/arm-none-eabi/10.3.1/../../../../arm-none-eabi/lib/thumb/v7e-m+fp/hard/crt0.o (exit)
c:/st/stm32cubeide_1.12.1/stm32cubeide/plugins/com.st.stm32cube.ide.mcu.externaltools.gnu-tools-for-stm32.10.3-2021.10.win32_1.0.200.202301161003/tools/bin/../lib/gcc/arm-none-eabi/10.3.1/../../../../arm-none-eabi/lib/thumb/v7e-m+fp/hard\libc_nano.a(lib_a-impure.o)
                              c:/st/stm32cubeide_1.12.1/stm32cubeide/plugins/com.st.stm32cube.ide.mcu.externaltools.gnu-tools-for-stm32.10.3-2021.10.win32_1.0.200.202301161003/tools/bin/../lib/gcc/arm-none-eabi/10.3.1/../../../../arm-none-eabi/lib/thumb/v7e-m+fp/hard\libc_nano.a(lib_a-exit.o) (_global_impure_ptr)
c:/st/stm32cubeide_1.12.1/stm32cubeide/plugins/com.st.stm32cube.ide.mcu.externaltools.gnu-tools-for-stm32.10.3-2021.10.win32_1.0.200.202301161003/tools/bin/../lib/gcc/arm-none-eabi/10.3.1/../../../../arm-none-eabi/lib/thumb/v7e-m+fp/hard\libc_nano.a(lib_a-init.o)
                              c:/st/stm32cubeide_1.12.1/stm32cubeide/plugins/com.st.stm32cube.ide.mcu.externaltools.gnu-tools-for-stm32.10.3-2021.10.win32_1.0.200.202301161003/tools/bin/../lib/gcc/arm-none-eabi/10.3.1/../../../../arm-none-eabi/lib/thumb/v7e-m+fp/hard/crt0.o (__libc_init_array)
c:/st/stm32cubeide_1.12.1/stm32cubeide/plugins/com.st.stm32cube.ide.mcu.externaltools.gnu-tools-for-stm32.10.3-2021.10.win32_1.0.200.202301161003/tools/bin/../lib/gcc/arm-none-eabi/10.3.1/../../../../arm-none-eabi/lib/thumb/v7e-m+fp/hard\libc_nano.a(lib_a-malloc.o)
                              ./Drivers/GC9A01A_Driver/Src/GUI_Paint.o (malloc)
c:/st/stm32cubeide_1.12.1/stm32cubeide/plugins/com.st.stm32cube.ide.mcu.externaltools.gnu-tools-for-stm32.10.3-2021.10.win32_1.0.200.202301161003/tools/bin/../lib/gcc/arm-none-eabi/10.3.1/../../../../arm-none-eabi/lib/thumb/v7e-m+fp/hard\libc_nano.a(lib_a-memcpy-stub.o)
                              ./Drivers/GC9A01A_Driver/Src/GUI_Paint.o (memcpy)
c:/st/stm32cubeide_1.12.1/stm32cubeide/plugins/com.st.stm32cube.ide.mcu.externaltools.gnu-tools-for-stm32.10.3-2021.10.win32_1.0.200.202301161003/tools/bin/../lib/gcc/arm-none-eabi/10.3.1/../../../../arm-none-eabi/lib/thumb/v7e-m+fp/hard\libc_nano.a(lib_a-memset.o)
                              c:/st/stm32cubeide_1.12.1/stm32cubeide/plugins/com.st.stm32cube.ide.mcu.externaltools.gnu-tools-for-stm32.10.3-2021.10.win32_1.0.200.202301161003/tools/bin/../lib/gcc/arm-none-eabi/10.3.1/../../../../arm-none-eabi/lib/thumb/v7e-m+fp/hard/crt0.o (memset)
c:/st/stm32cubeide_1.12.1/stm32cubeide/plugins/com.st.stm32cube.ide.mcu.externaltools.gnu-tools-for-stm32.10.3-2021.10.win32_1.0.200.202301161003/tools/bin/../lib/gcc/arm-none-eabi/10.3.1/../../../../arm-none-eabi/lib/thumb/v7e-m+fp/hard\libc_nano.a(lib_a-nano-freer.o)
                              c:/st/stm32cubeide_1.12.1/stm32cubeide/plugins/com.st.stm32cube.ide.mcu.externaltools.gnu-tools-for-stm32.10.3-2021.10.win32_1.0.200.202301161003/tools/bin/../lib/gcc/arm-none-eabi/10.3.1/../../../../arm-none-eabi/lib/thumb/v7e-m+fp/hard\libc_nano.a(lib_a-malloc.o) (_free_r)
c:/st/stm32cubeide_1.12.1/stm32cubeide/plugins/com.st.stm32cube.ide.mcu.externaltools.gnu-tools-for-stm32.10.3-2021.10.win32_1.0.200.202301161003/tools/bin/../lib/gcc/arm-none-eabi/10.3.1/../../../../arm-none-eabi/lib/thumb/v7e-m+fp/hard\libc_nano.a(lib_a-nano-mallocr.o)
                              c:/st/stm32cubeide_1.12.1/stm32cubeide/plugins/com.st.stm32cube.ide.mcu.externaltools.gnu-tools-for-stm32.10.3-2021.10.win32_1.0.200.202301161003/tools/bin/../lib/gcc/arm-none-eabi/10.3.1/../../../../arm-none-eabi/lib/thumb/v7e-m+fp/hard\libc_nano.a(lib_a-malloc.o) (_malloc_r)
c:/st/stm32cubeide_1.12.1/stm32cubeide/plugins/com.st.stm32cube.ide.mcu.externaltools.gnu-tools-for-stm32.10.3-2021.10.win32_1.0.200.202301161003/tools/bin/../lib/gcc/arm-none-eabi/10.3.1/../../../../arm-none-eabi/lib/thumb/v7e-m+fp/hard\libc_nano.a(lib_a-printf.o)
                              ./Drivers/GC9A01A_Driver/Src/GUI_Paint.o (printf)
[...]
Memory Configuration

Name             Origin             Length             Attributes
RAM              0x0000000020000000 0x0000000000020000 xrw
FLASH            0x0000000008000000 0x0000000000080000 xr
*default*        0x0000000000000000 0xffffffffffffffff

Linker script and memory map

LOAD c:/st/stm32cubeide_1.12.1/stm32cubeide/plugins/com.st.stm32cube.ide.mcu.externaltools.gnu-tools-for-stm32.10.3-2021.10.win32_1.0.200.202301161003/tools/bin/../lib/gcc/arm-none-eabi/10.3.1/thumb/v7e-m+fp/hard/crti.o
LOAD c:/st/stm32cubeide_1.12.1/stm32cubeide/plugins/com.st.stm32cube.ide.mcu.externaltools.gnu-tools-for-stm32.10.3-2021.10.win32_1.0.200.202301161003/tools/bin/../lib/gcc/arm-none-eabi/10.3.1/thumb/v7e-m+fp/hard/crtbegin.o
LOAD c:/st/stm32cubeide_1.12.1/stm32cubeide/plugins/com.st.stm32cube.ide.mcu.externaltools.gnu-tools-for-stm32.10.3-2021.10.win32_1.0.200.202301161003/tools/bin/../lib/gcc/arm-none-eabi/10.3.1/../../../../arm-none-eabi/lib/thumb/v7e-m+fp/hard/crt0.o
LOAD ./Core/Src/gpio.o
LOAD ./Core/Src/main.o
LOAD ./Core/Src/spi.o
LOAD ./Core/Src/stm32f4xx_hal_msp.o
LOAD ./Core/Src/stm32f4xx_it.o
LOAD ./Core/Src/syscalls.o
LOAD ./Core/Src/sysmem.o
LOAD ./Core/Src/system_stm32f4xx.o
LOAD ./Core/Src/tim.o
LOAD ./Core/Src/usart.o
LOAD ./Core/Startup/startup_stm32f446retx.o
LOAD ./Drivers/GC9A01A_Driver/Src/DEV_Config.o
LOAD ./Drivers/GC9A01A_Driver/Src/GUI_Paint.o
LOAD ./Drivers/GC9A01A_Driver/Src/LCD_0in96.o
LOAD ./Drivers/GC9A01A_Driver/Src/LCD_0inch96_test.o
LOAD ./Drivers/GC9A01A_Driver/Src/LCD_1in14.o
LOAD ./Drivers/GC9A01A_Driver/Src/LCD_1in3.o
LOAD ./Drivers/GC9A01A_Driver/Src/LCD_1in54.o
LOAD ./Drivers/GC9A01A_Driver/Src/LCD_1in8.o
LOAD ./Drivers/GC9A01A_Driver/Src/LCD_1inch14_test.o
LOAD ./Drivers/GC9A01A_Driver/Src/LCD_1inch28.o
LOAD ./Drivers/GC9A01A_Driver/Src/LCD_1inch28_test.o
LOAD ./Drivers/GC9A01A_Driver/Src/LCD_1inch3_test.o
LOAD ./Drivers/GC9A01A_Driver/Src/LCD_1inch54_test.o
LOAD ./Drivers/GC9A01A_Driver/Src/LCD_1inch8_test.o
LOAD ./Drivers/GC9A01A_Driver/Src/LCD_2inch.o
LOAD ./Drivers/GC9A01A_Driver/Src/LCD_2inch4.o
LOAD ./Drivers/GC9A01A_Driver/Src/LCD_2inch4_test.o
LOAD ./Drivers/GC9A01A_Driver/Src/LCD_2inch_test.o
LOAD ./Drivers/GC9A01A_Driver/Src/font12.o
LOAD ./Drivers/GC9A01A_Driver/Src/font12CN.o
LOAD ./Drivers/GC9A01A_Driver/Src/font16.o
LOAD ./Drivers/GC9A01A_Driver/Src/font20.o
LOAD ./Drivers/GC9A01A_Driver/Src/font24.o
LOAD ./Drivers/GC9A01A_Driver/Src/font24CN.o
LOAD ./Drivers/GC9A01A_Driver/Src/font8.o
LOAD ./Drivers/GC9A01A_Driver/Src/image.o
LOAD ./Drivers/STM32F4xx_HAL_Driver/Src/stm32f4xx_hal.o
LOAD ./Drivers/STM32F4xx_HAL_Driver/Src/stm32f4xx_hal_cortex.o
LOAD ./Drivers/STM32F4xx_HAL_Driver/Src/stm32f4xx_hal_dma.o
LOAD ./Drivers/STM32F4xx_HAL_Driver/Src/stm32f4xx_hal_dma_ex.o
LOAD ./Drivers/STM32F4xx_HAL_Driver/Src/stm32f4xx_hal_exti.o
LOAD ./Drivers/STM32F4xx_HAL_Driver/Src/stm32f4xx_hal_flash.o
LOAD ./Drivers/STM32F4xx_HAL_Driver/Src/stm32f4xx_hal_flash_ex.o
LOAD ./Drivers/STM32F4xx_HAL_Driver/Src/stm32f4xx_hal_flash_ramfunc.o
LOAD ./Drivers/STM32F4xx_HAL_Driver/Src/stm32f4xx_hal_gpio.o
LOAD ./Drivers/STM32F4xx_HAL_Driver/Src/stm32f4xx_hal_pwr.o
LOAD ./Drivers/STM32F4xx_HAL_Driver/Src/stm32f4xx_hal_pwr_ex.o
LOAD ./Drivers/STM32F4xx_HAL_Driver/Src/stm32f4xx_hal_rcc.o
LOAD ./Drivers/STM32F4xx_HAL_Driver/Src/stm32f4xx_hal_rcc_ex.o
LOAD ./Drivers/STM32F4xx_HAL_Driver/Src/stm32f4xx_hal_spi.o
LOAD ./Drivers/STM32F4xx_HAL_Driver/Src/stm32f4xx_hal_tim.o
LOAD ./Drivers/STM32F4xx_HAL_Driver/Src/stm32f4xx_hal_tim_ex.o
LOAD ./Drivers/STM32F4xx_HAL_Driver/Src/stm32f4xx_hal_uart.o
START GROUP
LOAD c:/st/stm32cubeide_1.12.1/stm32cubeide/plugins/com.st.stm32cube.ide.mcu.externaltools.gnu-tools-for-stm32.10.3-2021.10.win32_1.0.200.202301161003/tools/bin/../lib/gcc/arm-none-eabi/10.3.1/../../../../arm-none-eabi/lib/thumb/v7e-m+fp/hard\libc_nano.a
LOAD c:/st/stm32cubeide_1.12.1/stm32cubeide/plugins/com.st.stm32cube.ide.mcu.externaltools.gnu-tools-for-stm32.10.3-2021.10.win32_1.0.200.202301161003/tools/bin/../lib/gcc/arm-none-eabi/10.3.1/../../../../arm-none-eabi/lib/thumb/v7e-m+fp/hard\libm.a
END GROUP
START GROUP
LOAD c:/st/stm32cubeide_1.12.1/stm32cubeide/plugins/com.st.stm32cube.ide.mcu.externaltools.gnu-tools-for-stm32.10.3-2021.10.win32_1.0.200.202301161003/tools/bin/../lib/gcc/arm-none-eabi/10.3.1/thumb/v7e-m+fp/hard\libgcc.a
LOAD c:/st/stm32cubeide_1.12.1/stm32cubeide/plugins/com.st.stm32cube.ide.mcu.externaltools.gnu-tools-for-stm32.10.3-2021.10.win32_1.0.200.202301161003/tools/bin/../lib/gcc/arm-none-eabi/10.3.1/../../../../arm-none-eabi/lib/thumb/v7e-m+fp/hard\libc_nano.a
END GROUP
START GROUP
LOAD c:/st/stm32cubeide_1.12.1/stm32cubeide/plugins/com.st.stm32cube.ide.mcu.externaltools.gnu-tools-for-stm32.10.3-2021.10.win32_1.0.200.202301161003/tools/bin/../lib/gcc/arm-none-eabi/10.3.1/thumb/v7e-m+fp/hard\libgcc.a
LOAD c:/st/stm32cubeide_1.12.1/stm32cubeide/plugins/com.st.stm32cube.ide.mcu.externaltools.gnu-tools-for-stm32.10.3-2021.10.win32_1.0.200.202301161003/tools/bin/../lib/gcc/arm-none-eabi/10.3.1/../../../../arm-none-eabi/lib/thumb/v7e-m+fp/hard\libc_nano.a
LOAD c:/st/stm32cubeide_1.12.1/stm32cubeide/plugins/com.st.stm32cube.ide.mcu.externaltools.gnu-tools-for-stm32.10.3-2021.10.win32_1.0.200.202301161003/tools/bin/../lib/gcc/arm-none-eabi/10.3.1/../../../../arm-none-eabi/lib/thumb/v7e-m+fp/hard\libnosys.a
END GROUP
START GROUP
LOAD c:/st/stm32cubeide_1.12.1/stm32cubeide/plugins/com.st.stm32cube.ide.mcu.externaltools.gnu-tools-for-stm32.10.3-2021.10.win32_1.0.200.202301161003/tools/bin/../lib/gcc/arm-none-eabi/10.3.1/thumb/v7e-m+fp/hard\libgcc.a
LOAD c:/st/stm32cubeide_1.12.1/stm32cubeide/plugins/com.st.stm32cube.ide.mcu.externaltools.gnu-tools-for-stm32.10.3-2021.10.win32_1.0.200.202301161003/tools/bin/../lib/gcc/arm-none-eabi/10.3.1/../../../../arm-none-eabi/lib/thumb/v7e-m+fp/hard\libc_nano.a
LOAD c:/st/stm32cubeide_1.12.1/stm32cubeide/plugins/com.st.stm32cube.ide.mcu.externaltools.gnu-tools-for-stm32.10.3-2021.10.win32_1.0.200.202301161003/tools/bin/../lib/gcc/arm-none-eabi/10.3.1/../../../../arm-none-eabi/lib/thumb/v7e-m+fp/hard\libnosys.a
END GROUP
LOAD c:/st/stm32cubeide_1.12.1/stm32cubeide/plugins/com.st.stm32cube.ide.mcu.externaltools.gnu-tools-for-stm32.10.3-2021.10.win32_1.0.200.202301161003/tools/bin/../lib/gcc/arm-none-eabi/10.3.1/thumb/v7e-m+fp/hard/crtend.o
LOAD c:/st/stm32cubeide_1.12.1/stm32cubeide/plugins/com.st.stm32cube.ide.mcu.externaltools.gnu-tools-for-stm32.10.3-2021.10.win32_1.0.200.202301161003/tools/bin/../lib/gcc/arm-none-eabi/10.3.1/thumb/v7e-m+fp/hard/crtn.o
                0x0000000020020000                _estack = (ORIGIN (RAM) + LENGTH (RAM))
                0x0000000000000200                _Min_Heap_Size = 0x200
                0x0000000000000400                _Min_Stack_Size = 0x400

.isr_vector     0x0000000008000000      0x1c4
                0x0000000008000000                . = ALIGN (0x4)
 *(.isr_vector)
 .isr_vector    0x0000000008000000      0x1c4 ./Core/Startup/startup_stm32f446retx.o
                0x0000000008000000                g_pfnVectors
                0x00000000080001c4                . = ALIGN (0x4)

.text           0x00000000080001d0     0x59e4
                0x00000000080001d0                . = ALIGN (0x4)
 *(.text)
 .text          0x00000000080001d0       0x40 c:/st/stm32cubeide_1.12.1/stm32cubeide/plugins/com.st.stm32cube.ide.mcu.externaltools.gnu-tools-for-stm32.10.3-2021.10.win32_1.0.200.202301161003/tools/bin/../lib/gcc/arm-none-eabi/10.3.1/thumb/v7e-m+fp/hard/crtbegin.o
 .text          0x0000000008000210       0xa0 c:/st/stm32cubeide_1.12.1/stm32cubeide/plugins/com.st.stm32cube.ide.mcu.externaltools.gnu-tools-for-stm32.10.3-2021.10.win32_1.0.200.202301161003/tools/bin/../lib/gcc/arm-none-eabi/10.3.1/../../../../arm-none-eabi/lib/thumb/v7e-m+fp/hard\libc_nano.a(lib_a-memchr.o)
                0x0000000008000210                memchr
 .text          0x00000000080002b0       0x30 c:/st/stm32cubeide_1.12.1/stm32cubeide/plugins/com.st.stm32cube.ide.mcu.externaltools.gnu-tools-for-stm32.10.3-2021.10.win32_1.0.200.202301161003/tools/bin/../lib/gcc/arm-none-eabi/10.3.1/thumb/v7e-m+fp/hard\libgcc.a(_aeabi_uldivmod.o)
                0x00000000080002b0                __aeabi_uldivmod
 .text          0x00000000080002e0      0x2d0 c:/st/stm32cubeide_1.12.1/stm32cubeide/plugins/com.st.stm32cube.ide.mcu.externaltools.gnu-tools-for-stm32.10.3-2021.10.win32_1.0.200.202301161003/tools/bin/../lib/gcc/arm-none-eabi/10.3.1/thumb/v7e-m+fp/hard\libgcc.a(_udivmoddi4.o)
                0x00000000080002e0                __udivmoddi4
 .text          0x00000000080005b0        0x4 c:/st/stm32cubeide_1.12.1/stm32cubeide/plugins/com.st.stm32cube.ide.mcu.externaltools.gnu-tools-for-stm32.10.3-2021.10.win32_1.0.200.202301161003/tools/bin/../lib/gcc/arm-none-eabi/10.3.1/thumb/v7e-m+fp/hard\libgcc.a(_dvmd_tls.o)
                0x00000000080005b0                __aeabi_idiv0
                0x00000000080005b0                __aeabi_ldiv0
 *(.text*)
 .text.MX_GPIO_Init
                0x00000000080005b4      0x10c ./Core/Src/gpio.o
                0x00000000080005b4                MX_GPIO_Init
 .text.main     0x00000000080006c0       0x22 ./Core/Src/main.o
                0x00000000080006c0                main
 *fill*         0x00000000080006e2        0x2 
 .text.SystemClock_Config
                0x00000000080006e4       0xdc ./Core/Src/main.o
                0x00000000080006e4                SystemClock_Config
 .text.Error_Handler
                0x00000000080007c0        0xa ./Core/Src/main.o
                0x00000000080007c0                Error_Handler
 *fill*         0x00000000080007ca        0x2 
 .text.MX_SPI1_Init
                0x00000000080007cc       0x6c ./Core/Src/spi.o
                0x00000000080007cc                MX_SPI1_Init
 .text.HAL_SPI_MspInit
                0x0000000008000838       0x90 ./Core/Src/spi.o
                0x0000000008000838                HAL_SPI_MspInit
 .text.HAL_MspInit
                0x00000000080008c8       0x50 ./Core/Src/stm32f4xx_hal_msp.o
                0x00000000080008c8                HAL_MspInit
 .text.NMI_Handler
                0x0000000008000918        0x6 ./Core/Src/stm32f4xx_it.o
                0x0000000008000918                NMI_Handler
 .text.HardFault_Handler
                0x000000000800091e        0x6 ./Core/Src/stm32f4xx_it.o
                0x000000000800091e                HardFault_Handler
 .text.MemManage_Handler
                0x0000000008000924        0x6 ./Core/Src/stm32f4xx_it.o
                0x0000000008000924                MemManage_Handler
 .text.BusFault_Handler
                0x000000000800092a        0x6 ./Core/Src/stm32f4xx_it.o
                0x000000000800092a                BusFault_Handler
 .text.UsageFault_Handler
                0x0000000008000930        0x6 ./Core/Src/stm32f4xx_it.o
                0x0000000008000930                UsageFault_Handler
 .text.SVC_Handler
                0x0000000008000936        0xe ./Core/Src/stm32f4xx_it.o
                0x0000000008000936                SVC_Handler
 .text.DebugMon_Handler
                0x0000000008000944        0xe ./Core/Src/stm32f4xx_it.o
                0x0000000008000944                DebugMon_Handler
 .text.PendSV_Handler
                0x0000000008000952        0xe ./Core/Src/stm32f4xx_it.o
                0x0000000008000952                PendSV_Handler
 .text.SysTick_Handler
                0x0000000008000960        0xc ./Core/Src/stm32f4xx_it.o
                0x0000000008000960                SysTick_Handler
 .text._read    0x000000000800096c       0x3a ./Core/Src/syscalls.o
                0x000000000800096c                _read
 .text._write   0x00000000080009a6       0x38 ./Core/Src/syscalls.o
                0x00000000080009a6                _write
 .text._close   0x00000000080009de       0x18 ./Core/Src/syscalls.o
                0x00000000080009de                _close
 .text._fstat   0x00000000080009f6       0x20 ./Core/Src/syscalls.o
                0x00000000080009f6                _fstat
 .text._isatty  0x0000000008000a16       0x16 ./Core/Src/syscalls.o
                0x0000000008000a16                _isatty
 .text._lseek   0x0000000008000a2c       0x1a ./Core/Src/syscalls.o
                0x0000000008000a2c                _lseek
 *fill*         0x0000000008000a46        0x2 
 .text._sbrk    0x0000000008000a48       0x6c ./Core/Src/sysmem.o
                0x0000000008000a48                _sbrk
 .text.SystemInit
                0x0000000008000ab4       0x24 ./Core/Src/system_stm32f4xx.o
                0x0000000008000ab4                SystemInit
 .text.MX_TIM3_Init
                0x0000000008000ad8       0xb4 ./Core/Src/tim.o
                0x0000000008000ad8                MX_TIM3_Init
 .text.HAL_TIM_PWM_MspInit
                0x0000000008000b8c       0x44 ./Core/Src/tim.o
                0x0000000008000b8c                HAL_TIM_PWM_MspInit
 .text.HAL_TIM_MspPostInit
                0x0000000008000bd0       0x74 ./Core/Src/tim.o
                0x0000000008000bd0                HAL_TIM_MspPostInit
 .text.MX_USART2_UART_Init
                0x0000000008000c44       0x54 ./Core/Src/usart.o
                0x0000000008000c44                MX_USART2_UART_Init
 .text.HAL_UART_MspInit
                0x0000000008000c98       0x90 ./Core/Src/usart.o
                0x0000000008000c98                HAL_UART_MspInit
 .text.Reset_Handler
                0x0000000008000d28       0x50 ./Core/Startup/startup_stm32f446retx.o
                0x0000000008000d28                Reset_Handler
 .text.Default_Handler
                0x0000000008000d78        0x2 ./Core/Startup/startup_stm32f446retx.o
                0x0000000008000d78                RTC_Alarm_IRQHandler
                0x0000000008000d78                EXTI2_IRQHandler
                0x0000000008000d78                TIM8_CC_IRQHandler
                0x0000000008000d78                FMPI2C1_EV_IRQHandler
                0x0000000008000d78                SPI4_IRQHandler
                0x0000000008000d78                TIM1_CC_IRQHandler
                0x0000000008000d78                DMA2_Stream5_IRQHandler
                0x0000000008000d78                DMA1_Stream5_IRQHandler
                0x0000000008000d78                PVD_IRQHandler
                0x0000000008000d78                SDIO_IRQHandler
                0x0000000008000d78                TAMP_STAMP_IRQHandler
                0x0000000008000d78                CAN2_RX1_IRQHandler
                0x0000000008000d78                EXTI3_IRQHandler
                0x0000000008000d78                TIM8_TRG_COM_TIM14_IRQHandler
                0x0000000008000d78                TIM1_UP_TIM10_IRQHandler
                0x0000000008000d78                TIM8_UP_TIM13_IRQHandler
                0x0000000008000d78                I2C3_ER_IRQHandler
                0x0000000008000d78                EXTI0_IRQHandler
                0x0000000008000d78                I2C2_EV_IRQHandler
                0x0000000008000d78                DMA1_Stream2_IRQHandler
                0x0000000008000d78                CAN1_RX0_IRQHandler
                0x0000000008000d78                FPU_IRQHandler
                0x0000000008000d78                OTG_HS_WKUP_IRQHandler
                0x0000000008000d78                CAN2_SCE_IRQHandler
                0x0000000008000d78                DMA2_Stream2_IRQHandler
                0x0000000008000d78                SPI1_IRQHandler
                0x0000000008000d78                TIM6_DAC_IRQHandler
                0x0000000008000d78                TIM1_BRK_TIM9_IRQHandler
                0x0000000008000d78                DCMI_IRQHandler
                0x0000000008000d78                CAN2_RX0_IRQHandler
                0x0000000008000d78                DMA2_Stream3_IRQHandler
                0x0000000008000d78                SAI2_IRQHandler
                0x0000000008000d78                USART6_IRQHandler
                0x0000000008000d78                USART3_IRQHandler
                0x0000000008000d78                CAN1_RX1_IRQHandler
                0x0000000008000d78                UART5_IRQHandler
                0x0000000008000d78                DMA2_Stream0_IRQHandler
                0x0000000008000d78                TIM4_IRQHandler
                0x0000000008000d78                QUADSPI_IRQHandler
                0x0000000008000d78                I2C1_EV_IRQHandler
                0x0000000008000d78                DMA1_Stream6_IRQHandler
                0x0000000008000d78                DMA1_Stream1_IRQHandler
                0x0000000008000d78                UART4_IRQHandler
                0x0000000008000d78                TIM3_IRQHandler
                0x0000000008000d78                RCC_IRQHandler
                0x0000000008000d78                TIM8_BRK_TIM12_IRQHandler
                0x0000000008000d78                Default_Handler
                0x0000000008000d78                CEC_IRQHandler
                0x0000000008000d78                EXTI15_10_IRQHandler
                0x0000000008000d78                ADC_IRQHandler
                0x0000000008000d78                DMA1_Stream7_IRQHandler
                0x0000000008000d78                TIM7_IRQHandler
                0x0000000008000d78                CAN2_TX_IRQHandler
                0x0000000008000d78                TIM5_IRQHandler
                0x0000000008000d78                DMA2_Stream7_IRQHandler
                0x0000000008000d78                I2C3_EV_IRQHandler
                0x0000000008000d78                EXTI9_5_IRQHandler
                0x0000000008000d78                RTC_WKUP_IRQHandler
                0x0000000008000d78                SPDIF_RX_IRQHandler
                0x0000000008000d78                SPI2_IRQHandler
                0x0000000008000d78                OTG_HS_EP1_IN_IRQHandler
                0x0000000008000d78                DMA1_Stream0_IRQHandler
                0x0000000008000d78                CAN1_TX_IRQHandler
                0x0000000008000d78                FMPI2C1_ER_IRQHandler
                0x0000000008000d78                EXTI4_IRQHandler
                0x0000000008000d78                OTG_HS_EP1_OUT_IRQHandler
                0x0000000008000d78                WWDG_IRQHandler
                0x0000000008000d78                TIM2_IRQHandler
                0x0000000008000d78                OTG_FS_WKUP_IRQHandler
                0x0000000008000d78                TIM1_TRG_COM_TIM11_IRQHandler
                0x0000000008000d78                OTG_HS_IRQHandler
                0x0000000008000d78                EXTI1_IRQHandler
                0x0000000008000d78                USART2_IRQHandler
                0x0000000008000d78                I2C2_ER_IRQHandler
                0x0000000008000d78                DMA2_Stream1_IRQHandler
                0x0000000008000d78                CAN1_SCE_IRQHandler
                0x0000000008000d78                FLASH_IRQHandler
                0x0000000008000d78                DMA2_Stream4_IRQHandler
                0x0000000008000d78                USART1_IRQHandler
                0x0000000008000d78                OTG_FS_IRQHandler
                0x0000000008000d78                SPI3_IRQHandler
                0x0000000008000d78                DMA1_Stream4_IRQHandler
                0x0000000008000d78                I2C1_ER_IRQHandler
                0x0000000008000d78                FMC_IRQHandler
                0x0000000008000d78                DMA2_Stream6_IRQHandler
                0x0000000008000d78                SAI1_IRQHandler
                0x0000000008000d78                DMA1_Stream3_IRQHandler
 *fill*         0x0000000008000d7a        0x2 
 .text.DEV_SPI_WRite
                0x0000000008000d7c       0x24 ./Drivers/GC9A01A_Driver/Src/DEV_Config.o
                0x0000000008000d7c                DEV_SPI_WRite
 .text.DEV_Module_Init
                0x0000000008000da0       0x40 ./Drivers/GC9A01A_Driver/Src/DEV_Config.o
                0x0000000008000da0                DEV_Module_Init
 .text.Paint_NewImage
                0x0000000008000de0       0x98 ./Drivers/GC9A01A_Driver/Src/GUI_Paint.o
                0x0000000008000de0                Paint_NewImage
 .text.Paint_SetClearFuntion
                0x0000000008000e78       0x20 ./Drivers/GC9A01A_Driver/Src/GUI_Paint.o
                0x0000000008000e78                Paint_SetClearFuntion
 .text.Paint_SetDisplayFuntion
                0x0000000008000e98       0x20 ./Drivers/GC9A01A_Driver/Src/GUI_Paint.o
                0x0000000008000e98                Paint_SetDisplayFuntion
 .text.Paint_SetPixel
                0x0000000008000eb8      0x160 ./Drivers/GC9A01A_Driver/Src/GUI_Paint.o
                0x0000000008000eb8                Paint_SetPixel
 .text.Paint_Clear
                0x0000000008001018       0x20 ./Drivers/GC9A01A_Driver/Src/GUI_Paint.o
                0x0000000008001018                Paint_Clear
 .text.Paint_DrawPoint
                0x0000000008001038      0x138 ./Drivers/GC9A01A_Driver/Src/GUI_Paint.o
                0x0000000008001038                Paint_DrawPoint
 .text.Paint_DrawLine
                0x0000000008001170      0x160 ./Drivers/GC9A01A_Driver/Src/GUI_Paint.o
                0x0000000008001170                Paint_DrawLine
 .text.Paint_DrawCircle
                0x00000000080012d0      0x31c ./Drivers/GC9A01A_Driver/Src/GUI_Paint.o
                0x00000000080012d0                Paint_DrawCircle
 .text.Paint_DrawChar
                0x00000000080015ec      0x158 ./Drivers/GC9A01A_Driver/Src/GUI_Paint.o
                0x00000000080015ec                Paint_DrawChar
 .text.Paint_DrawString_EN
                0x0000000008001744       0xb0 ./Drivers/GC9A01A_Driver/Src/GUI_Paint.o
                0x0000000008001744                Paint_DrawString_EN
 .text.Paint_DrawString_CN
                0x00000000080017f4      0x336 ./Drivers/GC9A01A_Driver/Src/GUI_Paint.o
                0x00000000080017f4                Paint_DrawString_CN
 *fill*         0x0000000008001b2a        0x2 
 .text.Paint_DrawImage
                0x0000000008001b2c       0xcc ./Drivers/GC9A01A_Driver/Src/GUI_Paint.o
                0x0000000008001b2c                Paint_DrawImage
 .text.LCD_1IN28_Reset
                0x0000000008001bf8       0x44 ./Drivers/GC9A01A_Driver/Src/LCD_1inch28.o
 .text.LCD_1IN28_SendCommand
                0x0000000008001c3c       0x38 ./Drivers/GC9A01A_Driver/Src/LCD_1inch28.o
 .text.LCD_1IN28_SendData_8Bit
                0x0000000008001c74       0x44 ./Drivers/GC9A01A_Driver/Src/LCD_1inch28.o
 .text.LCD_1IN28_SendData_16Bit
                0x0000000008001cb8       0x54 ./Drivers/GC9A01A_Driver/Src/LCD_1inch28.o
 .text.LCD_1IN28_InitReg
                0x0000000008001d0c      0x464 ./Drivers/GC9A01A_Driver/Src/LCD_1inch28.o
 .text.LCD_1IN28_SetAttributes
                0x0000000008002170       0x58 ./Drivers/GC9A01A_Driver/Src/LCD_1inch28.o
 .text.LCD_1IN28_Init
                0x00000000080021c8       0x22 ./Drivers/GC9A01A_Driver/Src/LCD_1inch28.o
                0x00000000080021c8                LCD_1IN28_Init
 .text.LCD_1IN28_SetWindows
                0x00000000080021ea       0x78 ./Drivers/GC9A01A_Driver/Src/LCD_1inch28.o
                0x00000000080021ea                LCD_1IN28_SetWindows
 *fill*         0x0000000008002262        0x2 
 .text.LCD_1IN28_Clear
                0x0000000008002264       0x6c ./Drivers/GC9A01A_Driver/Src/LCD_1inch28.o
                0x0000000008002264                LCD_1IN28_Clear
 .text.LCD_1IN28_DrawPaint
                0x00000000080022d0       0x2e ./Drivers/GC9A01A_Driver/Src/LCD_1inch28.o
                0x00000000080022d0                LCD_1IN28_DrawPaint
 *fill*         0x00000000080022fe        0x2 
 .text.LCD_1IN28_SetBackLight
                0x0000000008002300       0x20 ./Drivers/GC9A01A_Driver/Src/LCD_1inch28.o
                0x0000000008002300                LCD_1IN28_SetBackLight
 .text.LCD_1in28_test
                0x0000000008002320      0x1b0 ./Drivers/GC9A01A_Driver/Src/LCD_1inch28_test.o
                0x0000000008002320                LCD_1in28_test
 .text.HAL_Init
                0x00000000080024d0       0x44 ./Drivers/STM32F4xx_HAL_Driver/Src/stm32f4xx_hal.o
                0x00000000080024d0                HAL_Init
 .text.HAL_InitTick
                0x0000000008002514       0x60 ./Drivers/STM32F4xx_HAL_Driver/Src/stm32f4xx_hal.o
                0x0000000008002514                HAL_InitTick
 .text.HAL_IncTick
                0x0000000008002574       0x28 ./Drivers/STM32F4xx_HAL_Driver/Src/stm32f4xx_hal.o
                0x0000000008002574                HAL_IncTick
 .text.HAL_GetTick
                0x000000000800259c       0x18 ./Drivers/STM32F4xx_HAL_Driver/Src/stm32f4xx_hal.o
                0x000000000800259c                HAL_GetTick
 .text.HAL_Delay
                0x00000000080025b4       0x48 ./Drivers/STM32F4xx_HAL_Driver/Src/stm32f4xx_hal.o
                0x00000000080025b4                HAL_Delay
 .text.__NVIC_SetPriorityGrouping
                0x00000000080025fc       0x48 ./Drivers/STM32F4xx_HAL_Driver/Src/stm32f4xx_hal_cortex.o
 .text.__NVIC_GetPriorityGrouping
                0x0000000008002644       0x1c ./Drivers/STM32F4xx_HAL_Driver/Src/stm32f4xx_hal_cortex.o
 .text.__NVIC_SetPriority
                0x0000000008002660       0x54 ./Drivers/STM32F4xx_HAL_Driver/Src/stm32f4xx_hal_cortex.o
 .text.NVIC_EncodePriority
                0x00000000080026b4       0x66 ./Drivers/STM32F4xx_HAL_Driver/Src/stm32f4xx_hal_cortex.o
 *fill*         0x000000000800271a        0x2 
 .text.SysTick_Config
                0x000000000800271c       0x44 ./Drivers/STM32F4xx_HAL_Driver/Src/stm32f4xx_hal_cortex.o
 .text.HAL_NVIC_SetPriorityGrouping
                0x0000000008002760       0x16 ./Drivers/STM32F4xx_HAL_Driver/Src/stm32f4xx_hal_cortex.o
                0x0000000008002760                HAL_NVIC_SetPriorityGrouping
 .text.HAL_NVIC_SetPriority
                0x0000000008002776       0x38 ./Drivers/STM32F4xx_HAL_Driver/Src/stm32f4xx_hal_cortex.o
                0x0000000008002776                HAL_NVIC_SetPriority
 .text.HAL_SYSTICK_Config
                0x00000000080027ae       0x18 ./Drivers/STM32F4xx_HAL_Driver/Src/stm32f4xx_hal_cortex.o
                0x00000000080027ae                HAL_SYSTICK_Config
 *fill*         0x00000000080027c6        0x2 
 .text.HAL_GPIO_Init
                0x00000000080027c8      0x328 ./Drivers/STM32F4xx_HAL_Driver/Src/stm32f4xx_hal_gpio.o
                0x00000000080027c8                HAL_GPIO_Init
 .text.HAL_GPIO_WritePin
                0x0000000008002af0       0x32 ./Drivers/STM32F4xx_HAL_Driver/Src/stm32f4xx_hal_gpio.o
                0x0000000008002af0                HAL_GPIO_WritePin
 *fill*         0x0000000008002b22        0x2 
 .text.HAL_RCC_ClockConfig
                0x0000000008002b24      0x1cc ./Drivers/STM32F4xx_HAL_Driver/Src/stm32f4xx_hal_rcc.o
                0x0000000008002b24                HAL_RCC_ClockConfig
 .text.HAL_RCC_GetHCLKFreq
                0x0000000008002cf0       0x18 ./Drivers/STM32F4xx_HAL_Driver/Src/stm32f4xx_hal_rcc.o
                0x0000000008002cf0                HAL_RCC_GetHCLKFreq
 .text.HAL_RCC_GetPCLK1Freq
                0x0000000008002d08       0x28 ./Drivers/STM32F4xx_HAL_Driver/Src/stm32f4xx_hal_rcc.o
                0x0000000008002d08                HAL_RCC_GetPCLK1Freq
 .text.HAL_RCC_GetPCLK2Freq
                0x0000000008002d30       0x28 ./Drivers/STM32F4xx_HAL_Driver/Src/stm32f4xx_hal_rcc.o
                0x0000000008002d30                HAL_RCC_GetPCLK2Freq
 .text.HAL_RCC_GetSysClockFreq
                0x0000000008002d58      0x460 ./Drivers/STM32F4xx_HAL_Driver/Src/stm32f4xx_hal_rcc_ex.o
                0x0000000008002d58                HAL_RCC_GetSysClockFreq
 .text.HAL_RCC_OscConfig
                0x00000000080031b8      0x53c ./Drivers/STM32F4xx_HAL_Driver/Src/stm32f4xx_hal_rcc_ex.o
                0x00000000080031b8                HAL_RCC_OscConfig
 .text.HAL_SPI_Init
                0x00000000080036f4      0x112 ./Drivers/STM32F4xx_HAL_Driver/Src/stm32f4xx_hal_spi.o
                0x00000000080036f4                HAL_SPI_Init
 .text.HAL_SPI_Transmit
                0x0000000008003806      0x278 ./Drivers/STM32F4xx_HAL_Driver/Src/stm32f4xx_hal_spi.o
                0x0000000008003806                HAL_SPI_Transmit
 *fill*         0x0000000008003a7e        0x2 
 .text.SPI_WaitFlagStateUntilTimeout
                0x0000000008003a80      0x110 ./Drivers/STM32F4xx_HAL_Driver/Src/stm32f4xx_hal_spi.o
 .text.SPI_EndRxTxTransaction
                0x0000000008003b90       0x84 ./Drivers/STM32F4xx_HAL_Driver/Src/stm32f4xx_hal_spi.o
 .text.HAL_TIM_PWM_Init
                0x0000000008003c14       0x9e ./Drivers/STM32F4xx_HAL_Driver/Src/stm32f4xx_hal_tim.o
                0x0000000008003c14                HAL_TIM_PWM_Init
 *fill*         0x0000000008003cb2        0x2 
 .text.HAL_TIM_PWM_Start
                0x0000000008003cb4      0x190 ./Drivers/STM32F4xx_HAL_Driver/Src/stm32f4xx_hal_tim.o
                0x0000000008003cb4                HAL_TIM_PWM_Start
 .text.HAL_TIM_PWM_ConfigChannel
                0x0000000008003e44      0x184 ./Drivers/STM32F4xx_HAL_Driver/Src/stm32f4xx_hal_tim.o
                0x0000000008003e44                HAL_TIM_PWM_ConfigChannel
 .text.TIM_Base_SetConfig
                0x0000000008003fc8      0x140 ./Drivers/STM32F4xx_HAL_Driver/Src/stm32f4xx_hal_tim.o
                0x0000000008003fc8                TIM_Base_SetConfig
 .text.TIM_OC1_SetConfig
                0x0000000008004108       0xe0 ./Drivers/STM32F4xx_HAL_Driver/Src/stm32f4xx_hal_tim.o
 .text.TIM_OC2_SetConfig
                0x00000000080041e8       0xec ./Drivers/STM32F4xx_HAL_Driver/Src/stm32f4xx_hal_tim.o
                0x00000000080041e8                TIM_OC2_SetConfig
 .text.TIM_OC3_SetConfig
                0x00000000080042d4       0xe8 ./Drivers/STM32F4xx_HAL_Driver/Src/stm32f4xx_hal_tim.o
 .text.TIM_OC4_SetConfig
                0x00000000080043bc       0xac ./Drivers/STM32F4xx_HAL_Driver/Src/stm32f4xx_hal_tim.o
 .text.TIM_CCxChannelCmd
                0x0000000008004468       0x4a ./Drivers/STM32F4xx_HAL_Driver/Src/stm32f4xx_hal_tim.o
                0x0000000008004468                TIM_CCxChannelCmd
 *fill*         0x00000000080044b2        0x2 
 .text.HAL_TIMEx_MasterConfigSynchronization
                0x00000000080044b4       0xf8 ./Drivers/STM32F4xx_HAL_Driver/Src/stm32f4xx_hal_tim_ex.o
                0x00000000080044b4                HAL_TIMEx_MasterConfigSynchronization
 .text.HAL_UART_Init
                0x00000000080045ac       0x9a ./Drivers/STM32F4xx_HAL_Driver/Src/stm32f4xx_hal_uart.o
                0x00000000080045ac                HAL_UART_Init
 *fill*         0x0000000008004646        0x2 
 .text.UART_SetConfig
                0x0000000008004648      0x4e8 ./Drivers/STM32F4xx_HAL_Driver/Src/stm32f4xx_hal_uart.o
 .text.__errno  0x0000000008004b30        0xc c:/st/stm32cubeide_1.12.1/stm32cubeide/plugins/com.st.stm32cube.ide.mcu.externaltools.gnu-tools-for-stm32.10.3-2021.10.win32_1.0.200.202301161003/tools/bin/../lib/gcc/arm-none-eabi/10.3.1/../../../../arm-none-eabi/lib/thumb/v7e-m+fp/hard\libc_nano.a(lib_a-errno.o)
                0x0000000008004b30                __errno
 .text.__libc_init_array
                0x0000000008004b3c       0x48 c:/st/stm32cubeide_1.12.1/stm32cubeide/plugins/com.st.stm32cube.ide.mcu.externaltools.gnu-tools-for-stm32.10.3-2021.10.win32_1.0.200.202301161003/tools/bin/../lib/gcc/arm-none-eabi/10.3.1/../../../../arm-none-eabi/lib/thumb/v7e-m+fp/hard\libc_nano.a(lib_a-init.o)
                0x0000000008004b3c                __libc_init_array
 .text.memset   0x0000000008004b84       0x10 c:/st/stm32cubeide_1.12.1/stm32cubeide/plugins/com.st.stm32cube.ide.mcu.externaltools.gnu-tools-for-stm32.10.3-2021.10.win32_1.0.200.202301161003/tools/bin/../lib/gcc/arm-none-eabi/10.3.1/../../../../arm-none-eabi/lib/thumb/v7e-m+fp/hard\libc_nano.a(lib_a-memset.o)
                0x0000000008004b84                memset
 .text._free_r  0x0000000008004b94       0x98 c:/st/stm32cubeide_1.12.1/stm32cubeide/plugins/com.st.stm32cube.ide.mcu.externaltools.gnu-tools-for-stm32.10.3-2021.10.win32_1.0.200.202301161003/tools/bin/../lib/gcc/arm-none-eabi/10.3.1/../../../../arm-none-eabi/lib/thumb/v7e-m+fp/hard\libc_nano.a(lib_a-nano-freer.o)
                0x0000000008004b94                _free_r
 .text.sbrk_aligned
                0x0000000008004c2c       0x40 c:/st/stm32cubeide_1.12.1/stm32cubeide/plugins/com.st.stm32cube.ide.mcu.externaltools.gnu-tools-for-stm32.10.3-2021.10.win32_1.0.200.202301161003/tools/bin/../lib/gcc/arm-none-eabi/10.3.1/../../../../arm-none-eabi/lib/thumb/v7e-m+fp/hard\libc_nano.a(lib_a-nano-mallocr.o)
 .text._malloc_r
                0x0000000008004c6c       0xe8 c:/st/stm32cubeide_1.12.1/stm32cubeide/plugins/com.st.stm32cube.ide.mcu.externaltools.gnu-tools-for-stm32.10.3-2021.10.win32_1.0.200.202301161003/tools/bin/../lib/gcc/arm-none-eabi/10.3.1/../../../../arm-none-eabi/lib/thumb/v7e-m+fp/hard\libc_nano.a(lib_a-nano-mallocr.o)
                0x0000000008004c6c                _malloc_r
 .text.printf   0x0000000008004d54       0x30 c:/st/stm32cubeide_1.12.1/stm32cubeide/plugins/com.st.stm32cube.ide.mcu.externaltools.gnu-tools-for-stm32.10.3-2021.10.win32_1.0.200.202301161003/tools/bin/../lib/gcc/arm-none-eabi/10.3.1/../../../../arm-none-eabi/lib/thumb/v7e-m+fp/hard\libc_nano.a(lib_a-printf.o)
                0x0000000008004d54                iprintf
                0x0000000008004d54                printf
 .text._puts_r  0x0000000008004d84       0xdc c:/st/stm32cubeide_1.12.1/stm32cubeide/plugins/com.st.stm32cube.ide.mcu.externaltools.gnu-tools-for-stm32.10.3-2021.10.win32_1.0.200.202301161003/tools/bin/../lib/gcc/arm-none-eabi/10.3.1/../../../../arm-none-eabi/lib/thumb/v7e-m+fp/hard\libc_nano.a(lib_a-puts.o)
                0x0000000008004d84                _puts_r
 .text.puts     0x0000000008004e60       0x10 c:/st/stm32cubeide_1.12.1/stm32cubeide/plugins/com.st.stm32cube.ide.mcu.externaltools.gnu-tools-for-stm32.10.3-2021.10.win32_1.0.200.202301161003/tools/bin/../lib/gcc/arm-none-eabi/10.3.1/../../../../arm-none-eabi/lib/thumb/v7e-m+fp/hard\libc_nano.a(lib_a-puts.o)
                0x0000000008004e60                puts
 .text._sbrk_r  0x0000000008004e70       0x20 c:/st/stm32cubeide_1.12.1/stm32cubeide/plugins/com.st.stm32cube.ide.mcu.externaltools.gnu-tools-for-stm32.10.3-2021.10.win32_1.0.200.202301161003/tools/bin/../lib/gcc/arm-none-eabi/10.3.1/../../../../arm-none-eabi/lib/thumb/v7e-m+fp/hard\libc_nano.a(lib_a-sbrkr.o)
                0x0000000008004e70                _sbrk_r
 .text.__swbuf_r
                0x0000000008004e90       0xa4 c:/st/stm32cubeide_1.12.1/stm32cubeide/plugins/com.st.stm32cube.ide.mcu.externaltools.gnu-tools-for-stm32.10.3-2021.10.win32_1.0.200.202301161003/tools/bin/../lib/gcc/arm-none-eabi/10.3.1/../../../../arm-none-eabi/lib/thumb/v7e-m+fp/hard\libc_nano.a(lib_a-wbuf.o)
                0x0000000008004e90                __swbuf_r
 .text.__swsetup_r
                0x0000000008004f34       0xdc c:/st/stm32cubeide_1.12.1/stm32cubeide/plugins/com.st.stm32cube.ide.mcu.externaltools.gnu-tools-for-stm32.10.3-2021.10.win32_1.0.200.202301161003/tools/bin/../lib/gcc/arm-none-eabi/10.3.1/../../../../arm-none-eabi/lib/thumb/v7e-m+fp/hard\libc_nano.a(lib_a-wsetup.o)
                0x0000000008004f34                __swsetup_r
 .text.__sflush_r
                0x0000000008005010      0x10c c:/st/stm32cubeide_1.12.1/stm32cubeide/plugins/com.st.stm32cube.ide.mcu.externaltools.gnu-tools-for-stm32.10.3-2021.10.win32_1.0.200.202301161003/tools/bin/../lib/gcc/arm-none-eabi/10.3.1/../../../../arm-none-eabi/lib/thumb/v7e-m+fp/hard\libc_nano.a(lib_a-fflush.o)
                0x0000000008005010                __sflush_r
 .text._fflush_r
                0x000000000800511c       0x78 c:/st/stm32cubeide_1.12.1/stm32cubeide/plugins/com.st.stm32cube.ide.mcu.externaltools.gnu-tools-for-stm32.10.3-2021.10.win32_1.0.200.202301161003/tools/bin/../lib/gcc/arm-none-eabi/10.3.1/../../../../arm-none-eabi/lib/thumb/v7e-m+fp/hard\libc_nano.a(lib_a-fflush.o)
                0x000000000800511c                _fflush_r
 .text.std      0x0000000008005194       0x48 c:/st/stm32cubeide_1.12.1/stm32cubeide/plugins/com.st.stm32cube.ide.mcu.externaltools.gnu-tools-for-stm32.10.3-2021.10.win32_1.0.200.202301161003/tools/bin/../lib/gcc/arm-none-eabi/10.3.1/../../../../arm-none-eabi/lib/thumb/v7e-m+fp/hard\libc_nano.a(lib_a-findfp.o)
 .text._cleanup_r
                0x00000000080051dc        0xc c:/st/stm32cubeide_1.12.1/stm32cubeide/plugins/com.st.stm32cube.ide.mcu.externaltools.gnu-tools-for-stm32.10.3-2021.10.win32_1.0.200.202301161003/tools/bin/../lib/gcc/arm-none-eabi/10.3.1/../../../../arm-none-eabi/lib/thumb/v7e-m+fp/hard\libc_nano.a(lib_a-findfp.o)
                0x00000000080051dc                _cleanup_r
 .text.__sfmoreglue
                0x00000000080051e8       0x2c c:/st/stm32cubeide_1.12.1/stm32cubeide/plugins/com.st.stm32cube.ide.mcu.externaltools.gnu-tools-for-stm32.10.3-2021.10.win32_1.0.200.202301161003/tools/bin/../lib/gcc/arm-none-eabi/10.3.1/../../../../arm-none-eabi/lib/thumb/v7e-m+fp/hard\libc_nano.a(lib_a-findfp.o)
                0x00000000080051e8                __sfmoreglue
 .text.__sfp_lock_acquire
                0x0000000008005214        0xc c:/st/stm32cubeide_1.12.1/stm32cubeide/plugins/com.st.stm32cube.ide.mcu.externaltools.gnu-tools-for-stm32.10.3-2021.10.win32_1.0.200.202301161003/tools/bin/../lib/gcc/arm-none-eabi/10.3.1/../../../../arm-none-eabi/lib/thumb/v7e-m+fp/hard\libc_nano.a(lib_a-findfp.o)
                0x0000000008005214                __sfp_lock_acquire
 .text.__sfp_lock_release
                0x0000000008005220        0xc c:/st/stm32cubeide_1.12.1/stm32cubeide/plugins/com.st.stm32cube.ide.mcu.externaltools.gnu-tools-for-stm32.10.3-2021.10.win32_1.0.200.202301161003/tools/bin/../lib/gcc/arm-none-eabi/10.3.1/../../../../arm-none-eabi/lib/thumb/v7e-m+fp/hard\libc_nano.a(lib_a-findfp.o)
                0x0000000008005220                __sfp_lock_release
 .text.__sinit_lock_acquire
                0x000000000800522c        0xc c:/st/stm32cubeide_1.12.1/stm32cubeide/plugins/com.st.stm32cube.ide.mcu.externaltools.gnu-tools-for-stm32.10.3-2021.10.win32_1.0.200.202301161003/tools/bin/../lib/gcc/arm-none-eabi/10.3.1/../../../../arm-none-eabi/lib/thumb/v7e-m+fp/hard\libc_nano.a(lib_a-findfp.o)
                0x000000000800522c                __sinit_lock_acquire
 .text.__sinit_lock_release
                0x0000000008005238        0xc c:/st/stm32cubeide_1.12.1/stm32cubeide/plugins/com.st.stm32cube.ide.mcu.externaltools.gnu-tools-for-stm32.10.3-2021.10.win32_1.0.200.202301161003/tools/bin/../lib/gcc/arm-none-eabi/10.3.1/../../../../arm-none-eabi/lib/thumb/v7e-m+fp/hard\libc_nano.a(lib_a-findfp.o)
                0x0000000008005238                __sinit_lock_release
 .text.__sinit  0x0000000008005244       0x70 c:/st/stm32cubeide_1.12.1/stm32cubeide/plugins/com.st.stm32cube.ide.mcu.externaltools.gnu-tools-for-stm32.10.3-2021.10.win32_1.0.200.202301161003/tools/bin/../lib/gcc/arm-none-eabi/10.3.1/../../../../arm-none-eabi/lib/thumb/v7e-m+fp/hard\libc_nano.a(lib_a-findfp.o)
                0x0000000008005244                __sinit
 .text.__sfp    0x00000000080052b4       0x8c c:/st/stm32cubeide_1.12.1/stm32cubeide/plugins/com.st.stm32cube.ide.mcu.externaltools.gnu-tools-for-stm32.10.3-2021.10.win32_1.0.200.202301161003/tools/bin/../lib/gcc/arm-none-eabi/10.3.1/../../../../arm-none-eabi/lib/thumb/v7e-m+fp/hard\libc_nano.a(lib_a-findfp.o)
                0x00000000080052b4                __sfp
 .text._fwalk_reent
                0x0000000008005340       0x3e c:/st/stm32cubeide_1.12.1/stm32cubeide/plugins/com.st.stm32cube.ide.mcu.externaltools.gnu-tools-for-stm32.10.3-2021.10.win32_1.0.200.202301161003/tools/bin/../lib/gcc/arm-none-eabi/10.3.1/../../../../arm-none-eabi/lib/thumb/v7e-m+fp/hard\libc_nano.a(lib_a-fwalk.o)
                0x0000000008005340                _fwalk_reent
 .text.__retarget_lock_init_recursive
                0x000000000800537e        0x2 c:/st/stm32cubeide_1.12.1/stm32cubeide/plugins/com.st.stm32cube.ide.mcu.externaltools.gnu-tools-for-stm32.10.3-2021.10.win32_1.0.200.202301161003/tools/bin/../lib/gcc/arm-none-eabi/10.3.1/../../../../arm-none-eabi/lib/thumb/v7e-m+fp/hard\libc_nano.a(lib_a-lock.o)
                0x000000000800537e                __retarget_lock_init_recursive
 .text.__retarget_lock_acquire_recursive
                0x0000000008005380        0x2 c:/st/stm32cubeide_1.12.1/stm32cubeide/plugins/com.st.stm32cube.ide.mcu.externaltools.gnu-tools-for-stm32.10.3-2021.10.win32_1.0.200.202301161003/tools/bin/../lib/gcc/arm-none-eabi/10.3.1/../../../../arm-none-eabi/lib/thumb/v7e-m+fp/hard\libc_nano.a(lib_a-lock.o)
                0x0000000008005380                __retarget_lock_acquire_recursive
 .text.__retarget_lock_release_recursive
                0x0000000008005382        0x2 c:/st/stm32cubeide_1.12.1/stm32cubeide/plugins/com.st.stm32cube.ide.mcu.externaltools.gnu-tools-for-stm32.10.3-2021.10.win32_1.0.200.202301161003/tools/bin/../lib/gcc/arm-none-eabi/10.3.1/../../../../arm-none-eabi/lib/thumb/v7e-m+fp/hard\libc_nano.a(lib_a-lock.o)
                0x0000000008005382                __retarget_lock_release_recursive
 .text.__swhatbuf_r
                0x0000000008005384       0x4a c:/st/stm32cubeide_1.12.1/stm32cubeide/plugins/com.st.stm32cube.ide.mcu.externaltools.gnu-tools-for-stm32.10.3-2021.10.win32_1.0.200.202301161003/tools/bin/../lib/gcc/arm-none-eabi/10.3.1/../../../../arm-none-eabi/lib/thumb/v7e-m+fp/hard\libc_nano.a(lib_a-makebuf.o)
                0x0000000008005384                __swhatbuf_r
 *fill*         0x00000000080053ce        0x2 
 .text.__smakebuf_r
                0x00000000080053d0       0x80 c:/st/stm32cubeide_1.12.1/stm32cubeide/plugins/com.st.stm32cube.ide.mcu.externaltools.gnu-tools-for-stm32.10.3-2021.10.win32_1.0.200.202301161003/tools/bin/../lib/gcc/arm-none-eabi/10.3.1/../../../../arm-none-eabi/lib/thumb/v7e-m+fp/hard\libc_nano.a(lib_a-makebuf.o)
                0x00000000080053d0                __smakebuf_r
 .text.__malloc_lock
                0x0000000008005450        0xc c:/st/stm32cubeide_1.12.1/stm32cubeide/plugins/com.st.stm32cube.ide.mcu.externaltools.gnu-tools-for-stm32.10.3-2021.10.win32_1.0.200.202301161003/tools/bin/../lib/gcc/arm-none-eabi/10.3.1/../../../../arm-none-eabi/lib/thumb/v7e-m+fp/hard\libc_nano.a(lib_a-mlock.o)
                0x0000000008005450                __malloc_lock
 .text.__malloc_unlock
                0x000000000800545c        0xc c:/st/stm32cubeide_1.12.1/stm32cubeide/plugins/com.st.stm32cube.ide.mcu.externaltools.gnu-tools-for-stm32.10.3-2021.10.win32_1.0.200.202301161003/tools/bin/../lib/gcc/arm-none-eabi/10.3.1/../../../../arm-none-eabi/lib/thumb/v7e-m+fp/hard\libc_nano.a(lib_a-mlock.o)
                0x000000000800545c                __malloc_unlock
 .text.__sfputc_r
                0x0000000008005468       0x2e c:/st/stm32cubeide_1.12.1/stm32cubeide/plugins/com.st.stm32cube.ide.mcu.externaltools.gnu-tools-for-stm32.10.3-2021.10.win32_1.0.200.202301161003/tools/bin/../lib/gcc/arm-none-eabi/10.3.1/../../../../arm-none-eabi/lib/thumb/v7e-m+fp/hard\libc_nano.a(lib_a-nano-vfprintf.o)
 .text.__sfputs_r
                0x0000000008005496       0x24 c:/st/stm32cubeide_1.12.1/stm32cubeide/plugins/com.st.stm32cube.ide.mcu.externaltools.gnu-tools-for-stm32.10.3-2021.10.win32_1.0.200.202301161003/tools/bin/../lib/gcc/arm-none-eabi/10.3.1/../../../../arm-none-eabi/lib/thumb/v7e-m+fp/hard\libc_nano.a(lib_a-nano-vfprintf.o)
                0x0000000008005496                __sfputs_r
 *fill*         0x00000000080054ba        0x2 
 .text._vfprintf_r
                0x00000000080054bc      0x260 c:/st/stm32cubeide_1.12.1/stm32cubeide/plugins/com.st.stm32cube.ide.mcu.externaltools.gnu-tools-for-stm32.10.3-2021.10.win32_1.0.200.202301161003/tools/bin/../lib/gcc/arm-none-eabi/10.3.1/../../../../arm-none-eabi/lib/thumb/v7e-m+fp/hard\libc_nano.a(lib_a-nano-vfprintf.o)
                0x00000000080054bc                _vfprintf_r
                0x00000000080054bc                _vfiprintf_r
 .text._printf_common
                0x000000000800571c       0xda c:/st/stm32cubeide_1.12.1/stm32cubeide/plugins/com.st.stm32cube.ide.mcu.externaltools.gnu-tools-for-stm32.10.3-2021.10.win32_1.0.200.202301161003/tools/bin/../lib/gcc/arm-none-eabi/10.3.1/../../../../arm-none-eabi/lib/thumb/v7e-m+fp/hard\libc_nano.a(lib_a-nano-vfprintf_i.o)
                0x000000000800571c                _printf_common
 *fill*         0x00000000080057f6        0x2 
 .text._printf_i
                0x00000000080057f8      0x24c c:/st/stm32cubeide_1.12.1/stm32cubeide/plugins/com.st.stm32cube.ide.mcu.externaltools.gnu-tools-for-stm32.10.3-2021.10.win32_1.0.200.202301161003/tools/bin/../lib/gcc/arm-none-eabi/10.3.1/../../../../arm-none-eabi/lib/thumb/v7e-m+fp/hard\libc_nano.a(lib_a-nano-vfprintf_i.o)
                0x00000000080057f8                _printf_i
 .text.__sread  0x0000000008005a44       0x22 c:/st/stm32cubeide_1.12.1/stm32cubeide/plugins/com.st.stm32cube.ide.mcu.externaltools.gnu-tools-for-stm32.10.3-2021.10.win32_1.0.200.202301161003/tools/bin/../lib/gcc/arm-none-eabi/10.3.1/../../../../arm-none-eabi/lib/thumb/v7e-m+fp/hard\libc_nano.a(lib_a-stdio.o)
                0x0000000008005a44                __sread
 .text.__swrite
                0x0000000008005a66       0x38 c:/st/stm32cubeide_1.12.1/stm32cubeide/plugins/com.st.stm32cube.ide.mcu.externaltools.gnu-tools-for-stm32.10.3-2021.10.win32_1.0.200.202301161003/tools/bin/../lib/gcc/arm-none-eabi/10.3.1/../../../../arm-none-eabi/lib/thumb/v7e-m+fp/hard\libc_nano.a(lib_a-stdio.o)
                0x0000000008005a66                __swrite
 .text.__sseek  0x0000000008005a9e       0x24 c:/st/stm32cubeide_1.12.1/stm32cubeide/plugins/com.st.stm32cube.ide.mcu.externaltools.gnu-tools-for-stm32.10.3-2021.10.win32_1.0.200.202301161003/tools/bin/../lib/gcc/arm-none-eabi/10.3.1/../../../../arm-none-eabi/lib/thumb/v7e-m+fp/hard\libc_nano.a(lib_a-stdio.o)
                0x0000000008005a9e                __sseek
 .text.__sclose
                0x0000000008005ac2        0x8 c:/st/stm32cubeide_1.12.1/stm32cubeide/plugins/com.st.stm32cube.ide.mcu.externaltools.gnu-tools-for-stm32.10.3-2021.10.win32_1.0.200.202301161003/tools/bin/../lib/gcc/arm-none-eabi/10.3.1/../../../../arm-none-eabi/lib/thumb/v7e-m+fp/hard\libc_nano.a(lib_a-stdio.o)
                0x0000000008005ac2                __sclose
 *fill*         0x0000000008005aca        0x2 
 .text._write_r
                0x0000000008005acc       0x24 c:/st/stm32cubeide_1.12.1/stm32cubeide/plugins/com.st.stm32cube.ide.mcu.externaltools.gnu-tools-for-stm32.10.3-2021.10.win32_1.0.200.202301161003/tools/bin/../lib/gcc/arm-none-eabi/10.3.1/../../../../arm-none-eabi/lib/thumb/v7e-m+fp/hard\libc_nano.a(lib_a-writer.o)
                0x0000000008005acc                _write_r
 .text._close_r
                0x0000000008005af0       0x20 c:/st/stm32cubeide_1.12.1/stm32cubeide/plugins/com.st.stm32cube.ide.mcu.externaltools.gnu-tools-for-stm32.10.3-2021.10.win32_1.0.200.202301161003/tools/bin/../lib/gcc/arm-none-eabi/10.3.1/../../../../arm-none-eabi/lib/thumb/v7e-m+fp/hard\libc_nano.a(lib_a-closer.o)
                0x0000000008005af0                _close_r
 .text._fstat_r
                0x0000000008005b10       0x24 c:/st/stm32cubeide_1.12.1/stm32cubeide/plugins/com.st.stm32cube.ide.mcu.externaltools.gnu-tools-for-stm32.10.3-2021.10.win32_1.0.200.202301161003/tools/bin/../lib/gcc/arm-none-eabi/10.3.1/../../../../arm-none-eabi/lib/thumb/v7e-m+fp/hard\libc_nano.a(lib_a-fstatr.o)
                0x0000000008005b10                _fstat_r
 .text._isatty_r
                0x0000000008005b34       0x20 c:/st/stm32cubeide_1.12.1/stm32cubeide/plugins/com.st.stm32cube.ide.mcu.externaltools.gnu-tools-for-stm32.10.3-2021.10.win32_1.0.200.202301161003/tools/bin/../lib/gcc/arm-none-eabi/10.3.1/../../../../arm-none-eabi/lib/thumb/v7e-m+fp/hard\libc_nano.a(lib_a-isattyr.o)
                0x0000000008005b34                _isatty_r
 .text._lseek_r
                0x0000000008005b54       0x24 c:/st/stm32cubeide_1.12.1/stm32cubeide/plugins/com.st.stm32cube.ide.mcu.externaltools.gnu-tools-for-stm32.10.3-2021.10.win32_1.0.200.202301161003/tools/bin/../lib/gcc/arm-none-eabi/10.3.1/../../../../arm-none-eabi/lib/thumb/v7e-m+fp/hard\libc_nano.a(lib_a-lseekr.o)
                0x0000000008005b54                _lseek_r
 .text._read_r  0x0000000008005b78       0x24 c:/st/stm32cubeide_1.12.1/stm32cubeide/plugins/com.st.stm32cube.ide.mcu.externaltools.gnu-tools-for-stm32.10.3-2021.10.win32_1.0.200.202301161003/tools/bin/../lib/gcc/arm-none-eabi/10.3.1/../../../../arm-none-eabi/lib/thumb/v7e-m+fp/hard\libc_nano.a(lib_a-readr.o)
                0x0000000008005b78                _read_r
 *(.glue_7)
 .glue_7        0x0000000008005b9c        0x0 linker stubs
 *(.glue_7t)
 .glue_7t       0x0000000008005b9c        0x0 linker stubs
 *(.eh_frame)
 .eh_frame      0x0000000008005b9c        0x0 c:/st/stm32cubeide_1.12.1/stm32cubeide/plugins/com.st.stm32cube.ide.mcu.externaltools.gnu-tools-for-stm32.10.3-2021.10.win32_1.0.200.202301161003/tools/bin/../lib/gcc/arm-none-eabi/10.3.1/thumb/v7e-m+fp/hard/crtbegin.o
 *(.init)
 .init          0x0000000008005b9c        0x4 c:/st/stm32cubeide_1.12.1/stm32cubeide/plugins/com.st.stm32cube.ide.mcu.externaltools.gnu-tools-for-stm32.10.3-2021.10.win32_1.0.200.202301161003/tools/bin/../lib/gcc/arm-none-eabi/10.3.1/thumb/v7e-m+fp/hard/crti.o
                0x0000000008005b9c                _init
 .init          0x0000000008005ba0        0x8 c:/st/stm32cubeide_1.12.1/stm32cubeide/plugins/com.st.stm32cube.ide.mcu.externaltools.gnu-tools-for-stm32.10.3-2021.10.win32_1.0.200.202301161003/tools/bin/../lib/gcc/arm-none-eabi/10.3.1/thumb/v7e-m+fp/hard/crtn.o
 *(.fini)
 .fini          0x0000000008005ba8        0x4 c:/st/stm32cubeide_1.12.1/stm32cubeide/plugins/com.st.stm32cube.ide.mcu.externaltools.gnu-tools-for-stm32.10.3-2021.10.win32_1.0.200.202301161003/tools/bin/../lib/gcc/arm-none-eabi/10.3.1/thumb/v7e-m+fp/hard/crti.o
                0x0000000008005ba8                _fini
 .fini          0x0000000008005bac        0x8 c:/st/stm32cubeide_1.12.1/stm32cubeide/plugins/com.st.stm32cube.ide.mcu.externaltools.gnu-tools-for-stm32.10.3-2021.10.win32_1.0.200.202301161003/tools/bin/../lib/gcc/arm-none-eabi/10.3.1/thumb/v7e-m+fp/hard/crtn.o
                0x0000000008005bb4                . = ALIGN (0x4)
                0x0000000008005bb4                _etext = .

.vfp11_veneer   0x0000000008005bb4        0x0
 .vfp11_veneer  0x0000000008005bb4        0x0 linker stubs

.v4_bx          0x0000000008005bb4        0x0
 .v4_bx         0x0000000008005bb4        0x0 linker stubs

.iplt           0x0000000008005bb4        0x0
 .iplt          0x0000000008005bb4        0x0 c:/st/stm32cubeide_1.12.1/stm32cubeide/plugins/com.st.stm32cube.ide.mcu.externaltools.gnu-tools-for-stm32.10.3-2021.10.win32_1.0.200.202301161003/tools/bin/../lib/gcc/arm-none-eabi/10.3.1/thumb/v7e-m+fp/hard/crtbegin.o

.rodata         0x0000000008005bb4     0x4800
                0x0000000008005bb4                . = ALIGN (0x4)
 *(.rodata)
 .rodata        0x0000000008005bb4      0x2f2 ./Drivers/GC9A01A_Driver/Src/GUI_Paint.o
 *fill*         0x0000000008005ea6        0x2 
 .rodata        0x0000000008005ea8       0xad ./Drivers/GC9A01A_Driver/Src/LCD_1inch28_test.o
 *(.rodata*)
 *fill*         0x0000000008005f55        0x3 
 .rodata.AHBPrescTable
                0x0000000008005f58       0x10 ./Core/Src/system_stm32f4xx.o
                0x0000000008005f58                AHBPrescTable
 .rodata.APBPrescTable
                0x0000000008005f68        0x8 ./Core/Src/system_stm32f4xx.o
                0x0000000008005f68                APBPrescTable
 .rodata.Font16_Table
                0x0000000008005f70      0xbe0 ./Drivers/GC9A01A_Driver/Src/font16.o
                0x0000000008005f70                Font16_Table
 .rodata.Font24CN_Table
                0x0000000008006b50     0x1182 ./Drivers/GC9A01A_Driver/Src/font24CN.o
                0x0000000008006b50                Font24CN_Table
 *fill*         0x0000000008007cd2        0x2 
 .rodata.gImage_70X70
                0x0000000008007cd4     0x2648 ./Drivers/GC9A01A_Driver/Src/image.o
                0x0000000008007cd4                gImage_70X70
 .rodata._global_impure_ptr
                0x000000000800a31c        0x4 c:/st/stm32cubeide_1.12.1/stm32cubeide/plugins/com.st.stm32cube.ide.mcu.externaltools.gnu-tools-for-stm32.10.3-2021.10.win32_1.0.200.202301161003/tools/bin/../lib/gcc/arm-none-eabi/10.3.1/../../../../arm-none-eabi/lib/thumb/v7e-m+fp/hard\libc_nano.a(lib_a-impure.o)
                0x000000000800a31c                _global_impure_ptr
 .rodata.__sf_fake_stderr
                0x000000000800a320       0x20 c:/st/stm32cubeide_1.12.1/stm32cubeide/plugins/com.st.stm32cube.ide.mcu.externaltools.gnu-tools-for-stm32.10.3-2021.10.win32_1.0.200.202301161003/tools/bin/../lib/gcc/arm-none-eabi/10.3.1/../../../../arm-none-eabi/lib/thumb/v7e-m+fp/hard\libc_nano.a(lib_a-findfp.o)
                0x000000000800a320                __sf_fake_stderr
 .rodata.__sf_fake_stdin
                0x000000000800a340       0x20 c:/st/stm32cubeide_1.12.1/stm32cubeide/plugins/com.st.stm32cube.ide.mcu.externaltools.gnu-tools-for-stm32.10.3-2021.10.win32_1.0.200.202301161003/tools/bin/../lib/gcc/arm-none-eabi/10.3.1/../../../../arm-none-eabi/lib/thumb/v7e-m+fp/hard\libc_nano.a(lib_a-findfp.o)
                0x000000000800a340                __sf_fake_stdin
 .rodata.__sf_fake_stdout
                0x000000000800a360       0x20 c:/st/stm32cubeide_1.12.1/stm32cubeide/plugins/com.st.stm32cube.ide.mcu.externaltools.gnu-tools-for-stm32.10.3-2021.10.win32_1.0.200.202301161003/tools/bin/../lib/gcc/arm-none-eabi/10.3.1/../../../../arm-none-eabi/lib/thumb/v7e-m+fp/hard\libc_nano.a(lib_a-findfp.o)
                0x000000000800a360                __sf_fake_stdout
 .rodata._vfprintf_r.str1.1
                0x000000000800a380       0x11 c:/st/stm32cubeide_1.12.1/stm32cubeide/plugins/com.st.stm32cube.ide.mcu.externaltools.gnu-tools-for-stm32.10.3-2021.10.win32_1.0.200.202301161003/tools/bin/../lib/gcc/arm-none-eabi/10.3.1/../../../../arm-none-eabi/lib/thumb/v7e-m+fp/hard\libc_nano.a(lib_a-nano-vfprintf.o)
 .rodata._printf_i.str1.1
                0x000000000800a391       0x22 c:/st/stm32cubeide_1.12.1/stm32cubeide/plugins/com.st.stm32cube.ide.mcu.externaltools.gnu-tools-for-stm32.10.3-2021.10.win32_1.0.200.202301161003/tools/bin/../lib/gcc/arm-none-eabi/10.3.1/../../../../arm-none-eabi/lib/thumb/v7e-m+fp/hard\libc_nano.a(lib_a-nano-vfprintf_i.o)
                0x000000000800a3b4                . = ALIGN (0x4)
 *fill*         0x000000000800a3b3        0x1 

.ARM.extab      0x000000000800a3b4        0x0
                0x000000000800a3b4                . = ALIGN (0x4)
 *(.ARM.extab* .gnu.linkonce.armextab.*)
                0x000000000800a3b4                . = ALIGN (0x4)

.ARM            0x000000000800a3b4        0x8
                0x000000000800a3b4                . = ALIGN (0x4)
                0x000000000800a3b4                __exidx_start = .
 *(.ARM.exidx*)
 .ARM.exidx     0x000000000800a3b4        0x8 c:/st/stm32cubeide_1.12.1/stm32cubeide/plugins/com.st.stm32cube.ide.mcu.externaltools.gnu-tools-for-stm32.10.3-2021.10.win32_1.0.200.202301161003/tools/bin/../lib/gcc/arm-none-eabi/10.3.1/thumb/v7e-m+fp/hard\libgcc.a(_udivmoddi4.o)
                0x000000000800a3bc                __exidx_end = .
                0x000000000800a3bc                . = ALIGN (0x4)

.rel.dyn        0x000000000800a3bc        0x0
 .rel.iplt      0x000000000800a3bc        0x0 c:/st/stm32cubeide_1.12.1/stm32cubeide/plugins/com.st.stm32cube.ide.mcu.externaltools.gnu-tools-for-stm32.10.3-2021.10.win32_1.0.200.202301161003/tools/bin/../lib/gcc/arm-none-eabi/10.3.1/thumb/v7e-m+fp/hard/crtbegin.o

.preinit_array  0x000000000800a3bc        0x0
                0x000000000800a3bc                . = ALIGN (0x4)
                0x000000000800a3bc                PROVIDE (__preinit_array_start = .)
 *(.preinit_array*)
                0x000000000800a3bc                PROVIDE (__preinit_array_end = .)
                0x000000000800a3bc                . = ALIGN (0x4)

.init_array     0x000000000800a3bc        0x4
                0x000000000800a3bc                . = ALIGN (0x4)
                0x000000000800a3bc                PROVIDE (__init_array_start = .)
 *(SORT_BY_NAME(.init_array.*))
 *(.init_array*)
 .init_array    0x000000000800a3bc        0x4 c:/st/stm32cubeide_1.12.1/stm32cubeide/plugins/com.st.stm32cube.ide.mcu.externaltools.gnu-tools-for-stm32.10.3-2021.10.win32_1.0.200.202301161003/tools/bin/../lib/gcc/arm-none-eabi/10.3.1/thumb/v7e-m+fp/hard/crtbegin.o
                0x000000000800a3c0                PROVIDE (__init_array_end = .)
                0x000000000800a3c0                . = ALIGN (0x4)

.fini_array     0x000000000800a3c0        0x4
                0x000000000800a3c0                . = ALIGN (0x4)
                [!provide]                        PROVIDE (__fini_array_start = .)
 *(SORT_BY_NAME(.fini_array.*))
 *(.fini_array*)
 .fini_array    0x000000000800a3c0        0x4 c:/st/stm32cubeide_1.12.1/stm32cubeide/plugins/com.st.stm32cube.ide.mcu.externaltools.gnu-tools-for-stm32.10.3-2021.10.win32_1.0.200.202301161003/tools/bin/../lib/gcc/arm-none-eabi/10.3.1/thumb/v7e-m+fp/hard/crtbegin.o
                [!provide]                        PROVIDE (__fini_array_end = .)
                0x000000000800a3c4                . = ALIGN (0x4)
                0x000000000800a3c4                _sidata = LOADADDR (.data)

.data           0x0000000020000000       0x84 load address 0x000000000800a3c4
                0x0000000020000000                . = ALIGN (0x4)
                0x0000000020000000                _sdata = .
 *(.data)
 *(.data*)
 .data.SystemCoreClock
                0x0000000020000000        0x4 ./Core/Src/system_stm32f4xx.o
                0x0000000020000000                SystemCoreClock
 .data.Font16   0x0000000020000004        0x8 ./Drivers/GC9A01A_Driver/Src/font16.o
                0x0000000020000004                Font16
 .data.Font24CN
                0x000000002000000c        0xc ./Drivers/GC9A01A_Driver/Src/font24CN.o
                0x000000002000000c                Font24CN
 .data.uwTickPrio
                0x0000000020000018        0x4 ./Drivers/STM32F4xx_HAL_Driver/Src/stm32f4xx_hal.o
                0x0000000020000018                uwTickPrio
 .data.uwTickFreq
                0x000000002000001c        0x1 ./Drivers/STM32F4xx_HAL_Driver/Src/stm32f4xx_hal.o
                0x000000002000001c                uwTickFreq
 *fill*         0x000000002000001d        0x3 
 .data._impure_ptr
                0x0000000020000020        0x4 c:/st/stm32cubeide_1.12.1/stm32cubeide/plugins/com.st.stm32cube.ide.mcu.externaltools.gnu-tools-for-stm32.10.3-2021.10.win32_1.0.200.202301161003/tools/bin/../lib/gcc/arm-none-eabi/10.3.1/../../../../arm-none-eabi/lib/thumb/v7e-m+fp/hard\libc_nano.a(lib_a-impure.o)
                0x0000000020000020                _impure_ptr
 .data.impure_data
                0x0000000020000024       0x60 c:/st/stm32cubeide_1.12.1/stm32cubeide/plugins/com.st.stm32cube.ide.mcu.externaltools.gnu-tools-for-stm32.10.3-2021.10.win32_1.0.200.202301161003/tools/bin/../lib/gcc/arm-none-eabi/10.3.1/../../../../arm-none-eabi/lib/thumb/v7e-m+fp/hard\libc_nano.a(lib_a-impure.o)
 *(.RamFunc)
 *(.RamFunc*)
                0x0000000020000084                . = ALIGN (0x4)
                0x0000000020000084                _edata = .

.igot.plt       0x0000000020000084        0x0 load address 0x000000000800a448
 .igot.plt      0x0000000020000084        0x0 c:/st/stm32cubeide_1.12.1/stm32cubeide/plugins/com.st.stm32cube.ide.mcu.externaltools.gnu-tools-for-stm32.10.3-2021.10.win32_1.0.200.202301161003/tools/bin/../lib/gcc/arm-none-eabi/10.3.1/thumb/v7e-m+fp/hard/crtbegin.o
                0x0000000020000084                . = ALIGN (0x4)

.bss            0x0000000020000084      0x140 load address 0x000000000800a448
                0x0000000020000084                _sbss = .
                0x0000000020000084                __bss_start__ = _sbss
 *(.bss)
 .bss           0x0000000020000084       0x1c c:/st/stm32cubeide_1.12.1/stm32cubeide/plugins/com.st.stm32cube.ide.mcu.externaltools.gnu-tools-for-stm32.10.3-2021.10.win32_1.0.200.202301161003/tools/bin/../lib/gcc/arm-none-eabi/10.3.1/thumb/v7e-m+fp/hard/crtbegin.o
 *(.bss*)
 .bss.hspi1     0x00000000200000a0       0x58 ./Core/Src/spi.o
                0x00000000200000a0                hspi1
 .bss.__sbrk_heap_end
                0x00000000200000f8        0x4 ./Core/Src/sysmem.o
 .bss.htim3     0x00000000200000fc       0x48 ./Core/Src/tim.o
                0x00000000200000fc                htim3
 .bss.huart2    0x0000000020000144       0x44 ./Core/Src/usart.o
                0x0000000020000144                huart2
 .bss.Paint     0x0000000020000188       0x18 ./Drivers/GC9A01A_Driver/Src/GUI_Paint.o
                0x0000000020000188                Paint
 .bss.DISPLAY   0x00000000200001a0        0x4 ./Drivers/GC9A01A_Driver/Src/GUI_Paint.o
                0x00000000200001a0                DISPLAY
 .bss.CLEAR     0x00000000200001a4        0x4 ./Drivers/GC9A01A_Driver/Src/GUI_Paint.o
                0x00000000200001a4                CLEAR
 .bss.LCD_1IN28
                0x00000000200001a8        0x6 ./Drivers/GC9A01A_Driver/Src/LCD_1inch28.o
                0x00000000200001a8                LCD_1IN28
 *fill*         0x00000000200001ae        0x2 
 .bss.uwTick    0x00000000200001b0        0x4 ./Drivers/STM32F4xx_HAL_Driver/Src/stm32f4xx_hal.o
                0x00000000200001b0                uwTick
 .bss.__malloc_free_list
                0x00000000200001b4        0x4 c:/st/stm32cubeide_1.12.1/stm32cubeide/plugins/com.st.stm32cube.ide.mcu.externaltools.gnu-tools-for-stm32.10.3-2021.10.win32_1.0.200.202301161003/tools/bin/../lib/gcc/arm-none-eabi/10.3.1/../../../../arm-none-eabi/lib/thumb/v7e-m+fp/hard\libc_nano.a(lib_a-nano-mallocr.o)
                0x00000000200001b4                __malloc_free_list
 .bss.__malloc_sbrk_start
                0x00000000200001b8        0x4 c:/st/stm32cubeide_1.12.1/stm32cubeide/plugins/com.st.stm32cube.ide.mcu.externaltools.gnu-tools-for-stm32.10.3-2021.10.win32_1.0.200.202301161003/tools/bin/../lib/gcc/arm-none-eabi/10.3.1/../../../../arm-none-eabi/lib/thumb/v7e-m+fp/hard\libc_nano.a(lib_a-nano-mallocr.o)
                0x00000000200001b8                __malloc_sbrk_start
 .bss.__lock___malloc_recursive_mutex
                0x00000000200001bc        0x1 c:/st/stm32cubeide_1.12.1/stm32cubeide/plugins/com.st.stm32cube.ide.mcu.externaltools.gnu-tools-for-stm32.10.3-2021.10.win32_1.0.200.202301161003/tools/bin/../lib/gcc/arm-none-eabi/10.3.1/../../../../arm-none-eabi/lib/thumb/v7e-m+fp/hard\libc_nano.a(lib_a-lock.o)
                0x00000000200001bc                __lock___malloc_recursive_mutex
 .bss.__lock___sfp_recursive_mutex
                0x00000000200001bd        0x1 c:/st/stm32cubeide_1.12.1/stm32cubeide/plugins/com.st.stm32cube.ide.mcu.externaltools.gnu-tools-for-stm32.10.3-2021.10.win32_1.0.200.202301161003/tools/bin/../lib/gcc/arm-none-eabi/10.3.1/../../../../arm-none-eabi/lib/thumb/v7e-m+fp/hard\libc_nano.a(lib_a-lock.o)
                0x00000000200001bd                __lock___sfp_recursive_mutex
 .bss.__lock___sinit_recursive_mutex
                0x00000000200001be        0x1 c:/st/stm32cubeide_1.12.1/stm32cubeide/plugins/com.st.stm32cube.ide.mcu.externaltools.gnu-tools-for-stm32.10.3-2021.10.win32_1.0.200.202301161003/tools/bin/../lib/gcc/arm-none-eabi/10.3.1/../../../../arm-none-eabi/lib/thumb/v7e-m+fp/hard\libc_nano.a(lib_a-lock.o)
                0x00000000200001be                __lock___sinit_recursive_mutex
 *fill*         0x00000000200001bf        0x1 
 .bss.errno     0x00000000200001c0        0x4 c:/st/stm32cubeide_1.12.1/stm32cubeide/plugins/com.st.stm32cube.ide.mcu.externaltools.gnu-tools-for-stm32.10.3-2021.10.win32_1.0.200.202301161003/tools/bin/../lib/gcc/arm-none-eabi/10.3.1/../../../../arm-none-eabi/lib/thumb/v7e-m+fp/hard\libc_nano.a(lib_a-reent.o)
                0x00000000200001c0                errno
 *(COMMON)
                0x00000000200001c4                . = ALIGN (0x4)
                0x00000000200001c4                _ebss = .
                0x00000000200001c4                __bss_end__ = _ebss

._user_heap_stack
                0x00000000200001c4      0x604 load address 0x000000000800a448
                0x00000000200001c8                . = ALIGN (0x8)
 *fill*         0x00000000200001c4        0x4 
                [!provide]                        PROVIDE (end = .)
                0x00000000200001c8                PROVIDE (_end = .)
                0x00000000200003c8                . = (. + _Min_Heap_Size)
 *fill*         0x00000000200001c8      0x200 
                0x00000000200007c8                . = (. + _Min_Stack_Size)
 *fill*         0x00000000200003c8      0x400 
                0x00000000200007c8                . = ALIGN (0x8)

/DISCARD/
 libc.a(*)
 libm.a(*)
 libgcc.a(*)

.ARM.attributes
                0x0000000000000000       0x30
 *(.ARM.attributes)
 .ARM.attributes
                0x0000000000000000       0x1e c:/st/stm32cubeide_1.12.1/stm32cubeide/plugins/com.st.stm32cube.ide.mcu.externaltools.gnu-tools-for-stm32.10.3-2021.10.win32_1.0.200.202301161003/tools/bin/../lib/gcc/arm-none-eabi/10.3.1/thumb/v7e-m+fp/hard/crti.o
 .ARM.attributes
                0x000000000000001e       0x34 c:/st/stm32cubeide_1.12.1/stm32cubeide/plugins/com.st.stm32cube.ide.mcu.externaltools.gnu-tools-for-stm32.10.3-2021.10.win32_1.0.200.202301161003/tools/bin/../lib/gcc/arm-none-eabi/10.3.1/thumb/v7e-m+fp/hard/crtbegin.o
 .ARM.attributes
                0x0000000000000052       0x34 ./Core/Src/gpio.o
 .ARM.attributes
                0x0000000000000086       0x34 ./Core/Src/main.o
 .ARM.attributes
                0x00000000000000ba       0x34 ./Core/Src/spi.o
 .ARM.attributes
                0x00000000000000ee       0x34 ./Core/Src/stm32f4xx_hal_msp.o
 .ARM.attributes
                0x0000000000000122       0x34 ./Core/Src/stm32f4xx_it.o
 .ARM.attributes
                0x0000000000000156       0x34 ./Core/Src/syscalls.o
 .ARM.attributes
                0x000000000000018a       0x34 ./Core/Src/sysmem.o
 .ARM.attributes
                0x00000000000001be       0x34 ./Core/Src/system_stm32f4xx.o
 .ARM.attributes
                0x00000000000001f2       0x34 ./Core/Src/tim.o
 .ARM.attributes
                0x0000000000000226       0x34 ./Core/Src/usart.o
 .ARM.attributes
                0x000000000000025a       0x21 ./Core/Startup/startup_stm32f446retx.o
 .ARM.attributes
                0x000000000000027b       0x34 ./Drivers/GC9A01A_Driver/Src/DEV_Config.o
 .ARM.attributes
                0x00000000000002af       0x34 ./Drivers/GC9A01A_Driver/Src/GUI_Paint.o
 .ARM.attributes
                0x00000000000002e3       0x34 ./Drivers/GC9A01A_Driver/Src/LCD_1inch28.o
 .ARM.attributes
                0x0000000000000317       0x34 ./Drivers/GC9A01A_Driver/Src/LCD_1inch28_test.o
 .ARM.attributes
                0x000000000000034b       0x34 ./Drivers/GC9A01A_Driver/Src/font16.o
 .ARM.attributes
                0x000000000000037f       0x34 ./Drivers/GC9A01A_Driver/Src/font24CN.o
 .ARM.attributes
                0x00000000000003b3       0x34 ./Drivers/GC9A01A_Driver/Src/image.o
 .ARM.attributes
                0x00000000000003e7       0x34 ./Drivers/STM32F4xx_HAL_Driver/Src/stm32f4xx_hal.o
 .ARM.attributes
                0x000000000000041b       0x34 ./Drivers/STM32F4xx_HAL_Driver/Src/stm32f4xx_hal_cortex.o
 .ARM.attributes
                0x000000000000044f       0x34 ./Drivers/STM32F4xx_HAL_Driver/Src/stm32f4xx_hal_gpio.o
 .ARM.attributes
                0x0000000000000483       0x34 ./Drivers/STM32F4xx_HAL_Driver/Src/stm32f4xx_hal_rcc.o
 .ARM.attributes
                0x00000000000004b7       0x34 ./Drivers/STM32F4xx_HAL_Driver/Src/stm32f4xx_hal_rcc_ex.o
 .ARM.attributes
                0x00000000000004eb       0x34 ./Drivers/STM32F4xx_HAL_Driver/Src/stm32f4xx_hal_spi.o
 .ARM.attributes
                0x000000000000051f       0x34 ./Drivers/STM32F4xx_HAL_Driver/Src/stm32f4xx_hal_tim.o
 .ARM.attributes
                0x0000000000000553       0x34 ./Drivers/STM32F4xx_HAL_Driver/Src/stm32f4xx_hal_tim_ex.o
 .ARM.attributes
                0x0000000000000587       0x34 ./Drivers/STM32F4xx_HAL_Driver/Src/stm32f4xx_hal_uart.o
 .ARM.attributes
                0x00000000000005bb       0x34 c:/st/stm32cubeide_1.12.1/stm32cubeide/plugins/com.st.stm32cube.ide.mcu.externaltools.gnu-tools-for-stm32.10.3-2021.10.win32_1.0.200.202301161003/tools/bin/../lib/gcc/arm-none-eabi/10.3.1/../../../../arm-none-eabi/lib/thumb/v7e-m+fp/hard\libc_nano.a(lib_a-errno.o)
 .ARM.attributes
                0x00000000000005ef       0x34 c:/st/stm32cubeide_1.12.1/stm32cubeide/plugins/com.st.stm32cube.ide.mcu.externaltools.gnu-tools-for-stm32.10.3-2021.10.win32_1.0.200.202301161003/tools/bin/../lib/gcc/arm-none-eabi/10.3.1/../../../../arm-none-eabi/lib/thumb/v7e-m+fp/hard\libc_nano.a(lib_a-impure.o)
 .ARM.attributes
                0x0000000000000623       0x34 c:/st/stm32cubeide_1.12.1/stm32cubeide/plugins/com.st.stm32cube.ide.mcu.externaltools.gnu-tools-for-stm32.10.3-2021.10.win32_1.0.200.202301161003/tools/bin/../lib/gcc/arm-none-eabi/10.3.1/../../../../arm-none-eabi/lib/thumb/v7e-m+fp/hard\libc_nano.a(lib_a-init.o)
 .ARM.attributes
                0x0000000000000657       0x34 c:/st/stm32cubeide_1.12.1/stm32cubeide/plugins/com.st.stm32cube.ide.mcu.externaltools.gnu-tools-for-stm32.10.3-2021.10.win32_1.0.200.202301161003/tools/bin/../lib/gcc/arm-none-eabi/10.3.1/../../../../arm-none-eabi/lib/thumb/v7e-m+fp/hard\libc_nano.a(lib_a-memset.o)
 .ARM.attributes
                0x000000000000068b       0x34 c:/st/stm32cubeide_1.12.1/stm32cubeide/plugins/com.st.stm32cube.ide.mcu.externaltools.gnu-tools-for-stm32.10.3-2021.10.win32_1.0.200.202301161003/tools/bin/../lib/gcc/arm-none-eabi/10.3.1/../../../../arm-none-eabi/lib/thumb/v7e-m+fp/hard\libc_nano.a(lib_a-nano-freer.o)
 .ARM.attributes
                0x00000000000006bf       0x34 c:/st/stm32cubeide_1.12.1/stm32cubeide/plugins/com.st.stm32cube.ide.mcu.externaltools.gnu-tools-for-stm32.10.3-2021.10.win32_1.0.200.202301161003/tools/bin/../lib/gcc/arm-none-eabi/10.3.1/../../../../arm-none-eabi/lib/thumb/v7e-m+fp/hard\libc_nano.a(lib_a-nano-mallocr.o)
 .ARM.attributes
                0x00000000000006f3       0x34 c:/st/stm32cubeide_1.12.1/stm32cubeide/plugins/com.st.stm32cube.ide.mcu.externaltools.gnu-tools-for-stm32.10.3-2021.10.win32_1.0.200.202301161003/tools/bin/../lib/gcc/arm-none-eabi/10.3.1/../../../../arm-none-eabi/lib/thumb/v7e-m+fp/hard\libc_nano.a(lib_a-printf.o)
 .ARM.attributes
                0x0000000000000727       0x34 c:/st/stm32cubeide_1.12.1/stm32cubeide/plugins/com.st.stm32cube.ide.mcu.externaltools.gnu-tools-for-stm32.10.3-2021.10.win32_1.0.200.202301161003/tools/bin/../lib/gcc/arm-none-eabi/10.3.1/../../../../arm-none-eabi/lib/thumb/v7e-m+fp/hard\libc_nano.a(lib_a-puts.o)
 .ARM.attributes
                0x000000000000075b       0x34 c:/st/stm32cubeide_1.12.1/stm32cubeide/plugins/com.st.stm32cube.ide.mcu.externaltools.gnu-tools-for-stm32.10.3-2021.10.win32_1.0.200.202301161003/tools/bin/../lib/gcc/arm-none-eabi/10.3.1/../../../../arm-none-eabi/lib/thumb/v7e-m+fp/hard\libc_nano.a(lib_a-sbrkr.o)
 .ARM.attributes
                0x000000000000078f       0x34 c:/st/stm32cubeide_1.12.1/stm32cubeide/plugins/com.st.stm32cube.ide.mcu.externaltools.gnu-tools-for-stm32.10.3-2021.10.win32_1.0.200.202301161003/tools/bin/../lib/gcc/arm-none-eabi/10.3.1/../../../../arm-none-eabi/lib/thumb/v7e-m+fp/hard\libc_nano.a(lib_a-wbuf.o)
 .ARM.attributes
                0x00000000000007c3       0x34 c:/st/stm32cubeide_1.12.1/stm32cubeide/plugins/com.st.stm32cube.ide.mcu.externaltools.gnu-tools-for-stm32.10.3-2021.10.win32_1.0.200.202301161003/tools/bin/../lib/gcc/arm-none-eabi/10.3.1/../../../../arm-none-eabi/lib/thumb/v7e-m+fp/hard\libc_nano.a(lib_a-wsetup.o)
 .ARM.attributes
                0x00000000000007f7       0x34 c:/st/stm32cubeide_1.12.1/stm32cubeide/plugins/com.st.stm32cube.ide.mcu.externaltools.gnu-tools-for-stm32.10.3-2021.10.win32_1.0.200.202301161003/tools/bin/../lib/gcc/arm-none-eabi/10.3.1/../../../../arm-none-eabi/lib/thumb/v7e-m+fp/hard\libc_nano.a(lib_a-fflush.o)
 .ARM.attributes
                0x000000000000082b       0x34 c:/st/stm32cubeide_1.12.1/stm32cubeide/plugins/com.st.stm32cube.ide.mcu.externaltools.gnu-tools-for-stm32.10.3-2021.10.win32_1.0.200.202301161003/tools/bin/../lib/gcc/arm-none-eabi/10.3.1/../../../../arm-none-eabi/lib/thumb/v7e-m+fp/hard\libc_nano.a(lib_a-findfp.o)
 .ARM.attributes
                0x000000000000085f       0x34 c:/st/stm32cubeide_1.12.1/stm32cubeide/plugins/com.st.stm32cube.ide.mcu.externaltools.gnu-tools-for-stm32.10.3-2021.10.win32_1.0.200.202301161003/tools/bin/../lib/gcc/arm-none-eabi/10.3.1/../../../../arm-none-eabi/lib/thumb/v7e-m+fp/hard\libc_nano.a(lib_a-fwalk.o)
 .ARM.attributes
                0x0000000000000893       0x34 c:/st/stm32cubeide_1.12.1/stm32cubeide/plugins/com.st.stm32cube.ide.mcu.externaltools.gnu-tools-for-stm32.10.3-2021.10.win32_1.0.200.202301161003/tools/bin/../lib/gcc/arm-none-eabi/10.3.1/../../../../arm-none-eabi/lib/thumb/v7e-m+fp/hard\libc_nano.a(lib_a-lock.o)
 .ARM.attributes
                0x00000000000008c7       0x34 c:/st/stm32cubeide_1.12.1/stm32cubeide/plugins/com.st.stm32cube.ide.mcu.externaltools.gnu-tools-for-stm32.10.3-2021.10.win32_1.0.200.202301161003/tools/bin/../lib/gcc/arm-none-eabi/10.3.1/../../../../arm-none-eabi/lib/thumb/v7e-m+fp/hard\libc_nano.a(lib_a-makebuf.o)
 .ARM.attributes
                0x00000000000008fb       0x34 c:/st/stm32cubeide_1.12.1/stm32cubeide/plugins/com.st.stm32cube.ide.mcu.externaltools.gnu-tools-for-stm32.10.3-2021.10.win32_1.0.200.202301161003/tools/bin/../lib/gcc/arm-none-eabi/10.3.1/../../../../arm-none-eabi/lib/thumb/v7e-m+fp/hard\libc_nano.a(lib_a-mlock.o)
 .ARM.attributes
                0x000000000000092f       0x34 c:/st/stm32cubeide_1.12.1/stm32cubeide/plugins/com.st.stm32cube.ide.mcu.externaltools.gnu-tools-for-stm32.10.3-2021.10.win32_1.0.200.202301161003/tools/bin/../lib/gcc/arm-none-eabi/10.3.1/../../../../arm-none-eabi/lib/thumb/v7e-m+fp/hard\libc_nano.a(lib_a-nano-vfprintf.o)
 .ARM.attributes
                0x0000000000000963       0x34 c:/st/stm32cubeide_1.12.1/stm32cubeide/plugins/com.st.stm32cube.ide.mcu.externaltools.gnu-tools-for-stm32.10.3-2021.10.win32_1.0.200.202301161003/tools/bin/../lib/gcc/arm-none-eabi/10.3.1/../../../../arm-none-eabi/lib/thumb/v7e-m+fp/hard\libc_nano.a(lib_a-nano-vfprintf_i.o)
 .ARM.attributes
                0x0000000000000997       0x34 c:/st/stm32cubeide_1.12.1/stm32cubeide/plugins/com.st.stm32cube.ide.mcu.externaltools.gnu-tools-for-stm32.10.3-2021.10.win32_1.0.200.202301161003/tools/bin/../lib/gcc/arm-none-eabi/10.3.1/../../../../arm-none-eabi/lib/thumb/v7e-m+fp/hard\libc_nano.a(lib_a-reent.o)
 .ARM.attributes
                0x00000000000009cb       0x34 c:/st/stm32cubeide_1.12.1/stm32cubeide/plugins/com.st.stm32cube.ide.mcu.externaltools.gnu-tools-for-stm32.10.3-2021.10.win32_1.0.200.202301161003/tools/bin/../lib/gcc/arm-none-eabi/10.3.1/../../../../arm-none-eabi/lib/thumb/v7e-m+fp/hard\libc_nano.a(lib_a-stdio.o)
 .ARM.attributes
                0x00000000000009ff       0x34 c:/st/stm32cubeide_1.12.1/stm32cubeide/plugins/com.st.stm32cube.ide.mcu.externaltools.gnu-tools-for-stm32.10.3-2021.10.win32_1.0.200.202301161003/tools/bin/../lib/gcc/arm-none-eabi/10.3.1/../../../../arm-none-eabi/lib/thumb/v7e-m+fp/hard\libc_nano.a(lib_a-writer.o)
 .ARM.attributes
                0x0000000000000a33       0x34 c:/st/stm32cubeide_1.12.1/stm32cubeide/plugins/com.st.stm32cube.ide.mcu.externaltools.gnu-tools-for-stm32.10.3-2021.10.win32_1.0.200.202301161003/tools/bin/../lib/gcc/arm-none-eabi/10.3.1/../../../../arm-none-eabi/lib/thumb/v7e-m+fp/hard\libc_nano.a(lib_a-closer.o)
 .ARM.attributes
                0x0000000000000a67       0x34 c:/st/stm32cubeide_1.12.1/stm32cubeide/plugins/com.st.stm32cube.ide.mcu.externaltools.gnu-tools-for-stm32.10.3-2021.10.win32_1.0.200.202301161003/tools/bin/../lib/gcc/arm-none-eabi/10.3.1/../../../../arm-none-eabi/lib/thumb/v7e-m+fp/hard\libc_nano.a(lib_a-fstatr.o)
 .ARM.attributes
                0x0000000000000a9b       0x34 c:/st/stm32cubeide_1.12.1/stm32cubeide/plugins/com.st.stm32cube.ide.mcu.externaltools.gnu-tools-for-stm32.10.3-2021.10.win32_1.0.200.202301161003/tools/bin/../lib/gcc/arm-none-eabi/10.3.1/../../../../arm-none-eabi/lib/thumb/v7e-m+fp/hard\libc_nano.a(lib_a-isattyr.o)
 .ARM.attributes
                0x0000000000000acf       0x34 c:/st/stm32cubeide_1.12.1/stm32cubeide/plugins/com.st.stm32cube.ide.mcu.externaltools.gnu-tools-for-stm32.10.3-2021.10.win32_1.0.200.202301161003/tools/bin/../lib/gcc/arm-none-eabi/10.3.1/../../../../arm-none-eabi/lib/thumb/v7e-m+fp/hard\libc_nano.a(lib_a-lseekr.o)
 .ARM.attributes
                0x0000000000000b03       0x1c c:/st/stm32cubeide_1.12.1/stm32cubeide/plugins/com.st.stm32cube.ide.mcu.externaltools.gnu-tools-for-stm32.10.3-2021.10.win32_1.0.200.202301161003/tools/bin/../lib/gcc/arm-none-eabi/10.3.1/../../../../arm-none-eabi/lib/thumb/v7e-m+fp/hard\libc_nano.a(lib_a-memchr.o)
 .ARM.attributes
                0x0000000000000b1f       0x34 c:/st/stm32cubeide_1.12.1/stm32cubeide/plugins/com.st.stm32cube.ide.mcu.externaltools.gnu-tools-for-stm32.10.3-2021.10.win32_1.0.200.202301161003/tools/bin/../lib/gcc/arm-none-eabi/10.3.1/../../../../arm-none-eabi/lib/thumb/v7e-m+fp/hard\libc_nano.a(lib_a-readr.o)
 .ARM.attributes
                0x0000000000000b53       0x1e c:/st/stm32cubeide_1.12.1/stm32cubeide/plugins/com.st.stm32cube.ide.mcu.externaltools.gnu-tools-for-stm32.10.3-2021.10.win32_1.0.200.202301161003/tools/bin/../lib/gcc/arm-none-eabi/10.3.1/thumb/v7e-m+fp/hard\libgcc.a(_aeabi_uldivmod.o)
 .ARM.attributes
                0x0000000000000b71       0x34 c:/st/stm32cubeide_1.12.1/stm32cubeide/plugins/com.st.stm32cube.ide.mcu.externaltools.gnu-tools-for-stm32.10.3-2021.10.win32_1.0.200.202301161003/tools/bin/../lib/gcc/arm-none-eabi/10.3.1/thumb/v7e-m+fp/hard\libgcc.a(_udivmoddi4.o)
 .ARM.attributes
                0x0000000000000ba5       0x1e c:/st/stm32cubeide_1.12.1/stm32cubeide/plugins/com.st.stm32cube.ide.mcu.externaltools.gnu-tools-for-stm32.10.3-2021.10.win32_1.0.200.202301161003/tools/bin/../lib/gcc/arm-none-eabi/10.3.1/thumb/v7e-m+fp/hard\libgcc.a(_dvmd_tls.o)
 .ARM.attributes
                0x0000000000000bc3       0x1e c:/st/stm32cubeide_1.12.1/stm32cubeide/plugins/com.st.stm32cube.ide.mcu.externaltools.gnu-tools-for-stm32.10.3-2021.10.win32_1.0.200.202301161003/tools/bin/../lib/gcc/arm-none-eabi/10.3.1/thumb/v7e-m+fp/hard/crtn.o
OUTPUT(LunarWatch.elf elf32-littlearm)
LOAD linker stubs
LOAD c:/st/stm32cubeide_1.12.1/stm32cubeide/plugins/com.st.stm32cube.ide.mcu.externaltools.gnu-tools-for-stm32.10.3-2021.10.win32_1.0.200.202301161003/tools/bin/../lib/gcc/arm-none-eabi/10.3.1/../../../../arm-none-eabi/lib/thumb/v7e-m+fp/hard\libc.a
LOAD c:/st/stm32cubeide_1.12.1/stm32cubeide/plugins/com.st.stm32cube.ide.mcu.externaltools.gnu-tools-for-stm32.10.3-2021.10.win32_1.0.200.202301161003/tools/bin/../lib/gcc/arm-none-eabi/10.3.1/../../../../arm-none-eabi/lib/thumb/v7e-m+fp/hard\libm.a
LOAD c:/st/stm32cubeide_1.12.1/stm32cubeide/plugins/com.st.stm32cube.ide.mcu.externaltools.gnu-tools-for-stm32.10.3-2021.10.win32_1.0.200.202301161003/tools/bin/../lib/gcc/arm-none-eabi/10.3.1/thumb/v7e-m+fp/hard\libgcc.a

.debug_info     0x0000000000000000    0x122d4
 .debug_info    0x0000000000000000      0x4a9 ./Core/Src/gpio.o
 .debug_info    0x00000000000004a9      0x592 ./Core/Src/main.o
 .debug_info    0x0000000000000a3b      0xa23 ./Core/Src/spi.o
 .debug_info    0x000000000000145e      0x2f3 ./Core/Src/stm32f4xx_hal_msp.o
 .debug_info    0x0000000000001751      0x121 ./Core/Src/stm32f4xx_it.o
 .debug_info    0x0000000000001872      0x6e0 ./Core/Src/syscalls.o
 .debug_info    0x0000000000001f52      0x171 ./Core/Src/sysmem.o
 .debug_info    0x00000000000020c3      0x55b ./Core/Src/system_stm32f4xx.o
 .debug_info    0x000000000000261e      0xbed ./Core/Src/tim.o
 .debug_info    0x000000000000320b      0x9d8 ./Core/Src/usart.o
 .debug_info    0x0000000000003be3       0x22 ./Core/Startup/startup_stm32f446retx.o
 .debug_info    0x0000000000003c05      0xb45 ./Drivers/GC9A01A_Driver/Src/DEV_Config.o
 .debug_info    0x000000000000474a      0xf31 ./Drivers/GC9A01A_Driver/Src/GUI_Paint.o
 .debug_info    0x000000000000567b      0x652 ./Drivers/GC9A01A_Driver/Src/LCD_1inch28.o
 .debug_info    0x0000000000005ccd      0x494 ./Drivers/GC9A01A_Driver/Src/LCD_1inch28_test.o
 .debug_info    0x0000000000006161      0x12e ./Drivers/GC9A01A_Driver/Src/font16.o
 .debug_info    0x000000000000628f      0x185 ./Drivers/GC9A01A_Driver/Src/font24CN.o
 .debug_info    0x0000000000006414       0xae ./Drivers/GC9A01A_Driver/Src/image.o
 .debug_info    0x00000000000064c2      0x9d2 ./Drivers/STM32F4xx_HAL_Driver/Src/stm32f4xx_hal.o
 .debug_info    0x0000000000006e94      0xe39 ./Drivers/STM32F4xx_HAL_Driver/Src/stm32f4xx_hal_cortex.o
 .debug_info    0x0000000000007ccd      0x7be ./Drivers/STM32F4xx_HAL_Driver/Src/stm32f4xx_hal_gpio.o
 .debug_info    0x000000000000848b      0x9ab ./Drivers/STM32F4xx_HAL_Driver/Src/stm32f4xx_hal_rcc.o
 .debug_info    0x0000000000008e36      0x9ec ./Drivers/STM32F4xx_HAL_Driver/Src/stm32f4xx_hal_rcc_ex.o
 .debug_info    0x0000000000009822     0x1758 ./Drivers/STM32F4xx_HAL_Driver/Src/stm32f4xx_hal_spi.o
 .debug_info    0x000000000000af7a     0x2bbe ./Drivers/STM32F4xx_HAL_Driver/Src/stm32f4xx_hal_tim.o
 .debug_info    0x000000000000db38     0x15e0 ./Drivers/STM32F4xx_HAL_Driver/Src/stm32f4xx_hal_tim_ex.o
 .debug_info    0x000000000000f118     0x31bc ./Drivers/STM32F4xx_HAL_Driver/Src/stm32f4xx_hal_uart.o

.debug_abbrev   0x0000000000000000     0x2caf
 .debug_abbrev  0x0000000000000000      0x146 ./Core/Src/gpio.o
 .debug_abbrev  0x0000000000000146      0x1fb ./Core/Src/main.o
 .debug_abbrev  0x0000000000000341      0x1e0 ./Core/Src/spi.o
 .debug_abbrev  0x0000000000000521       0xf0 ./Core/Src/stm32f4xx_hal_msp.o
 .debug_abbrev  0x0000000000000611       0x74 ./Core/Src/stm32f4xx_it.o
 .debug_abbrev  0x0000000000000685      0x1b3 ./Core/Src/syscalls.o
 .debug_abbrev  0x0000000000000838       0xbb ./Core/Src/sysmem.o
 .debug_abbrev  0x00000000000008f3      0x116 ./Core/Src/system_stm32f4xx.o
 .debug_abbrev  0x0000000000000a09      0x204 ./Core/Src/tim.o
 .debug_abbrev  0x0000000000000c0d      0x1e7 ./Core/Src/usart.o
 .debug_abbrev  0x0000000000000df4       0x12 ./Core/Startup/startup_stm32f446retx.o
 .debug_abbrev  0x0000000000000e06      0x1f3 ./Drivers/GC9A01A_Driver/Src/DEV_Config.o
 .debug_abbrev  0x0000000000000ff9      0x21c ./Drivers/GC9A01A_Driver/Src/GUI_Paint.o
 .debug_abbrev  0x0000000000001215      0x202 ./Drivers/GC9A01A_Driver/Src/LCD_1inch28.o
 .debug_abbrev  0x0000000000001417      0x117 ./Drivers/GC9A01A_Driver/Src/LCD_1inch28_test.o
 .debug_abbrev  0x000000000000152e       0xb1 ./Drivers/GC9A01A_Driver/Src/font16.o
 .debug_abbrev  0x00000000000015df       0xaf ./Drivers/GC9A01A_Driver/Src/font24CN.o
 .debug_abbrev  0x000000000000168e       0x71 ./Drivers/GC9A01A_Driver/Src/image.o
 .debug_abbrev  0x00000000000016ff      0x20d ./Drivers/STM32F4xx_HAL_Driver/Src/stm32f4xx_hal.o
 .debug_abbrev  0x000000000000190c      0x316 ./Drivers/STM32F4xx_HAL_Driver/Src/stm32f4xx_hal_cortex.o
 .debug_abbrev  0x0000000000001c22      0x1c4 ./Drivers/STM32F4xx_HAL_Driver/Src/stm32f4xx_hal_gpio.o
 .debug_abbrev  0x0000000000001de6      0x2aa ./Drivers/STM32F4xx_HAL_Driver/Src/stm32f4xx_hal_rcc.o
 .debug_abbrev  0x0000000000002090      0x1fb ./Drivers/STM32F4xx_HAL_Driver/Src/stm32f4xx_hal_rcc_ex.o
 .debug_abbrev  0x000000000000228b      0x26e ./Drivers/STM32F4xx_HAL_Driver/Src/stm32f4xx_hal_spi.o
 .debug_abbrev  0x00000000000024f9      0x25d ./Drivers/STM32F4xx_HAL_Driver/Src/stm32f4xx_hal_tim.o
 .debug_abbrev  0x0000000000002756      0x265 ./Drivers/STM32F4xx_HAL_Driver/Src/stm32f4xx_hal_tim_ex.o
 .debug_abbrev  0x00000000000029bb      0x2f4 ./Drivers/STM32F4xx_HAL_Driver/Src/stm32f4xx_hal_uart.o

.debug_aranges  0x0000000000000000     0x10b8
 .debug_aranges
                0x0000000000000000       0x20 ./Core/Src/gpio.o
 .debug_aranges
                0x0000000000000020       0x30 ./Core/Src/main.o
 .debug_aranges
                0x0000000000000050       0x30 ./Core/Src/spi.o
 .debug_aranges
                0x0000000000000080       0x20 ./Core/Src/stm32f4xx_hal_msp.o
 .debug_aranges
                0x00000000000000a0       0x60 ./Core/Src/stm32f4xx_it.o
 .debug_aranges
                0x0000000000000100       0xa8 ./Core/Src/syscalls.o
 .debug_aranges
                0x00000000000001a8       0x20 ./Core/Src/sysmem.o
 .debug_aranges
                0x00000000000001c8       0x28 ./Core/Src/system_stm32f4xx.o
 .debug_aranges
                0x00000000000001f0       0x38 ./Core/Src/tim.o
 .debug_aranges
                0x0000000000000228       0x30 ./Core/Src/usart.o
 .debug_aranges
                0x0000000000000258       0x28 ./Core/Startup/startup_stm32f446retx.o
 .debug_aranges
                0x0000000000000280       0x38 ./Drivers/GC9A01A_Driver/Src/DEV_Config.o
 .debug_aranges
                0x00000000000002b8       0xb0 ./Drivers/GC9A01A_Driver/Src/GUI_Paint.o
 .debug_aranges
                0x0000000000000368       0x80 ./Drivers/GC9A01A_Driver/Src/LCD_1inch28.o
 .debug_aranges
                0x00000000000003e8       0x20 ./Drivers/GC9A01A_Driver/Src/LCD_1inch28_test.o
 .debug_aranges
                0x0000000000000408       0x18 ./Drivers/GC9A01A_Driver/Src/font16.o
 .debug_aranges
                0x0000000000000420       0x18 ./Drivers/GC9A01A_Driver/Src/font24CN.o
 .debug_aranges
                0x0000000000000438       0x18 ./Drivers/GC9A01A_Driver/Src/image.o
 .debug_aranges
                0x0000000000000450       0xf0 ./Drivers/STM32F4xx_HAL_Driver/Src/stm32f4xx_hal.o
 .debug_aranges
                0x0000000000000540      0x118 ./Drivers/STM32F4xx_HAL_Driver/Src/stm32f4xx_hal_cortex.o
 .debug_aranges
                0x0000000000000658       0x58 ./Drivers/STM32F4xx_HAL_Driver/Src/stm32f4xx_hal_gpio.o
 .debug_aranges
                0x00000000000006b0       0x88 ./Drivers/STM32F4xx_HAL_Driver/Src/stm32f4xx_hal_rcc.o
 .debug_aranges
                0x0000000000000738       0x78 ./Drivers/STM32F4xx_HAL_Driver/Src/stm32f4xx_hal_rcc_ex.o
 .debug_aranges
                0x00000000000007b0      0x1d0 ./Drivers/STM32F4xx_HAL_Driver/Src/stm32f4xx_hal_spi.o
 .debug_aranges
                0x0000000000000980      0x3d0 ./Drivers/STM32F4xx_HAL_Driver/Src/stm32f4xx_hal_tim.o
 .debug_aranges
                0x0000000000000d50      0x168 ./Drivers/STM32F4xx_HAL_Driver/Src/stm32f4xx_hal_tim_ex.o
 .debug_aranges
                0x0000000000000eb8      0x200 ./Drivers/STM32F4xx_HAL_Driver/Src/stm32f4xx_hal_uart.o

.debug_ranges   0x0000000000000000      0xf28
 .debug_ranges  0x0000000000000000       0x10 ./Core/Src/gpio.o
 .debug_ranges  0x0000000000000010       0x20 ./Core/Src/main.o
 .debug_ranges  0x0000000000000030       0x20 ./Core/Src/spi.o
 .debug_ranges  0x0000000000000050       0x10 ./Core/Src/stm32f4xx_hal_msp.o
 .debug_ranges  0x0000000000000060       0x50 ./Core/Src/stm32f4xx_it.o
 .debug_ranges  0x00000000000000b0       0x98 ./Core/Src/syscalls.o
 .debug_ranges  0x0000000000000148       0x10 ./Core/Src/sysmem.o
 .debug_ranges  0x0000000000000158       0x18 ./Core/Src/system_stm32f4xx.o
 .debug_ranges  0x0000000000000170       0x28 ./Core/Src/tim.o
 .debug_ranges  0x0000000000000198       0x20 ./Core/Src/usart.o
 .debug_ranges  0x00000000000001b8       0x20 ./Core/Startup/startup_stm32f446retx.o
 .debug_ranges  0x00000000000001d8       0x28 ./Drivers/GC9A01A_Driver/Src/DEV_Config.o
 .debug_ranges  0x0000000000000200       0xa0 ./Drivers/GC9A01A_Driver/Src/GUI_Paint.o
 .debug_ranges  0x00000000000002a0       0x70 ./Drivers/GC9A01A_Driver/Src/LCD_1inch28.o
 .debug_ranges  0x0000000000000310       0x10 ./Drivers/GC9A01A_Driver/Src/LCD_1inch28_test.o
 .debug_ranges  0x0000000000000320       0xe0 ./Drivers/STM32F4xx_HAL_Driver/Src/stm32f4xx_hal.o
 .debug_ranges  0x0000000000000400      0x108 ./Drivers/STM32F4xx_HAL_Driver/Src/stm32f4xx_hal_cortex.o
 .debug_ranges  0x0000000000000508       0x48 ./Drivers/STM32F4xx_HAL_Driver/Src/stm32f4xx_hal_gpio.o
 .debug_ranges  0x0000000000000550       0x78 ./Drivers/STM32F4xx_HAL_Driver/Src/stm32f4xx_hal_rcc.o
 .debug_ranges  0x00000000000005c8       0x68 ./Drivers/STM32F4xx_HAL_Driver/Src/stm32f4xx_hal_rcc_ex.o
 .debug_ranges  0x0000000000000630      0x1c0 ./Drivers/STM32F4xx_HAL_Driver/Src/stm32f4xx_hal_spi.o
 .debug_ranges  0x00000000000007f0      0x3c0 ./Drivers/STM32F4xx_HAL_Driver/Src/stm32f4xx_hal_tim.o
 .debug_ranges  0x0000000000000bb0      0x158 ./Drivers/STM32F4xx_HAL_Driver/Src/stm32f4xx_hal_tim_ex.o
 .debug_ranges  0x0000000000000d08      0x220 ./Drivers/STM32F4xx_HAL_Driver/Src/stm32f4xx_hal_uart.o

.debug_macro    0x0000000000000000    0x248f9
 .debug_macro   0x0000000000000000      0x1f1 ./Core/Src/gpio.o
 .debug_macro   0x00000000000001f1      0xa78 ./Core/Src/gpio.o
 .debug_macro   0x0000000000000c69      0x2a1 ./Core/Src/gpio.o
 .debug_macro   0x0000000000000f0a       0x2e ./Core/Src/gpio.o
 .debug_macro   0x0000000000000f38       0x28 ./Core/Src/gpio.o
 .debug_macro   0x0000000000000f60       0x22 ./Core/Src/gpio.o
 .debug_macro   0x0000000000000f82       0x8e ./Core/Src/gpio.o
 .debug_macro   0x0000000000001010       0x51 ./Core/Src/gpio.o
 .debug_macro   0x0000000000001061      0x103 ./Core/Src/gpio.o
 .debug_macro   0x0000000000001164       0x6a ./Core/Src/gpio.o
 .debug_macro   0x00000000000011ce      0x1df ./Core/Src/gpio.o
 .debug_macro   0x00000000000013ad       0x1c ./Core/Src/gpio.o
 .debug_macro   0x00000000000013c9       0x22 ./Core/Src/gpio.o
 .debug_macro   0x00000000000013eb       0xd9 ./Core/Src/gpio.o
 .debug_macro   0x00000000000014c4     0x102d ./Core/Src/gpio.o
 .debug_macro   0x00000000000024f1      0x11f ./Core/Src/gpio.o
 .debug_macro   0x0000000000002610    0x16749 ./Core/Src/gpio.o
 .debug_macro   0x0000000000018d59       0x6d ./Core/Src/gpio.o
 .debug_macro   0x0000000000018dc6     0x367e ./Core/Src/gpio.o
 .debug_macro   0x000000000001c444      0x174 ./Core/Src/gpio.o
 .debug_macro   0x000000000001c5b8       0x5c ./Core/Src/gpio.o
 .debug_macro   0x000000000001c614      0xc90 ./Core/Src/gpio.o
 .debug_macro   0x000000000001d2a4      0x9fe ./Core/Src/gpio.o
 .debug_macro   0x000000000001dca2      0x115 ./Core/Src/gpio.o
 .debug_macro   0x000000000001ddb7      0x1a0 ./Core/Src/gpio.o
 .debug_macro   0x000000000001df57       0xa5 ./Core/Src/gpio.o
 .debug_macro   0x000000000001dffc      0x16d ./Core/Src/gpio.o
 .debug_macro   0x000000000001e169      0x287 ./Core/Src/gpio.o
 .debug_macro   0x000000000001e3f0       0x5f ./Core/Src/gpio.o
 .debug_macro   0x000000000001e44f      0x236 ./Core/Src/gpio.o
 .debug_macro   0x000000000001e685      0x132 ./Core/Src/gpio.o
 .debug_macro   0x000000000001e7b7      0x29c ./Core/Src/gpio.o
 .debug_macro   0x000000000001ea53       0x2e ./Core/Src/gpio.o
 .debug_macro   0x000000000001ea81      0x11a ./Core/Src/gpio.o
 .debug_macro   0x000000000001eb9b       0xe8 ./Core/Src/gpio.o
 .debug_macro   0x000000000001ec83       0x89 ./Core/Src/gpio.o
 .debug_macro   0x000000000001ed0c      0x225 ./Core/Src/gpio.o
 .debug_macro   0x000000000001ef31      0x8e6 ./Core/Src/gpio.o
 .debug_macro   0x000000000001f817       0x4d ./Core/Src/gpio.o
 .debug_macro   0x000000000001f864      0x295 ./Core/Src/gpio.o
 .debug_macro   0x000000000001faf9      0x126 ./Core/Src/gpio.o
 .debug_macro   0x000000000001fc1f       0x70 ./Core/Src/gpio.o
 .debug_macro   0x000000000001fc8f      0x213 ./Core/Src/main.o
 .debug_macro   0x000000000001fea2      0x1f1 ./Core/Src/spi.o
 .debug_macro   0x0000000000020093      0x1e7 ./Core/Src/stm32f4xx_hal_msp.o
 .debug_macro   0x000000000002027a      0x1f1 ./Core/Src/stm32f4xx_it.o
 .debug_macro   0x000000000002046b      0x24c ./Core/Src/syscalls.o
 .debug_macro   0x00000000000206b7       0x4c ./Core/Src/syscalls.o
 .debug_macro   0x0000000000020703       0x1e ./Core/Src/syscalls.o
 .debug_macro   0x0000000000020721       0x94 ./Core/Src/syscalls.o
 .debug_macro   0x00000000000207b5       0x3c ./Core/Src/syscalls.o
 .debug_macro   0x00000000000207f1       0x34 ./Core/Src/syscalls.o
 .debug_macro   0x0000000000020825       0x57 ./Core/Src/syscalls.o
 .debug_macro   0x000000000002087c      0x341 ./Core/Src/syscalls.o
 .debug_macro   0x0000000000020bbd       0x16 ./Core/Src/syscalls.o
 .debug_macro   0x0000000000020bd3       0x43 ./Core/Src/syscalls.o
 .debug_macro   0x0000000000020c16       0x34 ./Core/Src/syscalls.o
 .debug_macro   0x0000000000020c4a       0x10 ./Core/Src/syscalls.o
 .debug_macro   0x0000000000020c5a       0x58 ./Core/Src/syscalls.o
 .debug_macro   0x0000000000020cb2       0x71 ./Core/Src/syscalls.o
 .debug_macro   0x0000000000020d23       0x1c ./Core/Src/syscalls.o
 .debug_macro   0x0000000000020d3f      0x12a ./Core/Src/syscalls.o
 .debug_macro   0x0000000000020e69       0x10 ./Core/Src/syscalls.o
 .debug_macro   0x0000000000020e79       0x35 ./Core/Src/syscalls.o
 .debug_macro   0x0000000000020eae       0x10 ./Core/Src/syscalls.o
 .debug_macro   0x0000000000020ebe       0x10 ./Core/Src/syscalls.o
 .debug_macro   0x0000000000020ece       0x10 ./Core/Src/syscalls.o
 .debug_macro   0x0000000000020ede       0x1c ./Core/Src/syscalls.o
 .debug_macro   0x0000000000020efa       0x52 ./Core/Src/syscalls.o
 .debug_macro   0x0000000000020f4c       0x22 ./Core/Src/syscalls.o
 .debug_macro   0x0000000000020f6e       0x10 ./Core/Src/syscalls.o
 .debug_macro   0x0000000000020f7e       0x52 ./Core/Src/syscalls.o
 .debug_macro   0x0000000000020fd0       0xd5 ./Core/Src/syscalls.o
 .debug_macro   0x00000000000210a5       0x1c ./Core/Src/syscalls.o
 .debug_macro   0x00000000000210c1       0x3d ./Core/Src/syscalls.o
 .debug_macro   0x00000000000210fe       0x35 ./Core/Src/syscalls.o
 .debug_macro   0x0000000000021133      0x12c ./Core/Src/syscalls.o
 .debug_macro   0x000000000002125f       0x16 ./Core/Src/syscalls.o
 .debug_macro   0x0000000000021275       0x16 ./Core/Src/syscalls.o