c:\users\enyoukai\stm32cubeide\workspace_1.12.1\lunarwatch\drivers\lvgl-master\src\misc\lv_area.h:300:26:lv_pct	16	static
../Drivers/lvgl-master/examples/widgets/checkbox/../../../src/core/../core/lv_disp.h:390:34:lv_scr_act	8	static
../Drivers/lvgl-master/examples/widgets/checkbox/lv_example_checkbox_2.c:9:13:radio_event_handler	32	static
../Drivers/lvgl-master/examples/widgets/checkbox/lv_example_checkbox_2.c:28:13:radiobutton_create	24	static
../Drivers/lvgl-master/examples/widgets/checkbox/lv_example_checkbox_2.c:40:6:lv_example_checkbox_2	64	static
