../Drivers/lvgl-master/src/themes/default/../../../src/core/../misc/../font/../misc/lv_area.h:300:26:lv_pct	16	static
../Drivers/lvgl-master/src/themes/default/../../../src/core/../misc/lv_color.h:343:20:lv_color16_set_int	16	static
../Drivers/lvgl-master/src/themes/default/../../../src/core/../misc/lv_color.h:358:20:lv_color_set_int	16	static
../Drivers/lvgl-master/src/themes/default/../../../src/core/../misc/lv_color.h:368:24:lv_color16_to_int	24	static
../Drivers/lvgl-master/src/themes/default/../../../src/core/../misc/lv_color.h:385:24:lv_color_to_int	16	static
../Drivers/lvgl-master/src/themes/default/../../../src/core/../misc/lv_color.h:586:48:lv_color_mix	40	static
../Drivers/lvgl-master/src/themes/default/../../../src/core/../misc/lv_color.h:718:26:lv_color_make	16	static
../Drivers/lvgl-master/src/themes/default/../../../src/core/../misc/lv_color.h:723:26:lv_color_hex	24	static
../Drivers/lvgl-master/src/themes/default/../../../src/core/../misc/lv_color.h:762:20:lv_color_filter_dsc_init	16	static
../Drivers/lvgl-master/src/themes/default/../../../src/core/../misc/lv_color.h:818:26:lv_color_white	8	static
../Drivers/lvgl-master/src/themes/default/../../../src/core/../misc/lv_style.h:565:20:lv_style_set_size	16	static
../Drivers/lvgl-master/src/themes/default/../../../src/core/../misc/lv_style.h:571:20:lv_style_set_pad_all	16	static
../Drivers/lvgl-master/src/themes/default/../../../src/core/../misc/lv_style.h:579:20:lv_style_set_pad_hor	16	static
../Drivers/lvgl-master/src/themes/default/../../../src/core/../misc/lv_style.h:585:20:lv_style_set_pad_ver	16	static
../Drivers/lvgl-master/src/themes/default/../../../src/core/../misc/lv_style.h:591:20:lv_style_set_pad_gap	16	static
../Drivers/lvgl-master/src/themes/default/../../../src/core/../core/lv_disp.h:573:26:lv_disp_dpx	16	static
../Drivers/lvgl-master/src/themes/default/lv_theme_default.c:193:19:dark_color_filter_cb	16	static
../Drivers/lvgl-master/src/themes/default/lv_theme_default.c:199:19:grey_filter_cb	16	static
../Drivers/lvgl-master/src/themes/default/lv_theme_default.c:206:13:style_init	32	static
../Drivers/lvgl-master/src/themes/default/lv_theme_default.c:652:14:lv_theme_default_init	24	static
../Drivers/lvgl-master/src/themes/default/lv_theme_default.c:687:14:lv_theme_default_get	8	static
../Drivers/lvgl-master/src/themes/default/lv_theme_default.c:696:6:lv_theme_default_is_inited	4	static
../Drivers/lvgl-master/src/themes/default/lv_theme_default.c:702:13:theme_apply	24	static
../Drivers/lvgl-master/src/themes/default/lv_theme_default.c:1175:13:style_init_reset	16	static
