c:\users\enyoukai\stm32cubeide\workspace_1.12.1\lunarwatch\drivers\lvgl-8.3.7\src\misc\lv_area.h:133:26:lv_area_get_height	16	static
../Drivers/lvgl-8.3.7/examples/widgets/table/../../../src/hal/../draw/../misc/lv_color.h:595:26:lv_color_make	16	static
../Drivers/lvgl-8.3.7/examples/widgets/table/../../../src/hal/../draw/../misc/lv_color.h:696:26:lv_color_white	8	static
../Drivers/lvgl-8.3.7/examples/widgets/table/../../../src/core/lv_disp.h:182:26:lv_scr_act	8	static
../Drivers/lvgl-8.3.7/examples/widgets/table/lv_example_table_2.c:6:13:draw_event_cb	104	static
../Drivers/lvgl-8.3.7/examples/widgets/table/lv_example_table_2.c:41:13:change_event_cb	32	static
../Drivers/lvgl-8.3.7/examples/widgets/table/lv_example_table_2.c:56:6:lv_example_table_2	96	static
