../Drivers/lvgl-master/examples/layouts/grid/../../../src/misc/lv_anim.h:125:20:lv_anim_set_var	16	static
../Drivers/lvgl-master/examples/layouts/grid/../../../src/misc/lv_anim.h:137:20:lv_anim_set_exec_cb	16	static
../Drivers/lvgl-master/examples/layouts/grid/../../../src/misc/lv_anim.h:147:20:lv_anim_set_time	16	static
../Drivers/lvgl-master/examples/layouts/grid/../../../src/misc/lv_anim.h:168:20:lv_anim_set_values	24	static
../Drivers/lvgl-master/examples/layouts/grid/../../../src/misc/lv_anim.h:246:20:lv_anim_set_playback_time	16	static
../Drivers/lvgl-master/examples/layouts/grid/../../../src/misc/lv_anim.h:266:20:lv_anim_set_repeat_count	16	static
../Drivers/lvgl-master/examples/layouts/grid/../../../src/core/../core/lv_disp.h:390:34:lv_scr_act	8	static
../Drivers/lvgl-master/examples/layouts/grid/../../../src/core/lv_obj_pos.h:199:20:lv_obj_center	16	static
../Drivers/lvgl-master/examples/layouts/grid/lv_example_grid_5.c:4:13:row_gap_anim	16	static
../Drivers/lvgl-master/examples/layouts/grid/lv_example_grid_5.c:9:13:column_gap_anim	16	static
../Drivers/lvgl-master/examples/layouts/grid/lv_example_grid_5.c:17:6:lv_example_grid_5	120	static
