c:\users\enyoukai\stm32cubeide\workspace_1.12.1\lunarwatch\drivers\lvgl-master\src\misc\lv_area.h:135:26:lv_area_get_width	16	static
c:\users\enyoukai\stm32cubeide\workspace_1.12.1\lunarwatch\drivers\lvgl-master\src\misc\lv_area.h:145:26:lv_area_get_height	16	static
../Drivers/lvgl-master/examples/widgets/btnmatrix/../../../src/core/../misc/lv_color.h:718:26:lv_color_make	16	static
../Drivers/lvgl-master/examples/widgets/btnmatrix/../../../src/core/../misc/lv_color.h:818:26:lv_color_white	8	static
../Drivers/lvgl-master/examples/widgets/btnmatrix/../../../src/core/../misc/lv_color.h:822:26:lv_color_black	8	static
../Drivers/lvgl-master/examples/widgets/btnmatrix/../../../src/core/../core/lv_disp.h:390:34:lv_scr_act	8	static
../Drivers/lvgl-master/examples/widgets/btnmatrix/../../../src/core/lv_obj_pos.h:199:20:lv_obj_center	16	static
../Drivers/lvgl-master/examples/widgets/btnmatrix/lv_example_btnmatrix_2.c:5:13:event_cb	88	static
../Drivers/lvgl-master/examples/widgets/btnmatrix/lv_example_btnmatrix_2.c:71:6:lv_example_btnmatrix_2	16	static
