../Drivers/lvgl-master/src/widgets/imgbtn/../../core/../misc/../font/../misc/lv_area.h:122:20:lv_area_copy	16	static
../Drivers/lvgl-master/src/widgets/imgbtn/../../core/../misc/lv_mem.h:96:20:lv_memzero	16	static
../Drivers/lvgl-master/src/widgets/imgbtn/../../core/lv_obj_style_gen.h:58:26:lv_obj_get_style_transform_width	24	static
../Drivers/lvgl-master/src/widgets/imgbtn/../../core/lv_obj_style_gen.h:64:26:lv_obj_get_style_transform_height	24	static
../Drivers/lvgl-master/src/widgets/imgbtn/lv_imgbtn.c:57:12:lv_imgbtn_create	24	static
../Drivers/lvgl-master/src/widgets/imgbtn/lv_imgbtn.c:80:6:lv_imgbtn_set_src	32	static
../Drivers/lvgl-master/src/widgets/imgbtn/lv_imgbtn.c:94:6:lv_imgbtn_set_state	24	static
../Drivers/lvgl-master/src/widgets/imgbtn/lv_imgbtn.c:123:14:lv_imgbtn_get_src_left	24	static
../Drivers/lvgl-master/src/widgets/imgbtn/lv_imgbtn.c:138:14:lv_imgbtn_get_src_middle	24	static
../Drivers/lvgl-master/src/widgets/imgbtn/lv_imgbtn.c:152:14:lv_imgbtn_get_src_right	24	static
../Drivers/lvgl-master/src/widgets/imgbtn/lv_imgbtn.c:165:13:lv_imgbtn_constructor	24	static
../Drivers/lvgl-master/src/widgets/imgbtn/lv_imgbtn.c:177:13:lv_imgbtn_event	40	static
../Drivers/lvgl-master/src/widgets/imgbtn/lv_imgbtn.c:208:13:draw_main	112	static
../Drivers/lvgl-master/src/widgets/imgbtn/lv_imgbtn.c:285:13:refr_img	32	static
../Drivers/lvgl-master/src/widgets/imgbtn/lv_imgbtn.c:306:26:suggest_state	24	static
../Drivers/lvgl-master/src/widgets/imgbtn/lv_imgbtn.c:337:26:get_state	24	static
../Drivers/lvgl-master/src/widgets/imgbtn/lv_imgbtn.c:358:13:update_src_info	24	static
