../Drivers/lvgl-master/examples/widgets/table/../../../src/core/../misc/../font/../misc/lv_area.h:145:26:lv_area_get_height	16	static
../Drivers/lvgl-master/examples/widgets/table/../../../src/core/../misc/lv_color.h:718:26:lv_color_make	16	static
../Drivers/lvgl-master/examples/widgets/table/../../../src/core/../misc/lv_color.h:818:26:lv_color_white	8	static
../Drivers/lvgl-master/examples/widgets/table/../../../src/core/../core/lv_disp.h:390:34:lv_scr_act	8	static
../Drivers/lvgl-master/examples/widgets/table/lv_example_table_2.c:6:13:draw_event_cb	104	static
../Drivers/lvgl-master/examples/widgets/table/lv_example_table_2.c:41:13:change_event_cb	32	static
../Drivers/lvgl-master/examples/widgets/table/lv_example_table_2.c:56:6:lv_example_table_2	96	static
