../Drivers/lvgl-master/src/draw/sw/../../misc/lv_area.h:135:26:lv_area_get_width	16	static
../Drivers/lvgl-master/src/draw/sw/../../misc/lv_area.h:145:26:lv_area_get_height	16	static
../Drivers/lvgl-master/src/draw/sw/../../misc/lv_color.h:343:20:lv_color16_set_int	16	static
../Drivers/lvgl-master/src/draw/sw/../../misc/lv_color.h:358:20:lv_color_set_int	16	static
../Drivers/lvgl-master/src/draw/sw/../../misc/lv_color.h:368:24:lv_color16_to_int	24	static
../Drivers/lvgl-master/src/draw/sw/../../misc/lv_color.h:385:24:lv_color_to_int	16	static
../Drivers/lvgl-master/src/draw/sw/../../misc/lv_color.h:423:20:lv_color_eq	24	static
../Drivers/lvgl-master/src/draw/sw/../../misc/lv_color.h:586:48:lv_color_mix	40	static
../Drivers/lvgl-master/src/draw/sw/../../misc/lv_color.h:618:42:lv_color_premult	16	static
../Drivers/lvgl-master/src/draw/sw/../../misc/lv_color.h:634:48:lv_color_mix_premult	24	static
../Drivers/lvgl-master/src/draw/sw/../../misc/lv_color.h:654:42:lv_color_mix_with_alpha	24	static
../Drivers/lvgl-master/src/draw/sw/../../misc/lv_color.h:718:26:lv_color_make	16	static
../Drivers/lvgl-master/src/draw/sw/../../misc/lv_color.h:822:26:lv_color_black	8	static
../Drivers/lvgl-master/src/draw/sw/lv_draw_sw_blend.c:79:6:lv_draw_sw_blend	24	static
../Drivers/lvgl-master/src/draw/sw/lv_draw_sw_blend.c:92:28:lv_draw_sw_blend_basic	80	static
../Drivers/lvgl-master/src/draw/sw/lv_draw_sw_blend.c:171:35:fill_normal	96	static
../Drivers/lvgl-master/src/draw/sw/lv_draw_sw_blend.c:306:20:set_px_argb	40	static
../Drivers/lvgl-master/src/draw/sw/lv_draw_sw_blend.c:333:20:set_px_argb_blend	32	static
../Drivers/lvgl-master/src/draw/sw/lv_draw_sw_blend.c:378:35:fill_argb	64	static
../Drivers/lvgl-master/src/draw/sw/lv_draw_sw_blend.c:461:13:fill_blended	64	static
../Drivers/lvgl-master/src/draw/sw/lv_draw_sw_blend.c:532:35:map_normal	64	static
../Drivers/lvgl-master/src/draw/sw/lv_draw_sw_blend.c:625:35:map_argb	72	static
../Drivers/lvgl-master/src/draw/sw/lv_draw_sw_blend.c:763:13:map_blended	64	static
../Drivers/lvgl-master/src/draw/sw/lv_draw_sw_blend.c:835:26:color_blend_true_color_additive	16	static
../Drivers/lvgl-master/src/draw/sw/lv_draw_sw_blend.c:856:26:color_blend_true_color_subtractive	24	static
../Drivers/lvgl-master/src/draw/sw/lv_draw_sw_blend.c:875:26:color_blend_true_color_multiply	16	static
