../Drivers/lvgl-master/src/widgets/colorwheel/../../../src/misc/lv_math.h:51:45:lv_trigo_cos	16	static
../Drivers/lvgl-master/src/widgets/colorwheel/../../../src/core/../misc/../font/../misc/lv_area.h:122:20:lv_area_copy	16	static
../Drivers/lvgl-master/src/widgets/colorwheel/../../../src/core/../misc/../font/../misc/lv_area.h:135:26:lv_area_get_width	16	static
../Drivers/lvgl-master/src/widgets/colorwheel/../../../src/core/../misc/../font/../misc/lv_area.h:145:26:lv_area_get_height	16	static
../Drivers/lvgl-master/src/widgets/colorwheel/../../../src/core/../misc/lv_color.h:520:28:lv_color_to32	24	static
../Drivers/lvgl-master/src/widgets/colorwheel/../../../src/core/../misc/lv_color.h:718:26:lv_color_make	16	static
../Drivers/lvgl-master/src/widgets/colorwheel/../../../src/core/lv_obj_style_gen.h:106:26:lv_obj_get_style_pad_top	24	static
../Drivers/lvgl-master/src/widgets/colorwheel/../../../src/core/lv_obj_style_gen.h:112:26:lv_obj_get_style_pad_bottom	24	static
../Drivers/lvgl-master/src/widgets/colorwheel/../../../src/core/lv_obj_style_gen.h:118:26:lv_obj_get_style_pad_left	24	static
../Drivers/lvgl-master/src/widgets/colorwheel/../../../src/core/lv_obj_style_gen.h:124:26:lv_obj_get_style_pad_right	24	static
../Drivers/lvgl-master/src/widgets/colorwheel/../../../src/core/lv_obj_style_gen.h:436:26:lv_obj_get_style_arc_width	24	static
../Drivers/lvgl-master/src/widgets/colorwheel/lv_colorwheel.c:78:12:lv_colorwheel_create	24	static
../Drivers/lvgl-master/src/widgets/colorwheel/lv_colorwheel.c:98:6:lv_colorwheel_set_hsv	24	static
../Drivers/lvgl-master/src/widgets/colorwheel/lv_colorwheel.c:124:6:lv_colorwheel_set_rgb	24	static
../Drivers/lvgl-master/src/widgets/colorwheel/lv_colorwheel.c:136:6:lv_colorwheel_set_mode	24	static
../Drivers/lvgl-master/src/widgets/colorwheel/lv_colorwheel.c:151:6:lv_colorwheel_set_mode_fixed	24	static
../Drivers/lvgl-master/src/widgets/colorwheel/lv_colorwheel.c:169:16:lv_colorwheel_get_hsv	24	static
../Drivers/lvgl-master/src/widgets/colorwheel/lv_colorwheel.c:182:12:lv_colorwheel_get_rgb	24	static
../Drivers/lvgl-master/src/widgets/colorwheel/lv_colorwheel.c:195:22:lv_colorwheel_get_color_mode	24	static
../Drivers/lvgl-master/src/widgets/colorwheel/lv_colorwheel.c:208:6:lv_colorwheel_get_color_mode_fixed	24	static
../Drivers/lvgl-master/src/widgets/colorwheel/lv_colorwheel.c:224:13:lv_colorwheel_constructor	24	static
../Drivers/lvgl-master/src/widgets/colorwheel/lv_colorwheel.c:242:13:draw_disc_grad	136	static
../Drivers/lvgl-master/src/widgets/colorwheel/lv_colorwheel.c:306:13:draw_knob	96	static
../Drivers/lvgl-master/src/widgets/colorwheel/lv_colorwheel.c:327:13:invalidate_knob	24	static
../Drivers/lvgl-master/src/widgets/colorwheel/lv_colorwheel.c:334:18:get_knob_area	40	static
../Drivers/lvgl-master/src/widgets/colorwheel/lv_colorwheel.c:356:13:lv_colorwheel_event	112	static
../Drivers/lvgl-master/src/widgets/colorwheel/lv_colorwheel.c:541:13:next_color_mode	24	static
../Drivers/lvgl-master/src/widgets/colorwheel/lv_colorwheel.c:549:13:refr_knob_pos	40	static
../Drivers/lvgl-master/src/widgets/colorwheel/lv_colorwheel.c:567:17:double_click_reset	32	static
../Drivers/lvgl-master/src/widgets/colorwheel/lv_colorwheel.c:616:13:fast_hsv2rgb	40	static
../Drivers/lvgl-master/src/widgets/colorwheel/lv_colorwheel.c:648:19:angle_to_mode_color_fast	40	static
../Drivers/lvgl-master/src/widgets/colorwheel/lv_colorwheel.c:694:17:get_angle	24	static
