../Drivers/lvgl-master/src/core/../misc/lv_area.h:135:26:lv_area_get_width	16	static
../Drivers/lvgl-master/src/core/../misc/lv_area.h:145:26:lv_area_get_height	16	static
../Drivers/lvgl-master/src/core/lv_obj_style_gen.h:82:26:lv_obj_get_style_transform_zoom	24	static
../Drivers/lvgl-master/src/core/lv_obj_style_gen.h:88:26:lv_obj_get_style_transform_angle	24	static
../Drivers/lvgl-master/src/core/lv_obj_style_gen.h:106:26:lv_obj_get_style_pad_top	24	static
../Drivers/lvgl-master/src/core/lv_obj_style_gen.h:112:26:lv_obj_get_style_pad_bottom	24	static
../Drivers/lvgl-master/src/core/lv_obj_style_gen.h:118:26:lv_obj_get_style_pad_left	24	static
../Drivers/lvgl-master/src/core/lv_obj_style_gen.h:124:26:lv_obj_get_style_pad_right	24	static
../Drivers/lvgl-master/src/core/lv_obj_style.h:312:26:lv_obj_get_style_transform_zoom_safe	24	static
../Drivers/lvgl-master/src/core/lv_indev_scroll.c:47:6:_lv_indev_scroll_handler	64	static
../Drivers/lvgl-master/src/core/lv_indev_scroll.c:113:6:_lv_indev_scroll_throw_handler	64	static
../Drivers/lvgl-master/src/core/lv_indev_scroll.c:232:12:lv_indev_scroll_throw_predict	24	static
../Drivers/lvgl-master/src/core/lv_indev_scroll.c:257:6:lv_indev_scroll_get_snap_dist	16	static
../Drivers/lvgl-master/src/core/lv_indev_scroll.c:267:19:find_scroll_obj	72	static
../Drivers/lvgl-master/src/core/lv_indev_scroll.c:395:13:init_scroll_limits	40	static
../Drivers/lvgl-master/src/core/lv_indev_scroll.c:463:19:find_snap_point_x	64	static
../Drivers/lvgl-master/src/core/lv_indev_scroll.c:518:19:find_snap_point_y	64	static
../Drivers/lvgl-master/src/core/lv_indev_scroll.c:564:13:scroll_limit_diff	24	static
../Drivers/lvgl-master/src/core/lv_indev_scroll.c:589:19:scroll_throw_predict_y	32	static
../Drivers/lvgl-master/src/core/lv_indev_scroll.c:605:19:scroll_throw_predict_x	32	static
../Drivers/lvgl-master/src/core/lv_indev_scroll.c:620:19:elastic_diff	48	static
