../Drivers/lvgl-master/src/core/../misc/lv_area.h:135:26:lv_area_get_width	16	static
../Drivers/lvgl-master/src/core/../misc/lv_area.h:145:26:lv_area_get_height	16	static
../Drivers/lvgl-master/src/core/../misc/lv_anim.h:125:20:lv_anim_set_var	16	static
../Drivers/lvgl-master/src/core/../misc/lv_anim.h:137:20:lv_anim_set_exec_cb	16	static
../Drivers/lvgl-master/src/core/../misc/lv_anim.h:147:20:lv_anim_set_time	16	static
../Drivers/lvgl-master/src/core/../misc/lv_anim.h:168:20:lv_anim_set_values	24	static
../Drivers/lvgl-master/src/core/../misc/lv_anim.h:195:20:lv_anim_set_path_cb	16	static
../Drivers/lvgl-master/src/core/../misc/lv_anim.h:226:20:lv_anim_set_ready_cb	16	static
../Drivers/lvgl-master/src/core/lv_obj_style_gen.h:4:26:lv_obj_get_style_width	24	static
../Drivers/lvgl-master/src/core/lv_obj_style_gen.h:106:26:lv_obj_get_style_pad_top	24	static
../Drivers/lvgl-master/src/core/lv_obj_style_gen.h:112:26:lv_obj_get_style_pad_bottom	24	static
../Drivers/lvgl-master/src/core/lv_obj_style_gen.h:118:26:lv_obj_get_style_pad_left	24	static
../Drivers/lvgl-master/src/core/lv_obj_style_gen.h:124:26:lv_obj_get_style_pad_right	24	static
../Drivers/lvgl-master/src/core/lv_obj_style_gen.h:148:26:lv_obj_get_style_margin_bottom	24	static
../Drivers/lvgl-master/src/core/lv_obj_style_gen.h:154:26:lv_obj_get_style_margin_left	24	static
../Drivers/lvgl-master/src/core/lv_obj_style_gen.h:160:26:lv_obj_get_style_margin_right	24	static
../Drivers/lvgl-master/src/core/lv_obj_style_gen.h:178:24:lv_obj_get_style_bg_opa	24	static
../Drivers/lvgl-master/src/core/lv_obj_style_gen.h:274:24:lv_obj_get_style_border_opa	24	static
../Drivers/lvgl-master/src/core/lv_obj_style_gen.h:280:26:lv_obj_get_style_border_width	24	static
../Drivers/lvgl-master/src/core/lv_obj_style_gen.h:286:32:lv_obj_get_style_border_side	24	static
../Drivers/lvgl-master/src/core/lv_obj_style_gen.h:586:29:lv_obj_get_style_base_dir	24	static
../Drivers/lvgl-master/src/core/lv_obj_style.h:278:26:lv_obj_get_style_space_left	24	static
../Drivers/lvgl-master/src/core/lv_obj_style.h:286:26:lv_obj_get_style_space_right	24	static
../Drivers/lvgl-master/src/core/lv_obj_style.h:294:26:lv_obj_get_style_space_top	24	static
../Drivers/lvgl-master/src/core/lv_obj_style.h:302:26:lv_obj_get_style_space_bottom	24	static
../Drivers/lvgl-master/src/core/lv_obj_scroll.c:56:6:lv_obj_set_scrollbar_mode	16	static
../Drivers/lvgl-master/src/core/lv_obj_scroll.c:67:6:lv_obj_set_scroll_dir	16	static
../Drivers/lvgl-master/src/core/lv_obj_scroll.c:76:6:lv_obj_set_scroll_snap_x	16	static
../Drivers/lvgl-master/src/core/lv_obj_scroll.c:82:6:lv_obj_set_scroll_snap_y	16	static
../Drivers/lvgl-master/src/core/lv_obj_scroll.c:92:21:lv_obj_get_scrollbar_mode	16	static
../Drivers/lvgl-master/src/core/lv_obj_scroll.c:98:10:lv_obj_get_scroll_dir	16	static
../Drivers/lvgl-master/src/core/lv_obj_scroll.c:104:18:lv_obj_get_scroll_snap_x	16	static
../Drivers/lvgl-master/src/core/lv_obj_scroll.c:110:18:lv_obj_get_scroll_snap_y	16	static
../Drivers/lvgl-master/src/core/lv_obj_scroll.c:116:12:lv_obj_get_scroll_x	16	static
../Drivers/lvgl-master/src/core/lv_obj_scroll.c:122:12:lv_obj_get_scroll_y	16	static
../Drivers/lvgl-master/src/core/lv_obj_scroll.c:128:12:lv_obj_get_scroll_top	16	static
../Drivers/lvgl-master/src/core/lv_obj_scroll.c:134:12:lv_obj_get_scroll_bottom	56	static
../Drivers/lvgl-master/src/core/lv_obj_scroll.c:162:12:lv_obj_get_scroll_left	56	static
../Drivers/lvgl-master/src/core/lv_obj_scroll.c:205:12:lv_obj_get_scroll_right	56	static
../Drivers/lvgl-master/src/core/lv_obj_scroll.c:242:6:lv_obj_get_scroll_end	24	static
../Drivers/lvgl-master/src/core/lv_obj_scroll.c:256:6:lv_obj_scroll_by_bounded	48	static
../Drivers/lvgl-master/src/core/lv_obj_scroll.c:305:6:lv_obj_scroll_by	128	static
../Drivers/lvgl-master/src/core/lv_obj_scroll.c:364:6:lv_obj_scroll_to	24	static
../Drivers/lvgl-master/src/core/lv_obj_scroll.c:370:6:lv_obj_scroll_to_x	24	static
../Drivers/lvgl-master/src/core/lv_obj_scroll.c:380:6:lv_obj_scroll_to_y	24	static
../Drivers/lvgl-master/src/core/lv_obj_scroll.c:390:6:lv_obj_scroll_to_view	24	static
../Drivers/lvgl-master/src/core/lv_obj_scroll.c:399:6:lv_obj_scroll_to_view_recursive	32	static
../Drivers/lvgl-master/src/core/lv_obj_scroll.c:414:10:_lv_obj_scroll_by_raw	24	static
../Drivers/lvgl-master/src/core/lv_obj_scroll.c:431:6:lv_obj_is_scrolling	24	static
../Drivers/lvgl-master/src/core/lv_obj_scroll.c:442:6:lv_obj_update_snap	24	static
../Drivers/lvgl-master/src/core/lv_obj_scroll.c:450:6:lv_obj_get_scrollbar_area	96	static
../Drivers/lvgl-master/src/core/lv_obj_scroll.c:624:6:lv_obj_scrollbar_invalidate	32	static
../Drivers/lvgl-master/src/core/lv_obj_scroll.c:636:6:lv_obj_readjust_scroll	24	static
../Drivers/lvgl-master/src/core/lv_obj_scroll.c:674:13:scroll_x_anim	16	static
../Drivers/lvgl-master/src/core/lv_obj_scroll.c:679:13:scroll_y_anim	16	static
../Drivers/lvgl-master/src/core/lv_obj_scroll.c:684:13:scroll_anim_ready_cb	16	static
../Drivers/lvgl-master/src/core/lv_obj_scroll.c:689:13:scroll_area_into_view	80	static
