../Drivers/lvgl-master/src/core/../draw/../misc/../font/../misc/lv_area.h:135:26:lv_area_get_width	16	static
../Drivers/lvgl-master/src/core/../draw/../misc/../font/../misc/lv_area.h:145:26:lv_area_get_height	16	static
../Drivers/lvgl-master/src/core/../draw/../misc/lv_mem.h:96:20:lv_memzero	16	static
../Drivers/lvgl-master/src/core/lv_obj_style_gen.h:58:26:lv_obj_get_style_transform_width	24	static
../Drivers/lvgl-master/src/core/lv_obj_style_gen.h:64:26:lv_obj_get_style_transform_height	24	static
../Drivers/lvgl-master/src/core/lv_obj_style_gen.h:172:26:lv_obj_get_style_bg_color_filtered	24	static
../Drivers/lvgl-master/src/core/lv_obj_style_gen.h:178:24:lv_obj_get_style_bg_opa	24	static
../Drivers/lvgl-master/src/core/lv_obj_style_gen.h:190:26:lv_obj_get_style_bg_grad_color_filtered	24	static
../Drivers/lvgl-master/src/core/lv_obj_style_gen.h:196:29:lv_obj_get_style_bg_grad_dir	24	static
../Drivers/lvgl-master/src/core/lv_obj_style_gen.h:202:26:lv_obj_get_style_bg_main_stop	24	static
../Drivers/lvgl-master/src/core/lv_obj_style_gen.h:208:26:lv_obj_get_style_bg_grad_stop	24	static
../Drivers/lvgl-master/src/core/lv_obj_style_gen.h:214:37:lv_obj_get_style_bg_grad	24	static
../Drivers/lvgl-master/src/core/lv_obj_style_gen.h:220:32:lv_obj_get_style_bg_dither_mode	24	static
../Drivers/lvgl-master/src/core/lv_obj_style_gen.h:226:28:lv_obj_get_style_bg_img_src	24	static
../Drivers/lvgl-master/src/core/lv_obj_style_gen.h:232:24:lv_obj_get_style_bg_img_opa	24	static
../Drivers/lvgl-master/src/core/lv_obj_style_gen.h:244:26:lv_obj_get_style_bg_img_recolor_filtered	24	static
../Drivers/lvgl-master/src/core/lv_obj_style_gen.h:250:24:lv_obj_get_style_bg_img_recolor_opa	24	static
../Drivers/lvgl-master/src/core/lv_obj_style_gen.h:256:20:lv_obj_get_style_bg_img_tiled	24	static
../Drivers/lvgl-master/src/core/lv_obj_style_gen.h:268:26:lv_obj_get_style_border_color_filtered	24	static
../Drivers/lvgl-master/src/core/lv_obj_style_gen.h:274:24:lv_obj_get_style_border_opa	24	static
../Drivers/lvgl-master/src/core/lv_obj_style_gen.h:280:26:lv_obj_get_style_border_width	24	static
../Drivers/lvgl-master/src/core/lv_obj_style_gen.h:286:32:lv_obj_get_style_border_side	24	static
../Drivers/lvgl-master/src/core/lv_obj_style_gen.h:298:26:lv_obj_get_style_outline_width	24	static
../Drivers/lvgl-master/src/core/lv_obj_style_gen.h:310:26:lv_obj_get_style_outline_color_filtered	24	static
../Drivers/lvgl-master/src/core/lv_obj_style_gen.h:316:24:lv_obj_get_style_outline_opa	24	static
../Drivers/lvgl-master/src/core/lv_obj_style_gen.h:322:26:lv_obj_get_style_outline_pad	24	static
../Drivers/lvgl-master/src/core/lv_obj_style_gen.h:328:26:lv_obj_get_style_shadow_width	24	static
../Drivers/lvgl-master/src/core/lv_obj_style_gen.h:334:26:lv_obj_get_style_shadow_ofs_x	24	static
../Drivers/lvgl-master/src/core/lv_obj_style_gen.h:340:26:lv_obj_get_style_shadow_ofs_y	24	static
../Drivers/lvgl-master/src/core/lv_obj_style_gen.h:346:26:lv_obj_get_style_shadow_spread	24	static
../Drivers/lvgl-master/src/core/lv_obj_style_gen.h:358:26:lv_obj_get_style_shadow_color_filtered	24	static
../Drivers/lvgl-master/src/core/lv_obj_style_gen.h:364:24:lv_obj_get_style_shadow_opa	24	static
../Drivers/lvgl-master/src/core/lv_obj_style_gen.h:370:24:lv_obj_get_style_img_opa	24	static
../Drivers/lvgl-master/src/core/lv_obj_style_gen.h:382:26:lv_obj_get_style_img_recolor_filtered	24	static
../Drivers/lvgl-master/src/core/lv_obj_style_gen.h:388:24:lv_obj_get_style_img_recolor_opa	24	static
../Drivers/lvgl-master/src/core/lv_obj_style_gen.h:394:26:lv_obj_get_style_line_width	24	static
../Drivers/lvgl-master/src/core/lv_obj_style_gen.h:400:26:lv_obj_get_style_line_dash_width	24	static
../Drivers/lvgl-master/src/core/lv_obj_style_gen.h:406:26:lv_obj_get_style_line_dash_gap	24	static
../Drivers/lvgl-master/src/core/lv_obj_style_gen.h:412:20:lv_obj_get_style_line_rounded	24	static
../Drivers/lvgl-master/src/core/lv_obj_style_gen.h:424:26:lv_obj_get_style_line_color_filtered	24	static
../Drivers/lvgl-master/src/core/lv_obj_style_gen.h:430:24:lv_obj_get_style_line_opa	24	static
../Drivers/lvgl-master/src/core/lv_obj_style_gen.h:436:26:lv_obj_get_style_arc_width	24	static
../Drivers/lvgl-master/src/core/lv_obj_style_gen.h:442:20:lv_obj_get_style_arc_rounded	24	static
../Drivers/lvgl-master/src/core/lv_obj_style_gen.h:454:26:lv_obj_get_style_arc_color_filtered	24	static
../Drivers/lvgl-master/src/core/lv_obj_style_gen.h:460:24:lv_obj_get_style_arc_opa	24	static
../Drivers/lvgl-master/src/core/lv_obj_style_gen.h:466:28:lv_obj_get_style_arc_img_src	24	static
../Drivers/lvgl-master/src/core/lv_obj_style_gen.h:478:26:lv_obj_get_style_text_color_filtered	24	static
../Drivers/lvgl-master/src/core/lv_obj_style_gen.h:484:24:lv_obj_get_style_text_opa	24	static
../Drivers/lvgl-master/src/core/lv_obj_style_gen.h:490:33:lv_obj_get_style_text_font	24	static
../Drivers/lvgl-master/src/core/lv_obj_style_gen.h:496:26:lv_obj_get_style_text_letter_space	24	static
../Drivers/lvgl-master/src/core/lv_obj_style_gen.h:502:26:lv_obj_get_style_text_line_space	24	static
../Drivers/lvgl-master/src/core/lv_obj_style_gen.h:508:31:lv_obj_get_style_text_decor	24	static
../Drivers/lvgl-master/src/core/lv_obj_style_gen.h:514:31:lv_obj_get_style_text_align	24	static
../Drivers/lvgl-master/src/core/lv_obj_style_gen.h:520:26:lv_obj_get_style_radius	24	static
../Drivers/lvgl-master/src/core/lv_obj_style_gen.h:532:24:lv_obj_get_style_opa	24	static
../Drivers/lvgl-master/src/core/lv_obj_style_gen.h:574:31:lv_obj_get_style_blend_mode	24	static
../Drivers/lvgl-master/src/core/lv_obj_draw.c:39:6:lv_obj_init_draw_rect_dsc	40	static
../Drivers/lvgl-master/src/core/lv_obj_draw.c:195:6:lv_obj_init_draw_label_dsc	40	static
../Drivers/lvgl-master/src/core/lv_obj_draw.c:226:6:lv_obj_init_draw_img_dsc	40	static
../Drivers/lvgl-master/src/core/lv_obj_draw.c:253:6:lv_obj_init_draw_line_dsc	40	static
../Drivers/lvgl-master/src/core/lv_obj_draw.c:285:6:lv_obj_init_draw_arc_dsc	40	static
../Drivers/lvgl-master/src/core/lv_obj_draw.c:312:12:lv_obj_calculate_ext_draw_size	40	static
../Drivers/lvgl-master/src/core/lv_obj_draw.c:346:6:lv_obj_draw_dsc_init	16	static
../Drivers/lvgl-master/src/core/lv_obj_draw.c:352:6:lv_obj_draw_part_check_type	24	static
../Drivers/lvgl-master/src/core/lv_obj_draw.c:358:6:lv_obj_refresh_ext_draw_size	24	static
../Drivers/lvgl-master/src/core/lv_obj_draw.c:382:12:_lv_obj_get_ext_draw_size	16	static
../Drivers/lvgl-master/src/core/lv_obj_draw.c:388:17:_lv_obj_get_layer_type	16	static
