../Drivers/lvgl-master/examples/widgets/list/../../../src/core/../misc/../font/../misc/lv_area.h:300:26:lv_pct	16	static
../Drivers/lvgl-master/examples/widgets/list/../../../src/core/../core/lv_disp.h:390:34:lv_scr_act	8	static
../Drivers/lvgl-master/examples/widgets/list/../../../src/lv_api_map.h:60:20:lv_obj_move_foreground	24	static
../Drivers/lvgl-master/examples/widgets/list/../../../src/lv_api_map.h:77:20:lv_obj_move_background	16	static
../Drivers/lvgl-master/examples/widgets/list/lv_example_list_2.c:12:13:event_handler	40	static
../Drivers/lvgl-master/examples/widgets/list/lv_example_list_2.c:39:13:event_handler_top	24	static
../Drivers/lvgl-master/examples/widgets/list/lv_example_list_2.c:49:13:event_handler_up	24	static
../Drivers/lvgl-master/examples/widgets/list/lv_example_list_2.c:61:13:event_handler_center	32	static
../Drivers/lvgl-master/examples/widgets/list/lv_example_list_2.c:76:13:event_handler_dn	24	static
../Drivers/lvgl-master/examples/widgets/list/lv_example_list_2.c:88:13:event_handler_bottom	24	static
../Drivers/lvgl-master/examples/widgets/list/lv_example_list_2.c:98:13:event_handler_swap	40	static
../Drivers/lvgl-master/examples/widgets/list/lv_example_list_2.c:115:6:lv_example_list_2	32	static
