../Drivers/lvgl-master/src/widgets/textarea/../label/../../core/../misc/../font/../misc/lv_area.h:122:20:lv_area_copy	16	static
../Drivers/lvgl-master/src/widgets/textarea/../label/../../core/../misc/../font/../misc/lv_area.h:300:26:lv_pct	16	static
../Drivers/lvgl-master/src/widgets/textarea/../label/../../core/../misc/../font/lv_font.h:126:26:lv_font_get_line_height	16	static
../Drivers/lvgl-master/src/widgets/textarea/../label/../../core/../misc/lv_color.h:368:24:lv_color16_to_int	24	static
../Drivers/lvgl-master/src/widgets/textarea/../label/../../core/../misc/lv_color.h:385:24:lv_color_to_int	16	static
../Drivers/lvgl-master/src/widgets/textarea/../label/../../core/../misc/lv_color.h:423:20:lv_color_eq	24	static
../Drivers/lvgl-master/src/widgets/textarea/../label/../../core/../misc/lv_anim.h:125:20:lv_anim_set_var	16	static
../Drivers/lvgl-master/src/widgets/textarea/../label/../../core/../misc/lv_anim.h:137:20:lv_anim_set_exec_cb	16	static
../Drivers/lvgl-master/src/widgets/textarea/../label/../../core/../misc/lv_anim.h:147:20:lv_anim_set_time	16	static
../Drivers/lvgl-master/src/widgets/textarea/../label/../../core/../misc/lv_anim.h:168:20:lv_anim_set_values	24	static
../Drivers/lvgl-master/src/widgets/textarea/../label/../../core/../misc/lv_anim.h:195:20:lv_anim_set_path_cb	16	static
../Drivers/lvgl-master/src/widgets/textarea/../label/../../core/../misc/lv_anim.h:226:20:lv_anim_set_ready_cb	16	static
../Drivers/lvgl-master/src/widgets/textarea/../label/../../core/../misc/lv_anim.h:246:20:lv_anim_set_playback_time	16	static
../Drivers/lvgl-master/src/widgets/textarea/../label/../../core/../misc/lv_anim.h:266:20:lv_anim_set_repeat_count	16	static
../Drivers/lvgl-master/src/widgets/textarea/../label/../../core/lv_obj_style_gen.h:106:26:lv_obj_get_style_pad_top	24	static
../Drivers/lvgl-master/src/widgets/textarea/../label/../../core/lv_obj_style_gen.h:112:26:lv_obj_get_style_pad_bottom	24	static
../Drivers/lvgl-master/src/widgets/textarea/../label/../../core/lv_obj_style_gen.h:118:26:lv_obj_get_style_pad_left	24	static
../Drivers/lvgl-master/src/widgets/textarea/../label/../../core/lv_obj_style_gen.h:124:26:lv_obj_get_style_pad_right	24	static
../Drivers/lvgl-master/src/widgets/textarea/../label/../../core/lv_obj_style_gen.h:280:26:lv_obj_get_style_border_width	24	static
../Drivers/lvgl-master/src/widgets/textarea/../label/../../core/lv_obj_style_gen.h:472:26:lv_obj_get_style_text_color	24	static
../Drivers/lvgl-master/src/widgets/textarea/../label/../../core/lv_obj_style_gen.h:490:33:lv_obj_get_style_text_font	24	static
../Drivers/lvgl-master/src/widgets/textarea/../label/../../core/lv_obj_style_gen.h:502:26:lv_obj_get_style_text_line_space	24	static
../Drivers/lvgl-master/src/widgets/textarea/../label/../../core/lv_obj_style_gen.h:556:24:lv_obj_get_style_anim_time	24	static
../Drivers/lvgl-master/src/widgets/textarea/lv_textarea.c:88:12:lv_textarea_create	24	static
../Drivers/lvgl-master/src/widgets/textarea/lv_textarea.c:100:6:lv_textarea_add_char	56	static
../Drivers/lvgl-master/src/widgets/textarea/lv_textarea.c:161:6:lv_textarea_add_text	48	static
../Drivers/lvgl-master/src/widgets/textarea/lv_textarea.c:211:6:lv_textarea_del_char	48	static
../Drivers/lvgl-master/src/widgets/textarea/lv_textarea.c:255:6:lv_textarea_del_char_forward	24	static
../Drivers/lvgl-master/src/widgets/textarea/lv_textarea.c:268:6:lv_textarea_set_text	40	static
../Drivers/lvgl-master/src/widgets/textarea/lv_textarea.c:316:6:lv_textarea_set_placeholder_text	24	static
../Drivers/lvgl-master/src/widgets/textarea/lv_textarea.c:345:6:lv_textarea_set_cursor_pos	48	static
../Drivers/lvgl-master/src/widgets/textarea/lv_textarea.c:397:6:lv_textarea_set_cursor_click_pos	24	static
../Drivers/lvgl-master/src/widgets/textarea/lv_textarea.c:405:6:lv_textarea_set_password_mode	32	static
../Drivers/lvgl-master/src/widgets/textarea/lv_textarea.c:439:6:lv_textarea_set_password_bullet	24	static
../Drivers/lvgl-master/src/widgets/textarea/lv_textarea.c:469:6:lv_textarea_set_one_line	24	static
../Drivers/lvgl-master/src/widgets/textarea/lv_textarea.c:493:6:lv_textarea_set_accepted_chars	24	static
../Drivers/lvgl-master/src/widgets/textarea/lv_textarea.c:502:6:lv_textarea_set_max_length	24	static
../Drivers/lvgl-master/src/widgets/textarea/lv_textarea.c:511:6:lv_textarea_set_insert_replace	16	static
../Drivers/lvgl-master/src/widgets/textarea/lv_textarea.c:519:6:lv_textarea_set_text_selection	24	static
../Drivers/lvgl-master/src/widgets/textarea/lv_textarea.c:535:6:lv_textarea_set_password_show_time	24	static
../Drivers/lvgl-master/src/widgets/textarea/lv_textarea.c:543:6:lv_textarea_set_align	16	static
../Drivers/lvgl-master/src/widgets/textarea/lv_textarea.c:566:14:lv_textarea_get_text	24	static
../Drivers/lvgl-master/src/widgets/textarea/lv_textarea.c:583:14:lv_textarea_get_placeholder_text	24	static
../Drivers/lvgl-master/src/widgets/textarea/lv_textarea.c:592:12:lv_textarea_get_label	24	static
../Drivers/lvgl-master/src/widgets/textarea/lv_textarea.c:600:10:lv_textarea_get_cursor_pos	24	static
../Drivers/lvgl-master/src/widgets/textarea/lv_textarea.c:608:6:lv_textarea_get_cursor_click_pos	24	static
../Drivers/lvgl-master/src/widgets/textarea/lv_textarea.c:616:6:lv_textarea_get_password_mode	24	static
../Drivers/lvgl-master/src/widgets/textarea/lv_textarea.c:624:14:lv_textarea_get_password_bullet	40	static
../Drivers/lvgl-master/src/widgets/textarea/lv_textarea.c:641:6:lv_textarea_get_one_line	24	static
../Drivers/lvgl-master/src/widgets/textarea/lv_textarea.c:649:14:lv_textarea_get_accepted_chars	24	static
../Drivers/lvgl-master/src/widgets/textarea/lv_textarea.c:658:10:lv_textarea_get_max_length	24	static
../Drivers/lvgl-master/src/widgets/textarea/lv_textarea.c:666:6:lv_textarea_text_is_selected	24	static
../Drivers/lvgl-master/src/widgets/textarea/lv_textarea.c:686:6:lv_textarea_get_text_selection	24	static
../Drivers/lvgl-master/src/widgets/textarea/lv_textarea.c:699:10:lv_textarea_get_password_show_time	24	static
../Drivers/lvgl-master/src/widgets/textarea/lv_textarea.c:708:10:lv_textarea_get_current_char	32	static
../Drivers/lvgl-master/src/widgets/textarea/lv_textarea.c:725:6:lv_textarea_clear_selection	24	static
../Drivers/lvgl-master/src/widgets/textarea/lv_textarea.c:742:6:lv_textarea_cursor_right	24	static
../Drivers/lvgl-master/src/widgets/textarea/lv_textarea.c:751:6:lv_textarea_cursor_left	24	static
../Drivers/lvgl-master/src/widgets/textarea/lv_textarea.c:762:6:lv_textarea_cursor_down	56	static
../Drivers/lvgl-master/src/widgets/textarea/lv_textarea.c:791:6:lv_textarea_cursor_up	56	static
../Drivers/lvgl-master/src/widgets/textarea/lv_textarea.c:819:13:lv_textarea_constructor	32	static
../Drivers/lvgl-master/src/widgets/textarea/lv_textarea.c:857:13:lv_textarea_destructor	24	static
../Drivers/lvgl-master/src/widgets/textarea/lv_textarea.c:876:13:lv_textarea_event	32	static
../Drivers/lvgl-master/src/widgets/textarea/lv_textarea.c:927:13:label_event_cb	32	static
../Drivers/lvgl-master/src/widgets/textarea/lv_textarea.c:947:13:cursor_blink_anim_cb	32	static
../Drivers/lvgl-master/src/widgets/textarea/lv_textarea.c:969:13:pwd_char_hider_anim	16	static
../Drivers/lvgl-master/src/widgets/textarea/lv_textarea.c:979:13:pwd_char_hider_anim_ready	24	static
../Drivers/lvgl-master/src/widgets/textarea/lv_textarea.c:989:13:pwd_char_hider	48	static
../Drivers/lvgl-master/src/widgets/textarea/lv_textarea.c:1023:13:char_is_accepted	40	static
../Drivers/lvgl-master/src/widgets/textarea/lv_textarea.c:1044:13:start_cursor_blink	104	static
../Drivers/lvgl-master/src/widgets/textarea/lv_textarea.c:1066:13:refr_cursor_area	104	static
../Drivers/lvgl-master/src/widgets/textarea/lv_textarea.c:1147:13:update_cursor_position_on_click	64	static
../Drivers/lvgl-master/src/widgets/textarea/lv_textarea.c:1265:17:insert_handler	16	static
../Drivers/lvgl-master/src/widgets/textarea/lv_textarea.c:1285:13:draw_placeholder	88	static
../Drivers/lvgl-master/src/widgets/textarea/lv_textarea.c:1310:13:draw_cursor	168	static
../Drivers/lvgl-master/src/widgets/textarea/lv_textarea.c:1356:13:auto_hide_characters	96	static
../Drivers/lvgl-master/src/widgets/textarea/lv_textarea.c:1376:20:is_valid_but_non_printable_char	16	static
