c:\users\enyoukai\stm32cubeide\workspace_1.12.1\lunarwatch\drivers\lvgl-8.3.7\src\misc\lv_color.h:595:26:lv_color_make	16	static
c:\users\enyoukai\stm32cubeide\workspace_1.12.1\lunarwatch\drivers\lvgl-8.3.7\src\misc\lv_color.h:600:26:lv_color_hex	24	static
c:\users\enyoukai\stm32cubeide\workspace_1.12.1\lunarwatch\drivers\lvgl-8.3.7\src\misc\lv_color.h:696:26:lv_color_white	8	static
C:/Users/enyoukai/STM32CubeIDE/workspace_1.12.1/LunarWatch/Drivers/lvgl-8.3.7/src/core/lv_disp.h:182:26:lv_scr_act	8	static
C:/Users/enyoukai/STM32CubeIDE/workspace_1.12.1/LunarWatch/Drivers/lvgl-8.3.7/src/lv_api_map.h:35:51:lv_task_handler	8	static
../Core/Src/main.c:92:1:__io_putchar	16	static
../Core/Src/main.c:116:5:main	32	static
../Core/Src/main.c:245:6:SystemClock_Config	88	static
../Core/Src/main.c:292:6:GC9A01AInit	8	static
../Core/Src/main.c:306:6:LVGLInit	16	static
../Core/Src/main.c:322:6:BootScreen	16	static
../Core/Src/main.c:329:6:renderClock	64	static
../Core/Src/main.c:368:6:my_flush_cb	40	static
../Core/Src/main.c:400:6:Error_Handler	4	static,ignoring_inline_asm
