c:\users\enyoukai\stm32cubeide\workspace_1.12.1\lunarwatch\drivers\lvgl-8.3.7\src\misc\lv_color.h:600:26:lv_color_hex	24	static
C:/Users/enyoukai/STM32CubeIDE/workspace_1.12.1/LunarWatch/Drivers/lvgl-8.3.7/src/core/lv_disp.h:182:26:lv_scr_act	8	static
../Core/Src/main.c:82:1:__io_putchar	16	static
../Core/Src/main.c:106:5:main	24	static
../Core/Src/main.c:189:6:SystemClock_Config	88	static
../Core/Src/main.c:236:6:LCDInit	8	static
../Core/Src/main.c:250:6:LCDBootScreen	16	static
../Core/Src/main.c:257:6:LCDRenderClock	80	static
../Core/Src/main.c:294:6:my_flush_cb	40	static
../Core/Src/main.c:326:6:Error_Handler	4	static,ignoring_inline_asm
