c:\users\enyoukai\stm32cubeide\workspace_1.12.1\lunarwatch\drivers\lvgl-master\src\misc\lv_color.h:343:20:lv_color16_set_int	16	static
c:\users\enyoukai\stm32cubeide\workspace_1.12.1\lunarwatch\drivers\lvgl-master\src\misc\lv_color.h:358:20:lv_color_set_int	16	static
c:\users\enyoukai\stm32cubeide\workspace_1.12.1\lunarwatch\drivers\lvgl-master\src\misc\lv_color.h:718:26:lv_color_make	16	static
c:\users\enyoukai\stm32cubeide\workspace_1.12.1\lunarwatch\drivers\lvgl-master\src\misc\lv_color.h:723:26:lv_color_hex	24	static
c:\users\enyoukai\stm32cubeide\workspace_1.12.1\lunarwatch\drivers\lvgl-master\src\misc\lv_color.h:818:26:lv_color_white	8	static
c:\users\enyoukai\stm32cubeide\workspace_1.12.1\lunarwatch\drivers\lvgl-master\src\core\lv_disp.h:390:34:lv_scr_act	8	static
../Core/Src/ui.c:16:6:ui_init	24	static
../Core/Src/ui.c:91:6:render_clock	64	static
../Core/Src/ui.c:129:6:lvgl_pause_ms	24	static
