../Drivers/lvgl-master/examples/widgets/slider/../../../src/core/../core/lv_disp.h:390:34:lv_scr_act	8	static
../Drivers/lvgl-master/examples/widgets/slider/../../../src/core/lv_obj_pos.h:199:20:lv_obj_center	16	static
../Drivers/lvgl-master/examples/widgets/slider/../../../src/widgets/slider/lv_slider.h:134:23:lv_slider_get_value	16	static
../Drivers/lvgl-master/examples/widgets/slider/lv_example_slider_1.c:10:6:lv_example_slider_1	24	static
../Drivers/lvgl-master/examples/widgets/slider/lv_example_slider_1.c:24:13:slider_event_cb	40	static
