c:\users\enyoukai\stm32cubeide\workspace_1.12.1\lunarwatch\drivers\lvgl-master\src\misc\lv_area.h:135:26:lv_area_get_width	16	static
../Drivers/lvgl-master/examples/widgets/slider/../../../src/core/../misc/lv_color.h:718:26:lv_color_make	16	static
../Drivers/lvgl-master/examples/widgets/slider/../../../src/core/../misc/lv_color.h:756:26:lv_color_hex3	16	static
../Drivers/lvgl-master/examples/widgets/slider/../../../src/core/../core/lv_disp.h:390:34:lv_scr_act	8	static
../Drivers/lvgl-master/examples/widgets/slider/../../../src/core/lv_obj_pos.h:199:20:lv_obj_center	16	static
../Drivers/lvgl-master/examples/widgets/slider/../../../src/widgets/slider/lv_slider.h:88:20:lv_slider_set_value	24	static
../Drivers/lvgl-master/examples/widgets/slider/../../../src/widgets/slider/lv_slider.h:99:20:lv_slider_set_left_value	24	static
../Drivers/lvgl-master/examples/widgets/slider/../../../src/widgets/slider/lv_slider.h:120:20:lv_slider_set_mode	16	static
../Drivers/lvgl-master/examples/widgets/slider/../../../src/widgets/slider/lv_slider.h:134:23:lv_slider_get_value	16	static
../Drivers/lvgl-master/examples/widgets/slider/../../../src/widgets/slider/lv_slider.h:144:23:lv_slider_get_left_value	16	static
../Drivers/lvgl-master/examples/widgets/slider/lv_example_slider_3.c:10:6:lv_example_slider_3	16	static
../Drivers/lvgl-master/examples/widgets/slider/lv_example_slider_3.c:25:13:slider_event_cb	112	static
