../Drivers/lvgl-master/examples/widgets/slider/../../../src/core/../misc/lv_color.h:718:26:lv_color_make	16	static
../Drivers/lvgl-master/examples/widgets/slider/../../../src/core/../misc/lv_color.h:756:26:lv_color_hex3	16	static
../Drivers/lvgl-master/examples/widgets/slider/../../../src/core/../misc/lv_style.h:571:20:lv_style_set_pad_all	16	static
../Drivers/lvgl-master/examples/widgets/slider/../../../src/core/../misc/lv_style.h:585:20:lv_style_set_pad_ver	16	static
../Drivers/lvgl-master/examples/widgets/slider/../../../src/core/../core/lv_disp.h:390:34:lv_scr_act	8	static
../Drivers/lvgl-master/examples/widgets/slider/../../../src/core/lv_obj_pos.h:199:20:lv_obj_center	16	static
../Drivers/lvgl-master/examples/widgets/slider/lv_example_slider_2.c:9:6:lv_example_slider_2	24	static
