../Drivers/lvgl-master/src/widgets/img/../../core/../misc/../font/../misc/lv_area.h:122:20:lv_area_copy	16	static
../Drivers/lvgl-master/src/widgets/img/../../core/../misc/../font/../misc/lv_area.h:135:26:lv_area_get_width	16	static
../Drivers/lvgl-master/src/widgets/img/../../core/../misc/../font/../misc/lv_area.h:145:26:lv_area_get_height	16	static
../Drivers/lvgl-master/src/widgets/img/../../core/lv_obj_style_gen.h:106:26:lv_obj_get_style_pad_top	24	static
../Drivers/lvgl-master/src/widgets/img/../../core/lv_obj_style_gen.h:112:26:lv_obj_get_style_pad_bottom	24	static
../Drivers/lvgl-master/src/widgets/img/../../core/lv_obj_style_gen.h:118:26:lv_obj_get_style_pad_left	24	static
../Drivers/lvgl-master/src/widgets/img/../../core/lv_obj_style_gen.h:124:26:lv_obj_get_style_pad_right	24	static
../Drivers/lvgl-master/src/widgets/img/../../core/lv_obj_style_gen.h:280:26:lv_obj_get_style_border_width	24	static
../Drivers/lvgl-master/src/widgets/img/../../core/lv_obj_style_gen.h:370:24:lv_obj_get_style_img_opa	24	static
../Drivers/lvgl-master/src/widgets/img/../../core/lv_obj_style_gen.h:490:33:lv_obj_get_style_text_font	24	static
../Drivers/lvgl-master/src/widgets/img/../../core/lv_obj_style_gen.h:496:26:lv_obj_get_style_text_letter_space	24	static
../Drivers/lvgl-master/src/widgets/img/../../core/lv_obj_style_gen.h:502:26:lv_obj_get_style_text_line_space	24	static
../Drivers/lvgl-master/src/widgets/img/lv_img.c:50:12:lv_img_create	24	static
../Drivers/lvgl-master/src/widgets/img/lv_img.c:62:6:lv_img_set_src	72	static
../Drivers/lvgl-master/src/widgets/img/lv_img.c:155:6:lv_img_set_offset_x	24	static
../Drivers/lvgl-master/src/widgets/img/lv_img.c:165:6:lv_img_set_offset_y	24	static
../Drivers/lvgl-master/src/widgets/img/lv_img.c:175:6:lv_img_set_angle	56	static
../Drivers/lvgl-master/src/widgets/img/lv_img.c:211:6:lv_img_set_pivot	56	static
../Drivers/lvgl-master/src/widgets/img/lv_img.c:245:6:lv_img_set_zoom	56	static
../Drivers/lvgl-master/src/widgets/img/lv_img.c:280:6:lv_img_set_antialias	24	static
../Drivers/lvgl-master/src/widgets/img/lv_img.c:289:6:lv_img_set_size_mode	24	static
../Drivers/lvgl-master/src/widgets/img/lv_img.c:303:14:lv_img_get_src	24	static
../Drivers/lvgl-master/src/widgets/img/lv_img.c:312:12:lv_img_get_offset_x	24	static
../Drivers/lvgl-master/src/widgets/img/lv_img.c:321:12:lv_img_get_offset_y	24	static
../Drivers/lvgl-master/src/widgets/img/lv_img.c:330:12:lv_img_get_angle	24	static
../Drivers/lvgl-master/src/widgets/img/lv_img.c:339:6:lv_img_get_pivot	24	static
../Drivers/lvgl-master/src/widgets/img/lv_img.c:348:12:lv_img_get_zoom	24	static
../Drivers/lvgl-master/src/widgets/img/lv_img.c:357:6:lv_img_get_antialias	24	static
../Drivers/lvgl-master/src/widgets/img/lv_img.c:366:20:lv_img_get_size_mode	24	static
../Drivers/lvgl-master/src/widgets/img/lv_img.c:377:13:lv_img_constructor	24	static
../Drivers/lvgl-master/src/widgets/img/lv_img.c:404:13:lv_img_destructor	24	static
../Drivers/lvgl-master/src/widgets/img/lv_img.c:415:19:lv_img_get_transformed_size	56	static
../Drivers/lvgl-master/src/widgets/img/lv_img.c:429:13:lv_img_event	88	static
../Drivers/lvgl-master/src/widgets/img/lv_img.c:511:13:draw_img	200	static
