../Drivers/lvgl-master/examples/widgets/roller/../../../src/core/../misc/../font/lv_font.h:126:26:lv_font_get_line_height	16	static
../Drivers/lvgl-master/examples/widgets/roller/../../../src/core/../misc/lv_color.h:718:26:lv_color_make	16	static
../Drivers/lvgl-master/examples/widgets/roller/../../../src/core/../misc/lv_color.h:818:26:lv_color_white	8	static
../Drivers/lvgl-master/examples/widgets/roller/../../../src/core/../misc/lv_color.h:822:26:lv_color_black	8	static
../Drivers/lvgl-master/examples/widgets/roller/../../../src/core/../misc/lv_style.h:571:20:lv_style_set_pad_all	16	static
../Drivers/lvgl-master/examples/widgets/roller/../../../src/core/../core/lv_disp.h:390:34:lv_scr_act	8	static
../Drivers/lvgl-master/examples/widgets/roller/../../../src/core/lv_obj_pos.h:199:20:lv_obj_center	16	static
../Drivers/lvgl-master/examples/widgets/roller/../../../src/core/lv_obj_style_gen.h:490:33:lv_obj_get_style_text_font	24	static
../Drivers/lvgl-master/examples/widgets/roller/../../../src/core/lv_obj_style_gen.h:502:26:lv_obj_get_style_text_line_space	24	static
../Drivers/lvgl-master/examples/widgets/roller/lv_example_roller_3.c:4:13:mask_event_cb	80	static
../Drivers/lvgl-master/examples/widgets/roller/lv_example_roller_3.c:58:6:lv_example_roller_3	16	static
