../Drivers/lvgl-master/src/widgets/led/../../core/../misc/lv_color.h:343:20:lv_color16_set_int	16	static
../Drivers/lvgl-master/src/widgets/led/../../core/../misc/lv_color.h:358:20:lv_color_set_int	16	static
../Drivers/lvgl-master/src/widgets/led/../../core/../misc/lv_color.h:368:24:lv_color16_to_int	24	static
../Drivers/lvgl-master/src/widgets/led/../../core/../misc/lv_color.h:385:24:lv_color_to_int	16	static
../Drivers/lvgl-master/src/widgets/led/../../core/../misc/lv_color.h:520:28:lv_color_to32	24	static
../Drivers/lvgl-master/src/widgets/led/../../core/../misc/lv_color.h:586:48:lv_color_mix	40	static
../Drivers/lvgl-master/src/widgets/led/../../core/../misc/lv_color.h:710:23:lv_color_brightness	24	static
../Drivers/lvgl-master/src/widgets/led/../../core/../misc/lv_color.h:718:26:lv_color_make	16	static
../Drivers/lvgl-master/src/widgets/led/../../core/../misc/lv_color.h:822:26:lv_color_black	8	static
../Drivers/lvgl-master/src/widgets/led/lv_led.c:56:12:lv_led_create	24	static
../Drivers/lvgl-master/src/widgets/led/lv_led.c:73:6:lv_led_set_color	24	static
../Drivers/lvgl-master/src/widgets/led/lv_led.c:87:6:lv_led_set_brightness	24	static
../Drivers/lvgl-master/src/widgets/led/lv_led.c:104:6:lv_led_on	16	static
../Drivers/lvgl-master/src/widgets/led/lv_led.c:113:6:lv_led_off	16	static
../Drivers/lvgl-master/src/widgets/led/lv_led.c:122:6:lv_led_toggle	24	static
../Drivers/lvgl-master/src/widgets/led/lv_led.c:140:9:lv_led_get_brightness	24	static
../Drivers/lvgl-master/src/widgets/led/lv_led.c:152:13:lv_led_constructor	32	static
../Drivers/lvgl-master/src/widgets/led/lv_led.c:160:13:lv_led_event	168	static
