../Drivers/GC9A01A_Driver/Src/LCD_1in14.c:26:13:LCD_1IN14_Reset	8	static
../Drivers/GC9A01A_Driver/Src/LCD_1in14.c:41:13:LCD_1IN14_SendCommand	16	static
../Drivers/GC9A01A_Driver/Src/LCD_1in14.c:54:13:LCD_1IN14_SendData_8Bit	16	static
../Drivers/GC9A01A_Driver/Src/LCD_1in14.c:67:13:LCD_1IN14_SendData_16Bit	16	static
../Drivers/GC9A01A_Driver/Src/LCD_1in14.c:80:13:LCD_1IN14_SetAttributes	24	static
../Drivers/GC9A01A_Driver/Src/LCD_1in14.c:105:13:LCD_1IN14_InitReg	8	static
../Drivers/GC9A01A_Driver/Src/LCD_1in14.c:188:6:LCD_1IN14_Init	16	static
../Drivers/GC9A01A_Driver/Src/LCD_1in14.c:211:6:LCD_1IN14_SetWindows	32	static
../Drivers/GC9A01A_Driver/Src/LCD_1in14.c:235:6:LCD_1IN14_Clear	24	static
../Drivers/GC9A01A_Driver/Src/LCD_1in14.c:253:6:LCD_1IN14_Display	24	static
../Drivers/GC9A01A_Driver/Src/LCD_1in14.c:266:6:LCD_1IN14_DisplayWindows	32	static
../Drivers/GC9A01A_Driver/Src/LCD_1in14.c:290:6:LCD_1IN14_DrawPaint	16	static
../Drivers/GC9A01A_Driver/Src/LCD_1in14.c:302:6:LCD_1IN14_SetBackLight	16	static
