../Drivers/GC9A01A_Driver/Src/LCD_1inch28.c:26:13:LCD_1IN28_Reset	8	static
../Drivers/GC9A01A_Driver/Src/LCD_1inch28.c:41:13:LCD_1IN28_SendCommand	16	static
../Drivers/GC9A01A_Driver/Src/LCD_1inch28.c:54:13:LCD_1IN28_SendData_8Bit	16	static
../Drivers/GC9A01A_Driver/Src/LCD_1inch28.c:67:13:LCD_1IN28_SendData_16Bit	16	static
../Drivers/GC9A01A_Driver/Src/LCD_1inch28.c:80:13:LCD_1IN28_InitReg	8	static
../Drivers/GC9A01A_Driver/Src/LCD_1inch28.c:323:13:LCD_1IN28_SetAttributes	24	static
../Drivers/GC9A01A_Driver/Src/LCD_1inch28.c:349:6:LCD_1IN28_Init	16	static
../Drivers/GC9A01A_Driver/Src/LCD_1inch28.c:370:6:LCD_1IN28_SetWindows	24	static
../Drivers/GC9A01A_Driver/Src/LCD_1inch28.c:393:6:LCD_1IN28_Clear	24	static
../Drivers/GC9A01A_Driver/Src/LCD_1inch28.c:411:6:LCD_1IN28_Display	24	static
../Drivers/GC9A01A_Driver/Src/LCD_1inch28.c:424:6:LCD_1IN28_DisplayWindows	32	static
../Drivers/GC9A01A_Driver/Src/LCD_1inch28.c:448:6:LCD_1IN28_DrawPaint	16	static
../Drivers/GC9A01A_Driver/Src/LCD_1inch28.c:460:6:LCD_1IN28_SetBackLight	16	static
