../Drivers/lvgl-master/src/themes/mono/../../../src/core/../misc/lv_color.h:718:26:lv_color_make	16	static
../Drivers/lvgl-master/src/themes/mono/../../../src/core/../misc/lv_color.h:818:26:lv_color_white	8	static
../Drivers/lvgl-master/src/themes/mono/../../../src/core/../misc/lv_color.h:822:26:lv_color_black	8	static
../Drivers/lvgl-master/src/themes/mono/../../../src/core/../misc/lv_style.h:565:20:lv_style_set_size	16	static
../Drivers/lvgl-master/src/themes/mono/../../../src/core/../misc/lv_style.h:571:20:lv_style_set_pad_all	16	static
../Drivers/lvgl-master/src/themes/mono/../../../src/core/../misc/lv_style.h:591:20:lv_style_set_pad_gap	16	static
../Drivers/lvgl-master/src/themes/mono/../../../src/core/../core/lv_disp.h:573:26:lv_disp_dpx	16	static
../Drivers/lvgl-master/src/themes/mono/lv_theme_mono.c:80:13:style_init	24	static
../Drivers/lvgl-master/src/themes/mono/lv_theme_mono.c:178:6:lv_theme_mono_is_inited	4	static
../Drivers/lvgl-master/src/themes/mono/lv_theme_mono.c:183:14:lv_theme_mono_init	24	static
../Drivers/lvgl-master/src/themes/mono/lv_theme_mono.c:211:13:theme_apply	24	static
../Drivers/lvgl-master/src/themes/mono/lv_theme_mono.c:506:13:style_init_reset	16	static
