../Drivers/lvgl-master/examples/widgets/chart/../../../src/core/../core/lv_disp.h:390:34:lv_scr_act	8	static
../Drivers/lvgl-master/examples/widgets/chart/../../../src/core/lv_obj_pos.h:199:20:lv_obj_center	16	static
../Drivers/lvgl-master/examples/widgets/chart/../../../src/core/lv_obj_style.h:271:20:lv_obj_set_style_size	24	static
../Drivers/lvgl-master/examples/widgets/chart/lv_example_chart_8.c:15:13:draw_event_cb	152	static
../Drivers/lvgl-master/examples/widgets/chart/lv_example_chart_8.c:54:16:round_fixed_point	32	static
../Drivers/lvgl-master/examples/widgets/chart/lv_example_chart_8.c:74:6:lv_example_chart_8	88	static
