../Drivers/lvgl-master/examples/widgets/chart/../../../src/core/../misc/lv_color.h:718:26:lv_color_make	16	static
../Drivers/lvgl-master/examples/widgets/chart/../../../src/core/../misc/lv_color.h:818:26:lv_color_white	8	static
../Drivers/lvgl-master/examples/widgets/chart/../../../src/core/../misc/lv_color.h:822:26:lv_color_black	8	static
../Drivers/lvgl-master/examples/widgets/chart/../../../src/core/../core/lv_disp.h:390:34:lv_scr_act	8	static
../Drivers/lvgl-master/examples/widgets/chart/../../../src/core/lv_obj_pos.h:199:20:lv_obj_center	16	static
../Drivers/lvgl-master/examples/widgets/chart/lv_example_chart_4.c:5:13:event_cb	136	static
../Drivers/lvgl-master/examples/widgets/chart/lv_example_chart_4.c:62:6:lv_example_chart_4	24	static
