../Drivers/lvgl-master/examples/anim/../../src/misc/lv_anim.h:125:20:lv_anim_set_var	16	static
../Drivers/lvgl-master/examples/anim/../../src/misc/lv_anim.h:137:20:lv_anim_set_exec_cb	16	static
../Drivers/lvgl-master/examples/anim/../../src/misc/lv_anim.h:147:20:lv_anim_set_time	16	static
../Drivers/lvgl-master/examples/anim/../../src/misc/lv_anim.h:168:20:lv_anim_set_values	24	static
../Drivers/lvgl-master/examples/anim/../../src/misc/lv_anim.h:195:20:lv_anim_set_path_cb	16	static
../Drivers/lvgl-master/examples/anim/../../src/core/../core/lv_disp.h:390:34:lv_scr_act	8	static
../Drivers/lvgl-master/examples/anim/../../src/core/lv_obj_pos.h:199:20:lv_obj_center	16	static
../Drivers/lvgl-master/examples/anim/lv_example_anim_1.c:4:13:anim_x_cb	16	static
../Drivers/lvgl-master/examples/anim/lv_example_anim_1.c:9:13:sw_event_cb	112	static
../Drivers/lvgl-master/examples/anim/lv_example_anim_1.c:40:6:lv_example_anim_1	16	static
