../Drivers/lvgl-master/examples/scroll/../../src/core/../core/lv_disp.h:390:34:lv_scr_act	8	static
../Drivers/lvgl-master/examples/scroll/../../src/core/lv_obj_pos.h:199:20:lv_obj_center	16	static
../Drivers/lvgl-master/examples/scroll/../../src/core/lv_obj_style_gen.h:124:26:lv_obj_get_style_pad_right	24	static
../Drivers/lvgl-master/examples/scroll/../../src/lv_api_map.h:60:20:lv_obj_move_foreground	24	static
../Drivers/lvgl-master/examples/scroll/lv_example_scroll_3.c:6:13:float_btn_event_cb	64	static
../Drivers/lvgl-master/examples/scroll/lv_example_scroll_3.c:27:6:lv_example_scroll_3	48	static
