../Drivers/lvgl-master/examples/scroll/../../src/core/../misc/../font/../misc/lv_area.h:145:26:lv_area_get_height	16	static
../Drivers/lvgl-master/examples/scroll/../../src/core/../misc/../font/../misc/lv_area.h:300:26:lv_pct	16	static
../Drivers/lvgl-master/examples/scroll/../../src/core/../core/lv_disp.h:390:34:lv_scr_act	8	static
../Drivers/lvgl-master/examples/scroll/../../src/core/lv_obj_pos.h:199:20:lv_obj_center	16	static
../Drivers/lvgl-master/examples/scroll/lv_example_scroll_6.c:4:13:scroll_event_cb	88	static
../Drivers/lvgl-master/examples/scroll/lv_example_scroll_6.c:51:6:lv_example_scroll_6	24	static
