../Drivers/lvgl-master/examples/widgets/bar/../../../src/misc/lv_anim.h:125:20:lv_anim_set_var	16	static
../Drivers/lvgl-master/examples/widgets/bar/../../../src/misc/lv_anim.h:137:20:lv_anim_set_exec_cb	16	static
../Drivers/lvgl-master/examples/widgets/bar/../../../src/misc/lv_anim.h:147:20:lv_anim_set_time	16	static
../Drivers/lvgl-master/examples/widgets/bar/../../../src/misc/lv_anim.h:168:20:lv_anim_set_values	24	static
../Drivers/lvgl-master/examples/widgets/bar/../../../src/misc/lv_anim.h:246:20:lv_anim_set_playback_time	16	static
../Drivers/lvgl-master/examples/widgets/bar/../../../src/misc/lv_anim.h:266:20:lv_anim_set_repeat_count	16	static
../Drivers/lvgl-master/examples/widgets/bar/../../../src/core/../misc/../font/../misc/lv_area.h:135:26:lv_area_get_width	16	static
../Drivers/lvgl-master/examples/widgets/bar/../../../src/core/../misc/../font/../misc/lv_area.h:145:26:lv_area_get_height	16	static
../Drivers/lvgl-master/examples/widgets/bar/../../../src/core/../misc/lv_color.h:718:26:lv_color_make	16	static
../Drivers/lvgl-master/examples/widgets/bar/../../../src/core/../misc/lv_color.h:818:26:lv_color_white	8	static
../Drivers/lvgl-master/examples/widgets/bar/../../../src/core/../misc/lv_color.h:822:26:lv_color_black	8	static
../Drivers/lvgl-master/examples/widgets/bar/../../../src/core/../core/lv_disp.h:390:34:lv_scr_act	8	static
../Drivers/lvgl-master/examples/widgets/bar/../../../src/core/lv_obj_pos.h:199:20:lv_obj_center	16	static
../Drivers/lvgl-master/examples/widgets/bar/lv_example_bar_6.c:4:13:set_value	16	static
../Drivers/lvgl-master/examples/widgets/bar/lv_example_bar_6.c:9:13:event_cb	104	static
../Drivers/lvgl-master/examples/widgets/bar/lv_example_bar_6.c:50:6:lv_example_bar_6	88	static
