../Drivers/lvgl-master/src/draw/../misc/../font/../misc/lv_area.h:135:26:lv_area_get_width	16	static
../Drivers/lvgl-master/src/draw/../misc/../font/lv_font.h:126:26:lv_font_get_line_height	16	static
../Drivers/lvgl-master/src/draw/../misc/lv_mem.h:96:20:lv_memzero	16	static
../Drivers/lvgl-master/src/draw/../misc/lv_color.h:718:26:lv_color_make	16	static
../Drivers/lvgl-master/src/draw/../misc/lv_color.h:822:26:lv_color_black	8	static
../Drivers/lvgl-master/src/draw/../misc/lv_bidi.h:134:20:lv_bidi_calculate_align	24	static
../Drivers/lvgl-master/src/draw/lv_draw_label.c:55:6:lv_draw_label_dsc_init	24	static
../Drivers/lvgl-master/src/draw/lv_draw_label.c:77:28:lv_draw_label	312	static
../Drivers/lvgl-master/src/draw/lv_draw_label.c:364:6:lv_draw_letter	32	static
../Drivers/lvgl-master/src/draw/lv_draw_label.c:382:16:hex_char_to_num	24	static
