../Drivers/lvgl-master/src/draw/../misc/../font/../misc/lv_area.h:135:26:lv_area_get_width	16	static
../Drivers/lvgl-master/src/draw/../misc/../font/../misc/lv_area.h:145:26:lv_area_get_height	16	static
../Drivers/lvgl-master/src/draw/../misc/lv_mem.h:96:20:lv_memzero	16	static
../Drivers/lvgl-master/src/draw/../misc/lv_color.h:718:26:lv_color_make	16	static
../Drivers/lvgl-master/src/draw/../misc/lv_color.h:818:26:lv_color_white	8	static
../Drivers/lvgl-master/src/draw/../misc/lv_color.h:822:26:lv_color_black	8	static
../Drivers/lvgl-master/src/draw/lv_draw_rect.c:37:28:lv_draw_rect_dsc_init	24	static
../Drivers/lvgl-master/src/draw/lv_draw_rect.c:62:6:lv_draw_rect	24	static
