../Drivers/lvgl-master/src/draw/../misc/lv_mem.h:96:20:lv_memzero	16	static
../Drivers/lvgl-master/src/draw/lv_img_decoder.c:48:6:_lv_img_decoder_init	16	static
../Drivers/lvgl-master/src/draw/lv_img_decoder.c:74:10:lv_img_decoder_get_info	32	static
../Drivers/lvgl-master/src/draw/lv_img_decoder.c:98:10:lv_img_decoder_open	48	static
../Drivers/lvgl-master/src/draw/lv_img_decoder.c:167:10:lv_img_decoder_read_line	48	static
../Drivers/lvgl-master/src/draw/lv_img_decoder.c:179:6:lv_img_decoder_close	16	static
../Drivers/lvgl-master/src/draw/lv_img_decoder.c:195:20:lv_img_decoder_create	16	static
../Drivers/lvgl-master/src/draw/lv_img_decoder.c:211:6:lv_img_decoder_delete	16	static
../Drivers/lvgl-master/src/draw/lv_img_decoder.c:222:6:lv_img_decoder_set_info_cb	16	static
../Drivers/lvgl-master/src/draw/lv_img_decoder.c:232:6:lv_img_decoder_set_open_cb	16	static
../Drivers/lvgl-master/src/draw/lv_img_decoder.c:242:6:lv_img_decoder_set_read_line_cb	16	static
../Drivers/lvgl-master/src/draw/lv_img_decoder.c:252:6:lv_img_decoder_set_close_cb	16	static
../Drivers/lvgl-master/src/draw/lv_img_decoder.c:264:10:lv_img_decoder_built_in_info	48	static
../Drivers/lvgl-master/src/draw/lv_img_decoder.c:312:10:lv_img_decoder_built_in_open	48	static
../Drivers/lvgl-master/src/draw/lv_img_decoder.c:392:6:lv_img_decoder_built_in_close	24	static
