../Drivers/lvgl-master/examples/widgets/img/../../../src/misc/lv_anim.h:125:20:lv_anim_set_var	16	static
../Drivers/lvgl-master/examples/widgets/img/../../../src/misc/lv_anim.h:137:20:lv_anim_set_exec_cb	16	static
../Drivers/lvgl-master/examples/widgets/img/../../../src/misc/lv_anim.h:147:20:lv_anim_set_time	16	static
../Drivers/lvgl-master/examples/widgets/img/../../../src/misc/lv_anim.h:168:20:lv_anim_set_values	24	static
../Drivers/lvgl-master/examples/widgets/img/../../../src/misc/lv_anim.h:246:20:lv_anim_set_playback_time	16	static
../Drivers/lvgl-master/examples/widgets/img/../../../src/misc/lv_anim.h:266:20:lv_anim_set_repeat_count	16	static
../Drivers/lvgl-master/examples/widgets/img/../../../src/core/../core/lv_disp.h:390:34:lv_scr_act	8	static
../Drivers/lvgl-master/examples/widgets/img/lv_example_img_3.c:4:13:set_angle	16	static
../Drivers/lvgl-master/examples/widgets/img/lv_example_img_3.c:9:13:set_zoom	16	static
../Drivers/lvgl-master/examples/widgets/img/lv_example_img_3.c:18:6:lv_example_img_3	88	static
