../Drivers/lvgl-master/examples/widgets/label/../../../src/core/../misc/lv_color.h:343:20:lv_color16_set_int	16	static
../Drivers/lvgl-master/examples/widgets/label/../../../src/core/../misc/lv_color.h:358:20:lv_color_set_int	16	static
../Drivers/lvgl-master/examples/widgets/label/../../../src/core/../misc/lv_color.h:520:28:lv_color_to32	24	static
../Drivers/lvgl-master/examples/widgets/label/../../../src/core/../misc/lv_color.h:710:23:lv_color_brightness	24	static
../Drivers/lvgl-master/examples/widgets/label/../../../src/core/../misc/lv_color.h:718:26:lv_color_make	16	static
../Drivers/lvgl-master/examples/widgets/label/../../../src/core/../misc/lv_color.h:723:26:lv_color_hex	24	static
../Drivers/lvgl-master/examples/widgets/label/../../../src/core/../misc/lv_color.h:818:26:lv_color_white	8	static
../Drivers/lvgl-master/examples/widgets/label/../../../src/core/../misc/lv_color.h:822:26:lv_color_black	8	static
../Drivers/lvgl-master/examples/widgets/label/../../../src/core/../core/lv_disp.h:390:34:lv_scr_act	8	static
../Drivers/lvgl-master/examples/widgets/label/../../../src/core/lv_obj_pos.h:199:20:lv_obj_center	16	static
../Drivers/lvgl-master/examples/widgets/label/lv_example_label_4.c:7:13:add_mask_event_cb	32	static
../Drivers/lvgl-master/examples/widgets/label/lv_example_label_4.c:32:6:lv_example_label_4	80	static
