../Drivers/lvgl-master/examples/widgets/canvas/../../../src/core/../misc/lv_color.h:718:26:lv_color_make	16	static
../Drivers/lvgl-master/examples/widgets/canvas/../../../src/core/../misc/lv_color.h:818:26:lv_color_white	8	static
../Drivers/lvgl-master/examples/widgets/canvas/../../../src/core/../core/lv_disp.h:390:34:lv_scr_act	8	static
../Drivers/lvgl-master/examples/widgets/canvas/../../../src/core/lv_obj_pos.h:199:20:lv_obj_center	16	static
../Drivers/lvgl-master/examples/widgets/canvas/lv_example_canvas_1.c:8:6:lv_example_canvas_1	144	static
