../Drivers/lvgl-master/src/misc/lv_color.h:343:20:lv_color16_set_int	16	static
../Drivers/lvgl-master/src/misc/lv_color.h:358:20:lv_color_set_int	16	static
../Drivers/lvgl-master/src/misc/lv_color.h:368:24:lv_color16_to_int	24	static
../Drivers/lvgl-master/src/misc/lv_color.h:385:24:lv_color_to_int	16	static
../Drivers/lvgl-master/src/misc/lv_color.h:395:28:lv_color16_from_buf	24	static
../Drivers/lvgl-master/src/misc/lv_color.h:417:26:lv_color_from_buf	16	static
../Drivers/lvgl-master/src/misc/lv_color.h:447:28:lv_color_to16	16	static
../Drivers/lvgl-master/src/misc/lv_color.h:466:28:lv_color_to24	24	static
../Drivers/lvgl-master/src/misc/lv_color.h:520:28:lv_color_to32	24	static
../Drivers/lvgl-master/src/misc/lv_color.h:586:48:lv_color_mix	40	static
../Drivers/lvgl-master/src/misc/lv_color.h:710:23:lv_color_brightness	24	static
../Drivers/lvgl-master/src/misc/lv_color.h:718:26:lv_color_make	16	static
../Drivers/lvgl-master/src/misc/lv_color.h:723:26:lv_color_hex	24	static
../Drivers/lvgl-master/src/misc/lv_color.h:818:26:lv_color_white	8	static
../Drivers/lvgl-master/src/misc/lv_color.h:822:26:lv_color_black	8	static
../Drivers/lvgl-master/src/misc/lv_color.c:37:28:lv_color_fill	40	static
../Drivers/lvgl-master/src/misc/lv_color.c:128:9:lv_color_format_get_size	16	static
../Drivers/lvgl-master/src/misc/lv_color.c:159:6:lv_color_format_has_alpha	16	static
../Drivers/lvgl-master/src/misc/lv_color.c:200:6:lv_color_to_native	48	static
../Drivers/lvgl-master/src/misc/lv_color.c:305:6:lv_color_from_native	56	static
../Drivers/lvgl-master/src/misc/lv_color.c:401:6:lv_color_from_native_alpha	96	static
../Drivers/lvgl-master/src/misc/lv_color.c:531:12:lv_color_lighten	16	static
../Drivers/lvgl-master/src/misc/lv_color.c:536:12:lv_color_darken	16	static
../Drivers/lvgl-master/src/misc/lv_color.c:541:12:lv_color_change_lightness	16	static
../Drivers/lvgl-master/src/misc/lv_color.c:556:12:lv_color_hsv_to_rgb	32	static
../Drivers/lvgl-master/src/misc/lv_color.c:621:16:lv_color_rgb_to_hsv	48	static
../Drivers/lvgl-master/src/misc/lv_color.c:672:16:lv_color_to_hsv	24	static
../Drivers/lvgl-master/src/misc/lv_color.c:680:12:lv_palette_main	16	static
../Drivers/lvgl-master/src/misc/lv_color.c:699:12:lv_palette_lighten	16	static
../Drivers/lvgl-master/src/misc/lv_color.c:738:12:lv_palette_darken	16	static
