../Drivers/lvgl-master/src/misc/lv_event.c:49:6:_lv_event_push	16	static
../Drivers/lvgl-master/src/misc/lv_event.c:59:6:_lv_event_pop	16	static
../Drivers/lvgl-master/src/misc/lv_event.c:64:10:lv_event_send	32	static
../Drivers/lvgl-master/src/misc/lv_event.c:87:6:lv_event_add	24	static
../Drivers/lvgl-master/src/misc/lv_event.c:101:10:lv_event_get_count	16	static
../Drivers/lvgl-master/src/misc/lv_event.c:108:18:lv_event_get_dsc	16	static
../Drivers/lvgl-master/src/misc/lv_event.c:115:15:lv_event_dsc_get_cb	16	static
../Drivers/lvgl-master/src/misc/lv_event.c:121:8:lv_event_dsc_get_user_data	16	static
../Drivers/lvgl-master/src/misc/lv_event.c:128:6:lv_event_remove	24	static
../Drivers/lvgl-master/src/misc/lv_event.c:144:8:lv_event_get_current_target	16	static
../Drivers/lvgl-master/src/misc/lv_event.c:149:8:lv_event_get_target	16	static
../Drivers/lvgl-master/src/misc/lv_event.c:154:17:lv_event_get_code	16	static
../Drivers/lvgl-master/src/misc/lv_event.c:159:8:lv_event_get_param	16	static
../Drivers/lvgl-master/src/misc/lv_event.c:164:8:lv_event_get_user_data	16	static
../Drivers/lvgl-master/src/misc/lv_event.c:169:6:lv_event_stop_bubbling	16	static
../Drivers/lvgl-master/src/misc/lv_event.c:174:6:lv_event_stop_processing	16	static
../Drivers/lvgl-master/src/misc/lv_event.c:179:10:lv_event_register_id	4	static
../Drivers/lvgl-master/src/misc/lv_event.c:186:6:_lv_event_mark_deleted	24	static
