../Drivers/lvgl-master/src/misc/../misc/lv_mem.h:96:20:lv_memzero	16	static
../Drivers/lvgl-master/src/misc/lv_fs.c:41:6:_lv_fs_init	8	static
../Drivers/lvgl-master/src/misc/lv_fs.c:46:6:lv_fs_is_ready	24	static
../Drivers/lvgl-master/src/misc/lv_fs.c:57:13:lv_fs_open	40	static
../Drivers/lvgl-master/src/misc/lv_fs.c:105:13:lv_fs_close	24	static
../Drivers/lvgl-master/src/misc/lv_fs.c:132:20:lv_fs_read_cached	80	static
../Drivers/lvgl-master/src/misc/lv_fs.c:213:13:lv_fs_read	48	static
../Drivers/lvgl-master/src/misc/lv_fs.c:234:13:lv_fs_write	48	static
../Drivers/lvgl-master/src/misc/lv_fs.c:253:13:lv_fs_seek	40	static
../Drivers/lvgl-master/src/misc/lv_fs.c:308:13:lv_fs_tell	24	static
../Drivers/lvgl-master/src/misc/lv_fs.c:332:13:lv_fs_dir_open	32	static
../Drivers/lvgl-master/src/misc/lv_fs.c:366:13:lv_fs_dir_read	24	static
../Drivers/lvgl-master/src/misc/lv_fs.c:383:13:lv_fs_dir_close	24	static
../Drivers/lvgl-master/src/misc/lv_fs.c:401:6:lv_fs_drv_init	16	static
../Drivers/lvgl-master/src/misc/lv_fs.c:406:6:lv_fs_drv_register	24	static
../Drivers/lvgl-master/src/misc/lv_fs.c:417:15:lv_fs_get_drv	24	static
../Drivers/lvgl-master/src/misc/lv_fs.c:430:8:lv_fs_get_letters	24	static
../Drivers/lvgl-master/src/misc/lv_fs.c:445:14:lv_fs_get_ext	24	static
../Drivers/lvgl-master/src/misc/lv_fs.c:460:8:lv_fs_up	24	static
../Drivers/lvgl-master/src/misc/lv_fs.c:486:14:lv_fs_get_last	24	static
../Drivers/lvgl-master/src/misc/lv_fs.c:520:21:lv_fs_get_real_path	16	static
