../Drivers/lvgl-master/src/misc/../font/lv_font.h:126:26:lv_font_get_line_height	16	static
../Drivers/lvgl-master/src/misc/lv_txt.h:187:20:_lv_txt_is_break_char	24	static
../Drivers/lvgl-master/src/misc/lv_txt.h:209:20:_lv_txt_is_a_word	16	static
../Drivers/lvgl-master/src/misc/lv_txt.c:91:6:lv_txt_get_size	48	static
../Drivers/lvgl-master/src/misc/lv_txt.c:171:17:lv_txt_get_next_word	64	static
../Drivers/lvgl-master/src/misc/lv_txt.c:285:10:_lv_txt_get_next_line	72	static
../Drivers/lvgl-master/src/misc/lv_txt.c:349:12:lv_txt_get_width	48	static
../Drivers/lvgl-master/src/misc/lv_txt.c:388:6:_lv_txt_is_cmd	24	static
../Drivers/lvgl-master/src/misc/lv_txt.c:419:6:_lv_txt_ins	40	static
../Drivers/lvgl-master/src/misc/lv_txt.c:440:6:_lv_txt_cut	32	static
../Drivers/lvgl-master/src/misc/lv_txt.c:456:8:_lv_txt_set_text_vfmt	32	static
../Drivers/lvgl-master/src/misc/lv_txt.c:498:6:_lv_txt_encoded_letter_next_2	24	static
../Drivers/lvgl-master/src/misc/lv_txt.c:514:16:lv_txt_utf8_size	16	static
../Drivers/lvgl-master/src/misc/lv_txt.c:532:17:lv_txt_unicode_to_utf8	24	static
../Drivers/lvgl-master/src/misc/lv_txt.c:568:17:lv_txt_utf8_conv_wc	32	static
../Drivers/lvgl-master/src/misc/lv_txt.c:596:17:lv_txt_utf8_next	24	static
../Drivers/lvgl-master/src/misc/lv_txt.c:671:17:lv_txt_utf8_prev	32	static
../Drivers/lvgl-master/src/misc/lv_txt.c:704:17:lv_txt_utf8_get_byte_id	32	static
../Drivers/lvgl-master/src/misc/lv_txt.c:724:17:lv_txt_utf8_get_char_id	24	static
../Drivers/lvgl-master/src/misc/lv_txt.c:743:17:lv_txt_utf8_get_length	24	static
