../Drivers/lvgl-master/src/misc/lv_timer.c:59:6:_lv_timer_core_init	8	static
../Drivers/lvgl-master/src/misc/lv_timer.c:71:37:lv_timer_handler	32	static
../Drivers/lvgl-master/src/misc/lv_timer.c:155:33:lv_timer_periodic_handler	8	static
../Drivers/lvgl-master/src/misc/lv_timer.c:171:14:lv_timer_create_basic	8	static
../Drivers/lvgl-master/src/misc/lv_timer.c:185:14:lv_timer_create	32	static
../Drivers/lvgl-master/src/misc/lv_timer.c:212:6:lv_timer_set_cb	16	static
../Drivers/lvgl-master/src/misc/lv_timer.c:221:6:lv_timer_del	16	static
../Drivers/lvgl-master/src/misc/lv_timer.c:233:6:lv_timer_pause	16	static
../Drivers/lvgl-master/src/misc/lv_timer.c:238:6:lv_timer_resume	16	static
../Drivers/lvgl-master/src/misc/lv_timer.c:249:6:lv_timer_set_period	16	static
../Drivers/lvgl-master/src/misc/lv_timer.c:258:6:lv_timer_ready	16	static
../Drivers/lvgl-master/src/misc/lv_timer.c:268:6:lv_timer_set_repeat_count	16	static
../Drivers/lvgl-master/src/misc/lv_timer.c:278:6:lv_timer_reset	16	static
../Drivers/lvgl-master/src/misc/lv_timer.c:288:6:lv_timer_enable	16	static
../Drivers/lvgl-master/src/misc/lv_timer.c:298:9:lv_timer_get_idle	4	static
../Drivers/lvgl-master/src/misc/lv_timer.c:307:10:lv_timer_get_time_until_next	4	static
../Drivers/lvgl-master/src/misc/lv_timer.c:317:14:lv_timer_get_next	16	static
../Drivers/lvgl-master/src/misc/lv_timer.c:332:13:lv_timer_exec	24	static
../Drivers/lvgl-master/src/misc/lv_timer.c:374:17:lv_timer_time_remaining	24	static
../Drivers/lvgl-master/src/misc/lv_timer.c:386:13:lv_timer_handler_resume	4	static
